Component: ARM Compiler 6.16 Tool: armlink [5dfeaa00]

==============================================================================

Section Cross References

    startup_stm32h743xx.o(RESET) refers to startup_stm32h743xx.o(STACK) for __initial_sp
    startup_stm32h743xx.o(RESET) refers to startup_stm32h743xx.o(.text) for Reset_Handler
    startup_stm32h743xx.o(RESET) refers to stm32h7xx_it.o(.text.NMI_Handler) for NMI_Handler
    startup_stm32h743xx.o(RESET) refers to stm32h7xx_it.o(.text.HardFault_Handler) for HardFault_Handler
    startup_stm32h743xx.o(RESET) refers to stm32h7xx_it.o(.text.MemManage_Handler) for MemManage_Handler
    startup_stm32h743xx.o(RESET) refers to stm32h7xx_it.o(.text.BusFault_Handler) for BusFault_Handler
    startup_stm32h743xx.o(RESET) refers to stm32h7xx_it.o(.text.UsageFault_Handler) for UsageFault_Handler
    startup_stm32h743xx.o(RESET) refers to stm32h7xx_it.o(.text.SVC_Handler) for SVC_Handler
    startup_stm32h743xx.o(RESET) refers to stm32h7xx_it.o(.text.DebugMon_Handler) for DebugMon_Handler
    startup_stm32h743xx.o(RESET) refers to stm32h7xx_it.o(.text.PendSV_Handler) for PendSV_Handler
    startup_stm32h743xx.o(RESET) refers to stm32h7xx_it.o(.text.SysTick_Handler) for SysTick_Handler
    startup_stm32h743xx.o(.text) refers to system_stm32h7xx.o(.text.SystemInit) for SystemInit
    startup_stm32h743xx.o(.text) refers to entry.o(.ARM.Collect$$$$00000000) for __main
    main.o(.text.fputc) refers to main.o(.text.ITM_SendChar) for ITM_SendChar
    main.o(.ARM.exidx.text.fputc) refers to main.o(.text.fputc) for [Anonymous Symbol]
    main.o(.ARM.exidx.text.ITM_SendChar) refers to main.o(.text.ITM_SendChar) for [Anonymous Symbol]
    main.o(.text.main) refers to stm32h7xx_hal.o(.text.HAL_Init) for HAL_Init
    main.o(.text.main) refers to main.o(.text.SystemClock_Config) for SystemClock_Config
    main.o(.text.main) refers to main.o(.text.MX_GPIO_Init) for MX_GPIO_Init
    main.o(.text.main) refers to main.o(.text.__NVIC_DisableIRQ) for __NVIC_DisableIRQ
    main.o(.text.main) refers to stm32h7xx_hal_gpio.o(.text.HAL_GPIO_WritePin) for HAL_GPIO_WritePin
    main.o(.text.main) refers to stm32h7xx_hal.o(.text.HAL_GetTick) for HAL_GetTick
    main.o(.text.main) refers to dhry_1.o(.text.initialise_benchmark) for initialise_benchmark
    main.o(.text.main) refers to dhry_1.o(.text.dhrystone_benchmark) for dhrystone_benchmark
    main.o(.text.main) refers to whetstone.o(.text.whetstone_benchmark) for whetstone_benchmark
    main.o(.text.main) refers to core_main.o(.text.core_main) for core_main
    main.o(.text.main) refers to stm32h7xx_hal_rcc.o(.text.HAL_RCC_GetHCLKFreq) for HAL_RCC_GetHCLKFreq
    main.o(.text.main) refers to main.o(.rodata.str1.1) for .L.str
    main.o(.text.main) refers to printfa.o(i.__0printf) for printf
    main.o(.text.main) refers to system_stm32h7xx.o(.text.SystemCoreClockUpdate) for SystemCoreClockUpdate
    main.o(.text.main) refers to system_stm32h7xx.o(.data.SystemCoreClock) for SystemCoreClock
    main.o(.text.main) refers to main.o(.bss.CoreMark) for CoreMark
    main.o(.ARM.exidx.text.main) refers to main.o(.text.main) for [Anonymous Symbol]
    main.o(.text.SystemClock_Config) refers to memseta.o(.text) for __aeabi_memclr4
    main.o(.text.SystemClock_Config) refers to stm32h7xx_hal_pwr_ex.o(.text.HAL_PWREx_ConfigSupply) for HAL_PWREx_ConfigSupply
    main.o(.text.SystemClock_Config) refers to stm32h7xx_hal_rcc.o(.text.HAL_RCC_OscConfig) for HAL_RCC_OscConfig
    main.o(.text.SystemClock_Config) refers to main.o(.text.Error_Handler) for Error_Handler
    main.o(.text.SystemClock_Config) refers to stm32h7xx_hal_rcc.o(.text.HAL_RCC_ClockConfig) for HAL_RCC_ClockConfig
    main.o(.ARM.exidx.text.SystemClock_Config) refers to main.o(.text.SystemClock_Config) for [Anonymous Symbol]
    main.o(.text.MX_GPIO_Init) refers to stm32h7xx_hal_gpio.o(.text.HAL_GPIO_WritePin) for HAL_GPIO_WritePin
    main.o(.text.MX_GPIO_Init) refers to stm32h7xx_hal_gpio.o(.text.HAL_GPIO_Init) for HAL_GPIO_Init
    main.o(.ARM.exidx.text.MX_GPIO_Init) refers to main.o(.text.MX_GPIO_Init) for [Anonymous Symbol]
    main.o(.ARM.exidx.text.__NVIC_DisableIRQ) refers to main.o(.text.__NVIC_DisableIRQ) for [Anonymous Symbol]
    main.o(.ARM.exidx.text.Error_Handler) refers to main.o(.text.Error_Handler) for [Anonymous Symbol]
    stm32h7xx_it.o(.ARM.exidx.text.NMI_Handler) refers to stm32h7xx_it.o(.text.NMI_Handler) for [Anonymous Symbol]
    stm32h7xx_it.o(.ARM.exidx.text.HardFault_Handler) refers to stm32h7xx_it.o(.text.HardFault_Handler) for [Anonymous Symbol]
    stm32h7xx_it.o(.ARM.exidx.text.MemManage_Handler) refers to stm32h7xx_it.o(.text.MemManage_Handler) for [Anonymous Symbol]
    stm32h7xx_it.o(.ARM.exidx.text.BusFault_Handler) refers to stm32h7xx_it.o(.text.BusFault_Handler) for [Anonymous Symbol]
    stm32h7xx_it.o(.ARM.exidx.text.UsageFault_Handler) refers to stm32h7xx_it.o(.text.UsageFault_Handler) for [Anonymous Symbol]
[...]
    system_stm32h7xx.c                       0x00000000   Number         0  system_stm32h7xx.o ABSOLUTE
    whetstone.c                              0x00000000   Number         0  whetstone.o ABSOLUTE
    RESET                                    0x08000000   Section      664  startup_stm32h743xx.o(RESET)
    .ARM.Collect$$$$00000000                 0x08000298   Section        0  entry.o(.ARM.Collect$$$$00000000)
    .ARM.Collect$$$$00000001                 0x08000298   Section        4  entry2.o(.ARM.Collect$$$$00000001)
    .ARM.Collect$$$$00000004                 0x0800029c   Section        4  entry5.o(.ARM.Collect$$$$00000004)
    .ARM.Collect$$$$00000008                 0x080002a0   Section        0  entry7b.o(.ARM.Collect$$$$00000008)
    .ARM.Collect$$$$0000000A                 0x080002a0   Section        0  entry8b.o(.ARM.Collect$$$$0000000A)
    .ARM.Collect$$$$0000000B                 0x080002a0   Section        8  entry9a.o(.ARM.Collect$$$$0000000B)
    __lit__00000000                          0x080002a8   Data           4  entry2.o(.ARM.Collect$$$$00002712)
    .ARM.Collect$$$$0000000D                 0x080002a8   Section        0  entry10a.o(.ARM.Collect$$$$0000000D)
    .ARM.Collect$$$$0000000F                 0x080002a8   Section        0  entry11a.o(.ARM.Collect$$$$0000000F)
    .ARM.Collect$$$$00002712                 0x080002a8   Section        4  entry2.o(.ARM.Collect$$$$00002712)
    $v0                                      0x080002ac   Number         0  startup_stm32h743xx.o(.text)
    .text                                    0x080002ac   Section       36  startup_stm32h743xx.o(.text)
    .text                                    0x080002d0   Section        0  memseta.o(.text)
    .text                                    0x080002f4   Section        0  strcmp.o(.text)
    .text                                    0x08000310   Section        0  strcpy.o(.text)
    .text                                    0x08000322   Section        0  uidiv.o(.text)
    .text                                    0x0800034e   Section        0  uldiv.o(.text)
    .text                                    0x080003b0   Section        0  iusefp.o(.text)
    .text                                    0x080003b0   Section        0  dadd.o(.text)
    .text                                    0x080004fe   Section        0  dmul.o(.text)
    .text                                    0x080005e2   Section        0  ddiv.o(.text)
    .text                                    0x080006c0   Section        0  dfixul.o(.text)
    .text                                    0x080006f0   Section       48  cdrcmple.o(.text)
    .text                                    0x08000720   Section       36  init.o(.text)
    .text                                    0x08000744   Section        0  llshl.o(.text)
    .text                                    0x08000762   Section        0  llushr.o(.text)
    .text                                    0x08000782   Section        0  llsshr.o(.text)
    .text                                    0x080007a6   Section        0  depilogue.o(.text)
    [Anonymous Symbol]                       0x08000860   Section        0  stm32h7xx_it.o(.text.BusFault_Handler)
    [Anonymous Symbol]                       0x08000868   Section        0  stm32h7xx_it.o(.text.DebugMon_Handler)
    [Anonymous Symbol]                       0x08000870   Section        0  main.o(.text.Error_Handler)
    [Anonymous Symbol]                       0x08000880   Section        0  dhry_2.o(.text.Func_1)
    [Anonymous Symbol]                       0x080008d0   Section        0  dhry_2.o(.text.Func_2)
    [Anonymous Symbol]                       0x08000968   Section        0  dhry_2.o(.text.Func_3)
    [Anonymous Symbol]                       0x08000998   Section        0  stm32h7xx_hal_gpio.o(.text.HAL_GPIO_Init)
    [Anonymous Symbol]                       0x08000d60   Section        0  stm32h7xx_hal_gpio.o(.text.HAL_GPIO_WritePin)
    [Anonymous Symbol]                       0x08000d90   Section        0  stm32h7xx_hal.o(.text.HAL_GetREVID)
    [Anonymous Symbol]                       0x08000da0   Section        0  stm32h7xx_hal.o(.text.HAL_GetTick)
    [Anonymous Symbol]                       0x08000db0   Section        0  stm32h7xx_hal.o(.text.HAL_IncTick)
    [Anonymous Symbol]                       0x08000dd0   Section        0  stm32h7xx_hal.o(.text.HAL_Init)
    [Anonymous Symbol]                       0x08000e50   Section        0  stm32h7xx_hal.o(.text.HAL_InitTick)
    [Anonymous Symbol]                       0x08000ed8   Section        0  stm32h7xx_hal_msp.o(.text.HAL_MspInit)
    [Anonymous Symbol]                       0x08000f00   Section        0  stm32h7xx_hal_cortex.o(.text.HAL_NVIC_SetPriority)
    [Anonymous Symbol]                       0x08000f30   Section        0  stm32h7xx_hal_cortex.o(.text.HAL_NVIC_SetPriorityGrouping)
    [Anonymous Symbol]                       0x08000f40   Section        0  stm32h7xx_hal_pwr_ex.o(.text.HAL_PWREx_ConfigSupply)
    [Anonymous Symbol]                       0x08000fe8   Section        0  stm32h7xx_hal_rcc.o(.text.HAL_RCC_ClockConfig)
    [Anonymous Symbol]                       0x08001480   Section        0  stm32h7xx_hal_rcc.o(.text.HAL_RCC_GetHCLKFreq)
    [Anonymous Symbol]                       0x080014d8   Section        0  stm32h7xx_hal_rcc.o(.text.HAL_RCC_GetSysClockFreq)
    [Anonymous Symbol]                       0x080017e8   Section        0  stm32h7xx_hal_rcc.o(.text.HAL_RCC_OscConfig)
    [Anonymous Symbol]                       0x08002280   Section        0  stm32h7xx_hal_cortex.o(.text.HAL_SYSTICK_Config)
    [Anonymous Symbol]                       0x08002290   Section        0  stm32h7xx_it.o(.text.HardFault_Handler)
    ITM_SendChar                             0x08002299   Thumb Code    68  main.o(.text.ITM_SendChar)
    [Anonymous Symbol]                       0x08002298   Section        0  main.o(.text.ITM_SendChar)
    MX_GPIO_Init                             0x080022e1   Thumb Code   632  main.o(.text.MX_GPIO_Init)
    [Anonymous Symbol]                       0x080022e0   Section        0  main.o(.text.MX_GPIO_Init)
    [Anonymous Symbol]                       0x08002558   Section        0  stm32h7xx_it.o(.text.MemManage_Handler)
    [Anonymous Symbol]                       0x08002560   Section        0  stm32h7xx_it.o(.text.NMI_Handler)
    NVIC_EncodePriority                      0x08002569   Thumb Code   108  stm32h7xx_hal_cortex.o(.text.NVIC_EncodePriority)
    [Anonymous Symbol]                       0x08002568   Section        0  stm32h7xx_hal_cortex.o(.text.NVIC_EncodePriority)
    [Anonymous Symbol]                       0x080025d8   Section        0  whetstone.o(.text.P0)
    [Anonymous Symbol]                       0x08002638   Section        0  whetstone.o(.text.P3)
    [Anonymous Symbol]                       0x080026b8   Section        0  whetstone.o(.text.PA)
    [Anonymous Symbol]                       0x080027a0   Section        0  stm32h7xx_it.o(.text.PendSV_Handler)
    [Anonymous Symbol]                       0x080027a8   Section        0  dhry_1.o(.text.Proc_2)
    [Anonymous Symbol]                       0x080027f8   Section        0  dhry_1.o(.text.Proc_4)
    [Anonymous Symbol]                       0x08002830   Section        0  dhry_1.o(.text.Proc_5)
    [Anonymous Symbol]                       0x08002850   Section        0  dhry_2.o(.text.Proc_6)
    [Anonymous Symbol]                       0x080028d0   Section        0  dhry_2.o(.text.Proc_7)
    [Anonymous Symbol]                       0x080028f0   Section        0  dhry_2.o(.text.Proc_8)
    [Anonymous Symbol]                       0x08002998   Section        0  stm32h7xx_it.o(.text.SVC_Handler)
    SysTick_Config                           0x080029a1   Thumb Code    82  stm32h7xx_hal_cortex.o(.text.SysTick_Config)
    [Anonymous Symbol]                       0x080029a0   Section        0  stm32h7xx_hal_cortex.o(.text.SysTick_Config)
    [Anonymous Symbol]                       0x080029f8   Section        0  stm32h7xx_it.o(.text.SysTick_Handler)
    [Anonymous Symbol]                       0x08002a00   Section        0  main.o(.text.SystemClock_Config)
    [Anonymous Symbol]                       0x08002ae8   Section        0  system_stm32h7xx.o(.text.SystemCoreClockUpdate)
    [Anonymous Symbol]                       0x08002de0   Section        0  system_stm32h7xx.o(.text.SystemInit)
    [Anonymous Symbol]                       0x08002f50   Section        0  stm32h7xx_it.o(.text.UsageFault_Handler)
    __NVIC_DisableIRQ                        0x08002f59   Thumb Code    56  main.o(.text.__NVIC_DisableIRQ)
    [Anonymous Symbol]                       0x08002f58   Section        0  main.o(.text.__NVIC_DisableIRQ)
    __NVIC_GetPriorityGrouping               0x08002f91   Thumb Code    16  stm32h7xx_hal_cortex.o(.text.__NVIC_GetPriorityGrouping)
    [Anonymous Symbol]                       0x08002f90   Section        0  stm32h7xx_hal_cortex.o(.text.__NVIC_GetPriorityGrouping)
    __NVIC_SetPriority                       0x08002fa1   Thumb Code    66  stm32h7xx_hal_cortex.o(.text.__NVIC_SetPriority)
    [Anonymous Symbol]                       0x08002fa0   Section        0  stm32h7xx_hal_cortex.o(.text.__NVIC_SetPriority)
    __NVIC_SetPriorityGrouping               0x08002fe9   Thumb Code    60  stm32h7xx_hal_cortex.o(.text.__NVIC_SetPriorityGrouping)
    [Anonymous Symbol]                       0x08002fe8   Section        0  stm32h7xx_hal_cortex.o(.text.__NVIC_SetPriorityGrouping)
    [Anonymous Symbol]                       0x08003028   Section        0  core_portme.o(.text.barebones_clock)
    [Anonymous Symbol]                       0x08003030   Section        0  core_list_join.o(.text.calc_func)
    [Anonymous Symbol]                       0x08003168   Section        0  core_util.o(.text.check_data_types)
    [Anonymous Symbol]                       0x08003198   Section        0  core_list_join.o(.text.cmp_complex)
    [Anonymous Symbol]                       0x080031c8   Section        0  core_list_join.o(.text.cmp_idx)
    [Anonymous Symbol]                       0x08003208   Section        0  core_list_join.o(.text.copy_info)
    [Anonymous Symbol]                       0x08003228   Section        0  core_list_join.o(.text.core_bench_list)
    [Anonymous Symbol]                       0x080033f0   Section        0  core_matrix.o(.text.core_bench_matrix)
    [Anonymous Symbol]                       0x08003448   Section        0  core_state.o(.text.core_bench_state)
    [Anonymous Symbol]                       0x080035a8   Section        0  core_matrix.o(.text.core_init_matrix)
    [Anonymous Symbol]                       0x080036d0   Section        0  core_state.o(.text.core_init_state)
    [Anonymous Symbol]                       0x08003808   Section        0  core_list_join.o(.text.core_list_find)
    [Anonymous Symbol]                       0x08003898   Section        0  core_list_join.o(.text.core_list_init)
    [Anonymous Symbol]                       0x08003a08   Section        0  core_list_join.o(.text.core_list_insert_new)
    [Anonymous Symbol]                       0x08003a88   Section        0  core_list_join.o(.text.core_list_mergesort)
    [Anonymous Symbol]                       0x08003bd8   Section        0  core_list_join.o(.text.core_list_remove)
    [Anonymous Symbol]                       0x08003c10   Section        0  core_list_join.o(.text.core_list_reverse)
    [Anonymous Symbol]                       0x08003c40   Section        0  core_list_join.o(.text.core_list_undo_remove)
    [Anonymous Symbol]                       0x08003c70   Section        0  core_main.o(.text.core_main)
    [Anonymous Symbol]                       0x08004310   Section        0  core_state.o(.text.core_state_transition)
    [Anonymous Symbol]                       0x08004548   Section        0  core_util.o(.text.crc16)
    [Anonymous Symbol]                       0x08004568   Section        0  core_util.o(.text.crcu16)
    [Anonymous Symbol]                       0x080045a0   Section        0  core_util.o(.text.crcu32)
    [Anonymous Symbol]                       0x080045d8   Section        0  core_util.o(.text.crcu8)
    [Anonymous Symbol]                       0x08004688   Section        0  dhry_1.o(.text.dhrystone_benchmark)
    ee_isdigit                               0x080047e1   Thumb Code    40  core_state.o(.text.ee_isdigit)
    [Anonymous Symbol]                       0x080047e0   Section        0  core_state.o(.text.ee_isdigit)
    [Anonymous Symbol]                       0x08004808   Section        0  main.o(.text.fputc)
    [Anonymous Symbol]                       0x08004820   Section        0  core_util.o(.text.get_seed_32)
    [Anonymous Symbol]                       0x08004890   Section        0  core_portme.o(.text.get_time)
    [Anonymous Symbol]                       0x080048b0   Section        0  dhry_1.o(.text.initialise_benchmark)
    [Anonymous Symbol]                       0x08004930   Section        0  core_main.o(.text.iterate)
    [Anonymous Symbol]                       0x080049b8   Section        0  main.o(.text.main)
    [Anonymous Symbol]                       0x08004ec8   Section        0  core_matrix.o(.text.matrix_add_const)
    [Anonymous Symbol]                       0x08004f28   Section        0  core_matrix.o(.text.matrix_mul_const)
    [Anonymous Symbol]                       0x08004f88   Section        0  core_matrix.o(.text.matrix_mul_matrix)
    [Anonymous Symbol]                       0x08005028   Section        0  core_matrix.o(.text.matrix_mul_matrix_bitextract)
    [Anonymous Symbol]                       0x080050e0   Section        0  core_matrix.o(.text.matrix_mul_vect)
    [Anonymous Symbol]                       0x08005150   Section        0  core_matrix.o(.text.matrix_sum)
    [Anonymous Symbol]                       0x080051f0   Section        0  core_matrix.o(.text.matrix_test)
    [Anonymous Symbol]                       0x080052d0   Section        0  core_portme.o(.text.portable_fini)
    [Anonymous Symbol]                       0x080052e0   Section        0  core_portme.o(.text.portable_init)
    [Anonymous Symbol]                       0x080052f8   Section        0  core_portme.o(.text.start_time)
    [Anonymous Symbol]                       0x08005310   Section        0  core_portme.o(.text.stop_time)
    [Anonymous Symbol]                       0x08005328   Section        0  core_portme.o(.text.time_in_secs)
    [Anonymous Symbol]                       0x08005350   Section        0  whetstone.o(.text.whetstone_benchmark)
    i.__0printf                              0x08005a4c   Section        0  printfa.o(i.__0printf)
    i.__ARM_fpclassify                       0x08005a6c   Section        0  fpclassify.o(i.__ARM_fpclassify)
    i.__hardfp_atan                          0x08005aa0   Section        0  atan.o(i.__hardfp_atan)
    i.__hardfp_cos                           0x08005c78   Section        0  cos.o(i.__hardfp_cos)
    i.__hardfp_exp                           0x08005d28   Section        0  exp.o(i.__hardfp_exp)
    i.__hardfp_log                           0x08005f80   Section        0  log.o(i.__hardfp_log)
    i.__hardfp_sin                           0x080061a8   Section        0  sin.o(i.__hardfp_sin)
    i.__hardfp_sqrt                          0x08006258   Section        0  sqrt.o(i.__hardfp_sqrt)
    i.__ieee754_rem_pio2                     0x080062c0   Section        0  rred.o(i.__ieee754_rem_pio2)
    i.__kernel_cos                           0x080065c8   Section        0  cos_i.o(i.__kernel_cos)
    i.__kernel_poly                          0x0800668c   Section        0  poly.o(i.__kernel_poly)
    i.__kernel_sin                           0x08006700   Section        0  sin_i.o(i.__kernel_sin)
    i.__mathlib_dbl_divzero                  0x080067a0   Section        0  dunder.o(i.__mathlib_dbl_divzero)
    i.__mathlib_dbl_infnan                   0x080067b8   Section        0  dunder.o(i.__mathlib_dbl_infnan)
    i.__mathlib_dbl_invalid                  0x080067c0   Section        0  dunder.o(i.__mathlib_dbl_invalid)
    i.__mathlib_dbl_overflow                 0x080067d8   Section        0  dunder.o(i.__mathlib_dbl_overflow)
    i.__mathlib_dbl_underflow                0x080067f0   Section        0  dunder.o(i.__mathlib_dbl_underflow)
    i.__scatterload_copy                     0x08006808   Section       14  handlers.o(i.__scatterload_copy)
    i.__scatterload_null                     0x08006816   Section        2  handlers.o(i.__scatterload_null)
    i.__scatterload_zeroinit                 0x08006818   Section       14  handlers.o(i.__scatterload_zeroinit)
    i.__set_errno                            0x08006828   Section        0  errno.o(i.__set_errno)
    _fp_digits                               0x08006835   Thumb Code   366  printfa.o(i._fp_digits)
    i._fp_digits                             0x08006834   Section        0  printfa.o(i._fp_digits)
    _printf_core                             0x080069b9   Thumb Code  1744  printfa.o(i._printf_core)
    i._printf_core                           0x080069b8   Section        0  printfa.o(i._printf_core)
    _printf_post_padding                     0x08007095   Thumb Code    36  printfa.o(i._printf_post_padding)
    i._printf_post_padding                   0x08007094   Section        0  printfa.o(i._printf_post_padding)
    _printf_pre_padding                      0x080070b9   Thumb Code    46  printfa.o(i._printf_pre_padding)
    i._printf_pre_padding                    0x080070b8   Section        0  printfa.o(i._printf_pre_padding)
    i.fabs                                   0x080070e6   Section        0  fabs.o(i.fabs)
    i.malloc                                 0x08007100   Section        0  malloc.o(i.malloc)
    atanhi                                   0x08007170   Data          32  atan.o(.constdata)
    .constdata                               0x08007170   Section      152  atan.o(.constdata)
    atanlo                                   0x08007190   Data          32  atan.o(.constdata)
    aTodd                                    0x080071b0   Data          40  atan.o(.constdata)
    aTeven                                   0x080071d8   Data          48  atan.o(.constdata)
    halF                                     0x08007208   Data          16  exp.o(.constdata)
    .constdata                               0x08007208   Section       88  exp.o(.constdata)
    ln2HI                                    0x08007218   Data          16  exp.o(.constdata)
    ln2LO                                    0x08007228   Data          16  exp.o(.constdata)
    P                                        0x08007238   Data          40  exp.o(.constdata)
    Lg2                                      0x08007260   Data          24  log.o(.constdata)
    .constdata                               0x08007260   Section       56  log.o(.constdata)
    Lg                                       0x08007278   Data          32  log.o(.constdata)
    C                                        0x08007298   Data          48  cos_i.o(.constdata)
    .constdata                               0x08007298   Section       48  cos_i.o(.constdata)
    .constdata                               0x080072c8   Section        8  qnan.o(.constdata)
    pio2s                                    0x080072d0   Data          48  rred.o(.constdata)
    .constdata                               0x080072d0   Section      204  rred.o(.constdata)
    twooverpi                                0x08007300   Data         156  rred.o(.constdata)
    S                                        0x080073a0   Data          40  sin_i.o(.constdata)
    .constdata                               0x080073a0   Section       40  sin_i.o(.constdata)
    .L.str.1                                 0x080073d8   Data          38  main.o(.rodata.str1.1)
    [Anonymous Symbol]                       0x080073d8   Section        0  main.o(.rodata.str1.1)
    .L.str.3                                 0x080073fe   Data          26  main.o(.rodata.str1.1)
    .L.str.5                                 0x08007418   Data          29  main.o(.rodata.str1.1)
    .L.str.2                                 0x08007435   Data          25  main.o(.rodata.str1.1)
    .L.str.4                                 0x0800744e   Data          25  main.o(.rodata.str1.1)
    .L.str                                   0x08007467   Data          37  main.o(.rodata.str1.1)
    .L.str.2                                 0x0800748c   Data          31  dhry_1.o(.rodata.str1.1)
    [Anonymous Symbol]                       0x0800748c   Section        0  dhry_1.o(.rodata.str1.1)
    .L.str.3                                 0x080074ab   Data          31  dhry_1.o(.rodata.str1.1)
    .L.str                                   0x080074ca   Data          31  dhry_1.o(.rodata.str1.1)
    .L.str.1                                 0x080074e9   Data          31  dhry_1.o(.rodata.str1.1)
    .L.str.6                                 0x08007508   Data          45  core_main.o(.rodata.str1.1)
    [Anonymous Symbol]                       0x08007508   Section        0  core_main.o(.rodata.str1.1)
    .L.str.3                                 0x08007535   Data          45  core_main.o(.rodata.str1.1)
    .L.str.7                                 0x08007562   Data          44  core_main.o(.rodata.str1.1)
    .L.str.4                                 0x0800758e   Data          44  core_main.o(.rodata.str1.1)
    .L.str.5                                 0x080075ba   Data          49  core_main.o(.rodata.str1.1)
    .L.str.12                                0x080075eb   Data          99  core_main.o(.rodata.str1.1)
    .L.str.11                                0x0800764e   Data          17  core_main.o(.rodata.str1.1)
    .L.str.10                                0x0800765f   Data          48  core_main.o(.rodata.str1.1)
    .L.str.8                                 0x0800768f   Data          47  core_main.o(.rodata.str1.1)
    .L.str.9                                 0x080076be   Data          49  core_main.o(.rodata.str1.1)
    [Anonymous Symbol]                       0x080076ef   Section        0  core_state.o(.rodata.str1.1)
    .L.str                                   0x0800776f   Data          54  core_util.o(.rodata.str1.1)
    [Anonymous Symbol]                       0x0800776f   Section        0  core_util.o(.rodata.str1.1)
    .data                                    0x24000000   Section        4  mvars.o(.data)
    .data                                    0x24000004   Section        4  mvars.o(.data)
    _errno                                   0x24000008   Data           4  errno.o(.data)
    .data                                    0x24000008   Section        4  errno.o(.data)
    errpat                                   0x24000018   Data          16  core_state.o(.data.errpat)
    [Anonymous Symbol]                       0x24000018   Section        0  core_state.o(.data.errpat)
    floatpat                                 0x24000028   Data          16  core_state.o(.data.floatpat)
    [Anonymous Symbol]                       0x24000028   Section        0  core_state.o(.data.floatpat)
    intpat                                   0x24000038   Data          16  core_state.o(.data.intpat)
    [Anonymous Symbol]                       0x24000038   Section        0  core_state.o(.data.intpat)
    list_known_crc                           0x24000048   Data          10  core_main.o(.data.list_known_crc)
    [Anonymous Symbol]                       0x24000048   Section        0  core_main.o(.data.list_known_crc)
    matrix_known_crc                         0x24000052   Data          10  core_main.o(.data.matrix_known_crc)
    [Anonymous Symbol]                       0x24000052   Section        0  core_main.o(.data.matrix_known_crc)
    scipat                                   0x2400005c   Data          16  core_state.o(.data.scipat)
    [Anonymous Symbol]                       0x2400005c   Section        0  core_state.o(.data.scipat)
    state_known_crc                          0x24000070   Data          10  core_main.o(.data.state_known_crc)
    [Anonymous Symbol]                       0x24000070   Section        0  core_main.o(.data.state_known_crc)
    start_time_val                           0x2400080c   Data           4  core_portme.o(.bss.start_time_val)
    [Anonymous Symbol]                       0x2400080c   Section        0  core_portme.o(.bss.start_time_val)
    stop_time_val                            0x24000fe0   Data           4  core_portme.o(.bss.stop_time_val)
    [Anonymous Symbol]                       0x24000fe0   Section        0  core_portme.o(.bss.stop_time_val)
    HEAP                                     0x24001000   Section     1024  startup_stm32h743xx.o(HEAP)
    STACK                                    0x24001400   Section     1024  startup_stm32h743xx.o(STACK)

    Global Symbols

    Symbol Name                              Value     Ov Type        Size  Object(Section)

    BuildAttributes$$THM_ISAv4$E$P$D$K$B$S$7EM$VFPv5_D16$PE$PLD8$A:L22UL41UL21$X:L11$S22US41US21$IEEE1$IW$~IW$USESV6$~STKCKD$USESV7$~SHL$OTIME$ROPI$IEEEX$EBA8$MICROLIB$REQ8$PRES8$EABIv2 0x00000000   Number         0  anon$$obj.o ABSOLUTE
    __cpp_initialize__aeabi_                  - Undefined Weak Reference
    __cxa_finalize                            - Undefined Weak Reference
    __decompress                              - Undefined Weak Reference
    _clock_init                               - Undefined Weak Reference
    _microlib_exit                            - Undefined Weak Reference
    __Vectors_Size                           0x00000298   Number         0  startup_stm32h743xx.o ABSOLUTE
    __Vectors                                0x08000000   Data           4  startup_stm32h743xx.o(RESET)
    __Vectors_End                            0x08000298   Data           0  startup_stm32h743xx.o(RESET)
    __main                                   0x08000299   Thumb Code     0  entry.o(.ARM.Collect$$$$00000000)
    _main_stk                                0x08000299   Thumb Code     0  entry2.o(.ARM.Collect$$$$00000001)
    _main_scatterload                        0x0800029d   Thumb Code     0  entry5.o(.ARM.Collect$$$$00000004)
    __main_after_scatterload                 0x080002a1   Thumb Code     0  entry5.o(.ARM.Collect$$$$00000004)
    _main_clock                              0x080002a1   Thumb Code     0  entry7b.o(.ARM.Collect$$$$00000008)
    _main_cpp_init                           0x080002a1   Thumb Code     0  entry8b.o(.ARM.Collect$$$$0000000A)
    _main_init                               0x080002a1   Thumb Code     0  entry9a.o(.ARM.Collect$$$$0000000B)
    __rt_final_cpp                           0x080002a9   Thumb Code     0  entry10a.o(.ARM.Collect$$$$0000000D)
    __rt_final_exit                          0x080002a9   Thumb Code     0  entry11a.o(.ARM.Collect$$$$0000000F)
    Reset_Handler                            0x080002ad   Thumb Code     8  startup_stm32h743xx.o(.text)
    ADC3_IRQHandler                          0x080002c7   Thumb Code     0  startup_stm32h743xx.o(.text)
    ADC_IRQHandler                           0x080002c7   Thumb Code     0  startup_stm32h743xx.o(.text)
    BDMA_Channel0_IRQHandler                 0x080002c7   Thumb Code     0  startup_stm32h743xx.o(.text)
    BDMA_Channel1_IRQHandler                 0x080002c7   Thumb Code     0  startup_stm32h743xx.o(.text)
    BDMA_Channel2_IRQHandler                 0x080002c7   Thumb Code     0  startup_stm32h743xx.o(.text)
    BDMA_Channel3_IRQHandler                 0x080002c7   Thumb Code     0  startup_stm32h743xx.o(.text)
    BDMA_Channel4_IRQHandler                 0x080002c7   Thumb Code     0  startup_stm32h743xx.o(.text)
    BDMA_Channel5_IRQHandler                 0x080002c7   Thumb Code     0  startup_stm32h743xx.o(.text)
    BDMA_Channel6_IRQHandler                 0x080002c7   Thumb Code     0  startup_stm32h743xx.o(.text)
    BDMA_Channel7_IRQHandler                 0x080002c7   Thumb Code     0  startup_stm32h743xx.o(.text)
    CEC_IRQHandler                           0x080002c7   Thumb Code     0  startup_stm32h743xx.o(.text)
    COMP1_IRQHandler                         0x080002c7   Thumb Code     0  startup_stm32h743xx.o(.text)
    CRS_IRQHandler                           0x080002c7   Thumb Code     0  startup_stm32h743xx.o(.text)
    DCMI_IRQHandler                          0x080002c7   Thumb Code     0  startup_stm32h743xx.o(.text)
    DFSDM1_FLT0_IRQHandler                   0x080002c7   Thumb Code     0  startup_stm32h743xx.o(.text)
    DFSDM1_FLT1_IRQHandler                   0x080002c7   Thumb Code     0  startup_stm32h743xx.o(.text)
    DFSDM1_FLT2_IRQHandler                   0x080002c7   Thumb Code     0  startup_stm32h743xx.o(.text)
    DFSDM1_FLT3_IRQHandler                   0x080002c7   Thumb Code     0  startup_stm32h743xx.o(.text)
    DMA1_Stream0_IRQHandler                  0x080002c7   Thumb Code     0  startup_stm32h743xx.o(.text)
    DMA1_Stream1_IRQHandler                  0x080002c7   Thumb Code     0  startup_stm32h743xx.o(.text)
    DMA1_Stream2_IRQHandler                  0x080002c7   Thumb Code     0  startup_stm32h743xx.o(.text)
    DMA1_Stream3_IRQHandler                  0x080002c7   Thumb Code     0  startup_stm32h743xx.o(.text)
    DMA1_Stream4_IRQHandler                  0x080002c7   Thumb Code     0  startup_stm32h743xx.o(.text)
    DMA1_Stream5_IRQHandler                  0x080002c7   Thumb Code     0  startup_stm32h743xx.o(.text)
    DMA1_Stream6_IRQHandler                  0x080002c7   Thumb Code     0  startup_stm32h743xx.o(.text)
    DMA1_Stream7_IRQHandler                  0x080002c7   Thumb Code     0  startup_stm32h743xx.o(.text)
    DMA2D_IRQHandler                         0x080002c7   Thumb Code     0  startup_stm32h743xx.o(.text)
    DMA2_Stream0_IRQHandler                  0x080002c7   Thumb Code     0  startup_stm32h743xx.o(.text)
    DMA2_Stream1_IRQHandler                  0x080002c7   Thumb Code     0  startup_stm32h743xx.o(.text)
    DMA2_Stream2_IRQHandler                  0x080002c7   Thumb Code     0  startup_stm32h743xx.o(.text)
    DMA2_Stream3_IRQHandler                  0x080002c7   Thumb Code     0  startup_stm32h743xx.o(.text)
    DMA2_Stream4_IRQHandler                  0x080002c7   Thumb Code     0  startup_stm32h743xx.o(.text)
    DMA2_Stream5_IRQHandler                  0x080002c7   Thumb Code     0  startup_stm32h743xx.o(.text)
    DMA2_Stream6_IRQHandler                  0x080002c7   Thumb Code     0  startup_stm32h743xx.o(.text)
    DMA2_Stream7_IRQHandler                  0x080002c7   Thumb Code     0  startup_stm32h743xx.o(.text)
    DMAMUX1_OVR_IRQHandler                   0x080002c7   Thumb Code     0  startup_stm32h743xx.o(.text)
    DMAMUX2_OVR_IRQHandler                   0x080002c7   Thumb Code     0  startup_stm32h743xx.o(.text)
    ECC_IRQHandler                           0x080002c7   Thumb Code     0  startup_stm32h743xx.o(.text)
    ETH_IRQHandler                           0x080002c7   Thumb Code     0  startup_stm32h743xx.o(.text)
    ETH_WKUP_IRQHandler                      0x080002c7   Thumb Code     0  startup_stm32h743xx.o(.text)
    EXTI0_IRQHandler                         0x080002c7   Thumb Code     0  startup_stm32h743xx.o(.text)
    EXTI15_10_IRQHandler                     0x080002c7   Thumb Code     0  startup_stm32h743xx.o(.text)
    EXTI1_IRQHandler                         0x080002c7   Thumb Code     0  startup_stm32h743xx.o(.text)
    EXTI2_IRQHandler                         0x080002c7   Thumb Code     0  startup_stm32h743xx.o(.text)
    EXTI3_IRQHandler                         0x080002c7   Thumb Code     0  startup_stm32h743xx.o(.text)
    EXTI4_IRQHandler                         0x080002c7   Thumb Code     0  startup_stm32h743xx.o(.text)
    EXTI9_5_IRQHandler                       0x080002c7   Thumb Code     0  startup_stm32h743xx.o(.text)
    FDCAN1_IT0_IRQHandler                    0x080002c7   Thumb Code     0  startup_stm32h743xx.o(.text)
    FDCAN1_IT1_IRQHandler                    0x080002c7   Thumb Code     0  startup_stm32h743xx.o(.text)
    FDCAN2_IT0_IRQHandler                    0x080002c7   Thumb Code     0  startup_stm32h743xx.o(.text)
    FDCAN2_IT1_IRQHandler                    0x080002c7   Thumb Code     0  startup_stm32h743xx.o(.text)
    FDCAN_CAL_IRQHandler                     0x080002c7   Thumb Code     0  startup_stm32h743xx.o(.text)
    FLASH_IRQHandler                         0x080002c7   Thumb Code     0  startup_stm32h743xx.o(.text)
    FMC_IRQHandler                           0x080002c7   Thumb Code     0  startup_stm32h743xx.o(.text)
    FPU_IRQHandler                           0x080002c7   Thumb Code     0  startup_stm32h743xx.o(.text)
    HRTIM1_FLT_IRQHandler                    0x080002c7   Thumb Code     0  startup_stm32h743xx.o(.text)
    HRTIM1_Master_IRQHandler                 0x080002c7   Thumb Code     0  startup_stm32h743xx.o(.text)
    HRTIM1_TIMA_IRQHandler                   0x080002c7   Thumb Code     0  startup_stm32h743xx.o(.text)
    HRTIM1_TIMB_IRQHandler                   0x080002c7   Thumb Code     0  startup_stm32h743xx.o(.text)
    HRTIM1_TIMC_IRQHandler                   0x080002c7   Thumb Code     0  startup_stm32h743xx.o(.text)
    HRTIM1_TIMD_IRQHandler                   0x080002c7   Thumb Code     0  startup_stm32h743xx.o(.text)
    HRTIM1_TIME_IRQHandler                   0x080002c7   Thumb Code     0  startup_stm32h743xx.o(.text)
    HSEM1_IRQHandler                         0x080002c7   Thumb Code     0  startup_stm32h743xx.o(.text)
    I2C1_ER_IRQHandler                       0x080002c7   Thumb Code     0  startup_stm32h743xx.o(.text)
    I2C1_EV_IRQHandler                       0x080002c7   Thumb Code     0  startup_stm32h743xx.o(.text)
    I2C2_ER_IRQHandler                       0x080002c7   Thumb Code     0  startup_stm32h743xx.o(.text)
    I2C2_EV_IRQHandler                       0x080002c7   Thumb Code     0  startup_stm32h743xx.o(.text)
    I2C3_ER_IRQHandler                       0x080002c7   Thumb Code     0  startup_stm32h743xx.o(.text)
    I2C3_EV_IRQHandler                       0x080002c7   Thumb Code     0  startup_stm32h743xx.o(.text)
    I2C4_ER_IRQHandler                       0x080002c7   Thumb Code     0  startup_stm32h743xx.o(.text)
    I2C4_EV_IRQHandler                       0x080002c7   Thumb Code     0  startup_stm32h743xx.o(.text)
    JPEG_IRQHandler                          0x080002c7   Thumb Code     0  startup_stm32h743xx.o(.text)
    LPTIM1_IRQHandler                        0x080002c7   Thumb Code     0  startup_stm32h743xx.o(.text)
    LPTIM2_IRQHandler                        0x080002c7   Thumb Code     0  startup_stm32h743xx.o(.text)
    LPTIM3_IRQHandler                        0x080002c7   Thumb Code     0  startup_stm32h743xx.o(.text)
    LPTIM4_IRQHandler                        0x080002c7   Thumb Code     0  startup_stm32h743xx.o(.text)
    LPTIM5_IRQHandler                        0x080002c7   Thumb Code     0  startup_stm32h743xx.o(.text)
    LPUART1_IRQHandler                       0x080002c7   Thumb Code     0  startup_stm32h743xx.o(.text)
    LTDC_ER_IRQHandler                       0x080002c7   Thumb Code     0  startup_stm32h743xx.o(.text)
    LTDC_IRQHandler                          0x080002c7   Thumb Code     0  startup_stm32h743xx.o(.text)
    MDIOS_IRQHandler                         0x080002c7   Thumb Code     0  startup_stm32h743xx.o(.text)
    MDIOS_WKUP_IRQHandler                    0x080002c7   Thumb Code     0  startup_stm32h743xx.o(.text)
    MDMA_IRQHandler                          0x080002c7   Thumb Code     0  startup_stm32h743xx.o(.text)
    OTG_FS_EP1_IN_IRQHandler                 0x080002c7   Thumb Code     0  startup_stm32h743xx.o(.text)
    OTG_FS_EP1_OUT_IRQHandler                0x080002c7   Thumb Code     0  startup_stm32h743xx.o(.text)
    OTG_FS_IRQHandler                        0x080002c7   Thumb Code     0  startup_stm32h743xx.o(.text)
    OTG_FS_WKUP_IRQHandler                   0x080002c7   Thumb Code     0  startup_stm32h743xx.o(.text)
    OTG_HS_EP1_IN_IRQHandler                 0x080002c7   Thumb Code     0  startup_stm32h743xx.o(.text)
    OTG_HS_EP1_OUT_IRQHandler                0x080002c7   Thumb Code     0  startup_stm32h743xx.o(.text)
    OTG_HS_IRQHandler                        0x080002c7   Thumb Code     0  startup_stm32h743xx.o(.text)
    OTG_HS_WKUP_IRQHandler                   0x080002c7   Thumb Code     0  startup_stm32h743xx.o(.text)
    PVD_AVD_IRQHandler                       0x080002c7   Thumb Code     0  startup_stm32h743xx.o(.text)
    QUADSPI_IRQHandler                       0x080002c7   Thumb Code     0  startup_stm32h743xx.o(.text)
    RCC_IRQHandler                           0x080002c7   Thumb Code     0  startup_stm32h743xx.o(.text)
    RNG_IRQHandler                           0x080002c7   Thumb Code     0  startup_stm32h743xx.o(.text)
    RTC_Alarm_IRQHandler                     0x080002c7   Thumb Code     0  startup_stm32h743xx.o(.text)
    RTC_WKUP_IRQHandler                      0x080002c7   Thumb Code     0  startup_stm32h743xx.o(.text)
    SAI1_IRQHandler                          0x080002c7   Thumb Code     0  startup_stm32h743xx.o(.text)
    SAI2_IRQHandler                          0x080002c7   Thumb Code     0  startup_stm32h743xx.o(.text)
    SAI3_IRQHandler                          0x080002c7   Thumb Code     0  startup_stm32h743xx.o(.text)
    SAI4_IRQHandler                          0x080002c7   Thumb Code     0  startup_stm32h743xx.o(.text)
    SDMMC1_IRQHandler                        0x080002c7   Thumb Code     0  startup_stm32h743xx.o(.text)
    SDMMC2_IRQHandler                        0x080002c7   Thumb Code     0  startup_stm32h743xx.o(.text)
    SPDIF_RX_IRQHandler                      0x080002c7   Thumb Code     0  startup_stm32h743xx.o(.text)
    SPI1_IRQHandler                          0x080002c7   Thumb Code     0  startup_stm32h743xx.o(.text)
    SPI2_IRQHandler                          0x080002c7   Thumb Code     0  startup_stm32h743xx.o(.text)
    SPI3_IRQHandler                          0x080002c7   Thumb Code     0  startup_stm32h743xx.o(.text)
    SPI4_IRQHandler                          0x080002c7   Thumb Code     0  startup_stm32h743xx.o(.text)
    SPI5_IRQHandler                          0x080002c7   Thumb Code     0  startup_stm32h743xx.o(.text)
    SPI6_IRQHandler                          0x080002c7   Thumb Code     0  startup_stm32h743xx.o(.text)
    SWPMI1_IRQHandler                        0x080002c7   Thumb Code     0  startup_stm32h743xx.o(.text)
    TAMP_STAMP_IRQHandler                    0x080002c7   Thumb Code     0  startup_stm32h743xx.o(.text)
    TIM15_IRQHandler                         0x080002c7   Thumb Code     0  startup_stm32h743xx.o(.text)
    TIM16_IRQHandler                         0x080002c7   Thumb Code     0  startup_stm32h743xx.o(.text)
    TIM17_IRQHandler                         0x080002c7   Thumb Code     0  startup_stm32h743xx.o(.text)
    TIM1_BRK_IRQHandler                      0x080002c7   Thumb Code     0  startup_stm32h743xx.o(.text)
    TIM1_CC_IRQHandler                       0x080002c7   Thumb Code     0  startup_stm32h743xx.o(.text)
    TIM1_TRG_COM_IRQHandler                  0x080002c7   Thumb Code     0  startup_stm32h743xx.o(.text)
    TIM1_UP_IRQHandler                       0x080002c7   Thumb Code     0  startup_stm32h743xx.o(.text)
    TIM2_IRQHandler                          0x080002c7   Thumb Code     0  startup_stm32h743xx.o(.text)
    TIM3_IRQHandler                          0x080002c7   Thumb Code     0  startup_stm32h743xx.o(.text)
    TIM4_IRQHandler                          0x080002c7   Thumb Code     0  startup_stm32h743xx.o(.text)
    TIM5_IRQHandler                          0x080002c7   Thumb Code     0  startup_stm32h743xx.o(.text)
    TIM6_DAC_IRQHandler                      0x080002c7   Thumb Code     0  startup_stm32h743xx.o(.text)
    TIM7_IRQHandler                          0x080002c7   Thumb Code     0  startup_stm32h743xx.o(.text)
    TIM8_BRK_TIM12_IRQHandler                0x080002c7   Thumb Code     0  startup_stm32h743xx.o(.text)
    TIM8_CC_IRQHandler                       0x080002c7   Thumb Code     0  startup_stm32h743xx.o(.text)
    TIM8_TRG_COM_TIM14_IRQHandler            0x080002c7   Thumb Code     0  startup_stm32h743xx.o(.text)
    TIM8_UP_TIM13_IRQHandler                 0x080002c7   Thumb Code     0  startup_stm32h743xx.o(.text)
    UART4_IRQHandler                         0x080002c7   Thumb Code     0  startup_stm32h743xx.o(.text)
    UART5_IRQHandler                         0x080002c7   Thumb Code     0  startup_stm32h743xx.o(.text)
    UART7_IRQHandler                         0x080002c7   Thumb Code     0  startup_stm32h743xx.o(.text)
    UART8_IRQHandler                         0x080002c7   Thumb Code     0  startup_stm32h743xx.o(.text)
    USART1_IRQHandler                        0x080002c7   Thumb Code     0  startup_stm32h743xx.o(.text)
    USART2_IRQHandler                        0x080002c7   Thumb Code     0  startup_stm32h743xx.o(.text)
    USART3_IRQHandler                        0x080002c7   Thumb Code     0  startup_stm32h743xx.o(.text)
    USART6_IRQHandler                        0x080002c7   Thumb Code     0  startup_stm32h743xx.o(.text)
    WAKEUP_PIN_IRQHandler                    0x080002c7   Thumb Code     0  startup_stm32h743xx.o(.text)
    WWDG_IRQHandler                          0x080002c7   Thumb Code     0  startup_stm32h743xx.o(.text)
    __aeabi_memset                           0x080002d1   Thumb Code    14  memseta.o(.text)
    __aeabi_memset4                          0x080002d1   Thumb Code     0  memseta.o(.text)
    __aeabi_memset8                          0x080002d1   Thumb Code     0  memseta.o(.text)
    __aeabi_memclr                           0x080002df   Thumb Code     4  memseta.o(.text)
    __aeabi_memclr4                          0x080002df   Thumb Code     0  memseta.o(.text)
    __aeabi_memclr8                          0x080002df   Thumb Code     0  memseta.o(.text)
    _memset$wrapper                          0x080002e3   Thumb Code    18  memseta.o(.text)
    strcmp                                   0x080002f5   Thumb Code    28  strcmp.o(.text)
    strcpy                                   0x08000311   Thumb Code    18  strcpy.o(.text)
    __aeabi_uidiv                            0x08000323   Thumb Code     0  uidiv.o(.text)
    __aeabi_uidivmod                         0x08000323   Thumb Code    44  uidiv.o(.text)
    __aeabi_uldivmod                         0x0800034f   Thumb Code    98  uldiv.o(.text)
    __I$use$fp                               0x080003b1   Thumb Code     0  iusefp.o(.text)
    __aeabi_dadd                             0x080003b1   Thumb Code   322  dadd.o(.text)
    __aeabi_dsub                             0x080004f3   Thumb Code     6  dadd.o(.text)
    __aeabi_drsub                            0x080004f9   Thumb Code     6  dadd.o(.text)
    __aeabi_dmul                             0x080004ff   Thumb Code   228  dmul.o(.text)
    __aeabi_ddiv                             0x080005e3   Thumb Code   222  ddiv.o(.text)
    __aeabi_d2ulz                            0x080006c1   Thumb Code    48  dfixul.o(.text)
    __aeabi_cdrcmple                         0x080006f1   Thumb Code    48  cdrcmple.o(.text)
    __scatterload                            0x08000721   Thumb Code    28  init.o(.text)
    __scatterload_rt2                        0x08000721   Thumb Code     0  init.o(.text)
    __aeabi_llsl                             0x08000745   Thumb Code    30  llshl.o(.text)
    _ll_shift_l                              0x08000745   Thumb Code     0  llshl.o(.text)
    __aeabi_llsr                             0x08000763   Thumb Code    32  llushr.o(.text)
    _ll_ushift_r                             0x08000763   Thumb Code     0  llushr.o(.text)
    __aeabi_lasr                             0x08000783   Thumb Code    36  llsshr.o(.text)
    _ll_sshift_r                             0x08000783   Thumb Code     0  llsshr.o(.text)
    _double_round                            0x080007a7   Thumb Code    30  depilogue.o(.text)
    _double_epilogue                         0x080007c5   Thumb Code   156  depilogue.o(.text)
    BusFault_Handler                         0x08000861   Thumb Code     4  stm32h7xx_it.o(.text.BusFault_Handler)
    DebugMon_Handler                         0x08000869   Thumb Code     2  stm32h7xx_it.o(.text.DebugMon_Handler)
    Error_Handler                            0x08000871   Thumb Code    14  main.o(.text.Error_Handler)
    Func_1                                   0x08000881   Thumb Code    78  dhry_2.o(.text.Func_1)
    Func_2                                   0x080008d1   Thumb Code   150  dhry_2.o(.text.Func_2)
    Func_3                                   0x08000969   Thumb Code    42  dhry_2.o(.text.Func_3)
    HAL_GPIO_Init                            0x08000999   Thumb Code   966  stm32h7xx_hal_gpio.o(.text.HAL_GPIO_Init)
    HAL_GPIO_WritePin                        0x08000d61   Thumb Code    46  stm32h7xx_hal_gpio.o(.text.HAL_GPIO_WritePin)
    HAL_GetREVID                             0x08000d91   Thumb Code    14  stm32h7xx_hal.o(.text.HAL_GetREVID)
    HAL_GetTick                              0x08000da1   Thumb Code    12  stm32h7xx_hal.o(.text.HAL_GetTick)
    HAL_IncTick                              0x08000db1   Thumb Code    26  stm32h7xx_hal.o(.text.HAL_IncTick)
    HAL_Init                                 0x08000dd1   Thumb Code   122  stm32h7xx_hal.o(.text.HAL_Init)
    HAL_InitTick                             0x08000e51   Thumb Code   134  stm32h7xx_hal.o(.text.HAL_InitTick)
    HAL_MspInit                              0x08000ed9   Thumb Code    36  stm32h7xx_hal_msp.o(.text.HAL_MspInit)
    HAL_NVIC_SetPriority                     0x08000f01   Thumb Code    46  stm32h7xx_hal_cortex.o(.text.HAL_NVIC_SetPriority)
    HAL_NVIC_SetPriorityGrouping             0x08000f31   Thumb Code    16  stm32h7xx_hal_cortex.o(.text.HAL_NVIC_SetPriorityGrouping)
    HAL_PWREx_ConfigSupply                   0x08000f41   Thumb Code   162  stm32h7xx_hal_pwr_ex.o(.text.HAL_PWREx_ConfigSupply)
    HAL_RCC_ClockConfig                      0x08000fe9   Thumb Code  1176  stm32h7xx_hal_rcc.o(.text.HAL_RCC_ClockConfig)
    HAL_RCC_GetHCLKFreq                      0x08001481   Thumb Code    86  stm32h7xx_hal_rcc.o(.text.HAL_RCC_GetHCLKFreq)
    HAL_RCC_GetSysClockFreq                  0x080014d9   Thumb Code   784  stm32h7xx_hal_rcc.o(.text.HAL_RCC_GetSysClockFreq)
    HAL_RCC_OscConfig                        0x080017e9   Thumb Code  2710  stm32h7xx_hal_rcc.o(.text.HAL_RCC_OscConfig)
    HAL_SYSTICK_Config                       0x08002281   Thumb Code    16  stm32h7xx_hal_cortex.o(.text.HAL_SYSTICK_Config)
    HardFault_Handler                        0x08002291   Thumb Code     4  stm32h7xx_it.o(.text.HardFault_Handler)
    MemManage_Handler                        0x08002559   Thumb Code     4  stm32h7xx_it.o(.text.MemManage_Handler)
    NMI_Handler                              0x08002561   Thumb Code     4  stm32h7xx_it.o(.text.NMI_Handler)
    P0                                       0x080025d9   Thumb Code    96  whetstone.o(.text.P0)
    P3                                       0x08002639   Thumb Code   122  whetstone.o(.text.P3)
    PA                                       0x080026b9   Thumb Code   230  whetstone.o(.text.PA)
    PendSV_Handler                           0x080027a1   Thumb Code     2  stm32h7xx_it.o(.text.PendSV_Handler)
    Proc_2                                   0x080027a9   Thumb Code    78  dhry_1.o(.text.Proc_2)
    Proc_4                                   0x080027f9   Thumb Code    54  dhry_1.o(.text.Proc_4)
    Proc_5                                   0x08002831   Thumb Code    26  dhry_1.o(.text.Proc_5)
    Proc_6                                   0x08002851   Thumb Code   126  dhry_2.o(.text.Proc_6)
    Proc_7                                   0x080028d1   Thumb Code    28  dhry_2.o(.text.Proc_7)
    Proc_8                                   0x080028f1   Thumb Code   164  dhry_2.o(.text.Proc_8)
    SVC_Handler                              0x08002999   Thumb Code     2  stm32h7xx_it.o(.text.SVC_Handler)
    SysTick_Handler                          0x080029f9   Thumb Code     8  stm32h7xx_it.o(.text.SysTick_Handler)
    SystemClock_Config                       0x08002a01   Thumb Code   230  main.o(.text.SystemClock_Config)
    SystemCoreClockUpdate                    0x08002ae9   Thumb Code   756  system_stm32h7xx.o(.text.SystemCoreClockUpdate)
    SystemInit                               0x08002de1   Thumb Code   366  system_stm32h7xx.o(.text.SystemInit)
    UsageFault_Handler                       0x08002f51   Thumb Code     4  stm32h7xx_it.o(.text.UsageFault_Handler)
    barebones_clock                          0x08003029   Thumb Code     8  core_portme.o(.text.barebones_clock)
    calc_func                                0x08003031   Thumb Code   306  core_list_join.o(.text.calc_func)
    check_data_types                         0x08003169   Thumb Code    42  core_util.o(.text.check_data_types)
    cmp_complex                              0x08003199   Thumb Code    48  core_list_join.o(.text.cmp_complex)
    cmp_idx                                  0x080031c9   Thumb Code    62  core_list_join.o(.text.cmp_idx)
    copy_info                                0x08003209   Thumb Code    26  core_list_join.o(.text.copy_info)
    core_bench_list                          0x08003229   Thumb Code   454  core_list_join.o(.text.core_bench_list)
    core_bench_matrix                        0x080033f1   Thumb Code    88  core_matrix.o(.text.core_bench_matrix)
    core_bench_state                         0x08003449   Thumb Code   350  core_state.o(.text.core_bench_state)
    core_init_matrix                         0x080035a9   Thumb Code   292  core_matrix.o(.text.core_init_matrix)
    core_init_state                          0x080036d1   Thumb Code   310  core_state.o(.text.core_init_state)
    core_list_find                           0x08003809   Thumb Code   138  core_list_join.o(.text.core_list_find)
    core_list_init                           0x08003899   Thumb Code   362  core_list_join.o(.text.core_list_init)
    core_list_insert_new                     0x08003a09   Thumb Code   126  core_list_join.o(.text.core_list_insert_new)
    core_list_mergesort                      0x08003a89   Thumb Code   330  core_list_join.o(.text.core_list_mergesort)
    core_list_remove                         0x08003bd9   Thumb Code    50  core_list_join.o(.text.core_list_remove)
    core_list_reverse                        0x08003c11   Thumb Code    44  core_list_join.o(.text.core_list_reverse)
    core_list_undo_remove                    0x08003c41   Thumb Code    46  core_list_join.o(.text.core_list_undo_remove)
    core_main                                0x08003c71   Thumb Code  1696  core_main.o(.text.core_main)
    core_state_transition                    0x08004311   Thumb Code   566  core_state.o(.text.core_state_transition)
    crc16                                    0x08004549   Thumb Code    28  core_util.o(.text.crc16)
    crcu16                                   0x08004569   Thumb Code    52  core_util.o(.text.crcu16)
    crcu32                                   0x080045a1   Thumb Code    50  core_util.o(.text.crcu32)
    crcu8                                    0x080045d9   Thumb Code   176  core_util.o(.text.crcu8)
    dhrystone_benchmark                      0x08004689   Thumb Code   344  dhry_1.o(.text.dhrystone_benchmark)
    fputc                                    0x08004809   Thumb Code    18  main.o(.text.fputc)
    get_seed_32                              0x08004821   Thumb Code   110  core_util.o(.text.get_seed_32)
    get_time                                 0x08004891   Thumb Code    32  core_portme.o(.text.get_time)
    initialise_benchmark                     0x080048b1   Thumb Code   128  dhry_1.o(.text.initialise_benchmark)
    iterate                                  0x08004931   Thumb Code   136  core_main.o(.text.iterate)
    main                                     0x080049b9   Thumb Code  1296  main.o(.text.main)
    matrix_add_const                         0x08004ec9   Thumb Code    94  core_matrix.o(.text.matrix_add_const)
    matrix_mul_const                         0x08004f29   Thumb Code    96  core_matrix.o(.text.matrix_mul_const)
    matrix_mul_matrix                        0x08004f89   Thumb Code   160  core_matrix.o(.text.matrix_mul_matrix)
    matrix_mul_matrix_bitextract             0x08005029   Thumb Code   182  core_matrix.o(.text.matrix_mul_matrix_bitextract)
    matrix_mul_vect                          0x080050e1   Thumb Code   110  core_matrix.o(.text.matrix_mul_vect)
    matrix_sum                               0x08005151   Thumb Code   160  core_matrix.o(.text.matrix_sum)
    matrix_test                              0x080051f1   Thumb Code   222  core_matrix.o(.text.matrix_test)
    portable_fini                            0x080052d1   Thumb Code    14  core_portme.o(.text.portable_fini)
    portable_init                            0x080052e1   Thumb Code    18  core_portme.o(.text.portable_init)
    start_time                               0x080052f9   Thumb Code    18  core_portme.o(.text.start_time)
    stop_time                                0x08005311   Thumb Code    18  core_portme.o(.text.stop_time)
    time_in_secs                             0x08005329   Thumb Code    40  core_portme.o(.text.time_in_secs)
    whetstone_benchmark                      0x08005351   Thumb Code  1788  whetstone.o(.text.whetstone_benchmark)
    __0printf                                0x08005a4d   Thumb Code    22  printfa.o(i.__0printf)
    __1printf                                0x08005a4d   Thumb Code     0  printfa.o(i.__0printf)
    __2printf                                0x08005a4d   Thumb Code     0  printfa.o(i.__0printf)
    __c89printf                              0x08005a4d   Thumb Code     0  printfa.o(i.__0printf)
    printf                                   0x08005a4d   Thumb Code     0  printfa.o(i.__0printf)
    __ARM_fpclassify                         0x08005a6d   Thumb Code    48  fpclassify.o(i.__ARM_fpclassify)
    __hardfp_atan                            0x08005aa1   Thumb Code   402  atan.o(i.__hardfp_atan)
    __hardfp_cos                             0x08005c79   Thumb Code   158  cos.o(i.__hardfp_cos)
    __hardfp_exp                             0x08005d29   Thumb Code   486  exp.o(i.__hardfp_exp)
    __hardfp_log                             0x08005f81   Thumb Code   480  log.o(i.__hardfp_log)
    __hardfp_sin                             0x080061a9   Thumb Code   158  sin.o(i.__hardfp_sin)
    __hardfp_sqrt                            0x08006259   Thumb Code   102  sqrt.o(i.__hardfp_sqrt)
    __ieee754_rem_pio2                       0x080062c1   Thumb Code   646  rred.o(i.__ieee754_rem_pio2)
    __kernel_cos                             0x080065c9   Thumb Code   182  cos_i.o(i.__kernel_cos)
    __kernel_poly                            0x0800668d   Thumb Code   112  poly.o(i.__kernel_poly)
    __kernel_sin                             0x08006701   Thumb Code   144  sin_i.o(i.__kernel_sin)
    __mathlib_dbl_divzero                    0x080067a1   Thumb Code    14  dunder.o(i.__mathlib_dbl_divzero)
    __mathlib_dbl_infnan                     0x080067b9   Thumb Code     6  dunder.o(i.__mathlib_dbl_infnan)
    __mathlib_dbl_invalid                    0x080067c1   Thumb Code    10  dunder.o(i.__mathlib_dbl_invalid)
    __mathlib_dbl_overflow                   0x080067d9   Thumb Code    10  dunder.o(i.__mathlib_dbl_overflow)
    __mathlib_dbl_underflow                  0x080067f1   Thumb Code    10  dunder.o(i.__mathlib_dbl_underflow)
    __scatterload_copy                       0x08006809   Thumb Code    14  handlers.o(i.__scatterload_copy)
    __scatterload_null                       0x08006817   Thumb Code     2  handlers.o(i.__scatterload_null)
    __scatterload_zeroinit                   0x08006819   Thumb Code    14  handlers.o(i.__scatterload_zeroinit)
    __set_errno                              0x08006829   Thumb Code     6  errno.o(i.__set_errno)
    fabs                                     0x080070e7   Thumb Code    24  fabs.o(i.fabs)
    malloc                                   0x08007101   Thumb Code    92  malloc.o(i.malloc)
    __mathlib_zero                           0x080072c8   Data           8  qnan.o(.constdata)
    D1CorePrescTable                         0x080073c8   Data          16  system_stm32h7xx.o(.rodata.D1CorePrescTable)
    Region$$Table$$Base                      0x080077a8   Number         0  anon$$obj.o(Region$$Table)
    Region$$Table$$Limit                     0x080077c8   Number         0  anon$$obj.o(Region$$Table)
    __microlib_freelist                      0x24000000   Data           4  mvars.o(.data)
    __microlib_freelist_initialised          0x24000004   Data           4  mvars.o(.data)
    SystemCoreClock                          0x2400000c   Data           4  system_stm32h7xx.o(.data.SystemCoreClock)
    SystemD2Clock                            0x24000010   Data           4  system_stm32h7xx.o(.data.SystemD2Clock)
    default_num_contexts                     0x24000014   Data           4  core_portme.o(.data.default_num_contexts)
    seed3_volatile                           0x2400006c   Data           4  core_portme.o(.data.seed3_volatile)
    uwTickFreq                               0x2400007a   Data           1  stm32h7xx_hal.o(.data.uwTickFreq)
    uwTickPrio                               0x2400007c   Data           4  stm32h7xx_hal.o(.data.uwTickPrio)
    Arr_1_Glob                               0x24000080   Data          80  dhry_1.o(.bss.Arr_1_Glob)
    Arr_2_Glob                               0x240000d0   Data        1600  dhry_1.o(.bss.Arr_2_Glob)
    Bool_Glob                                0x24000710   Data           4  dhry_1.o(.bss.Bool_Glob)
    Ch_1_Glob                                0x24000714   Data           1  dhry_1.o(.bss.Ch_1_Glob)
    Ch_2_Glob                                0x24000715   Data           1  dhry_1.o(.bss.Ch_2_Glob)
    CoreMark                                 0x24000718   Data           4  main.o(.bss.CoreMark)
    E1                                       0x24000720   Data          40  whetstone.o(.bss.E1)
    Int_Glob                                 0x24000748   Data           4  dhry_1.o(.bss.Int_Glob)
    J                                        0x2400074c   Data           4  whetstone.o(.bss.J)
    K                                        0x24000750   Data           4  whetstone.o(.bss.K)
    L                                        0x24000754   Data           4  whetstone.o(.bss.L)
    Next_Ptr_Glob                            0x24000758   Data           4  dhry_1.o(.bss.Next_Ptr_Glob)
    Ptr_Glob                                 0x2400075c   Data           4  dhry_1.o(.bss.Ptr_Glob)
    Str_1_Loc                                0x24000760   Data          31  dhry_1.o(.bss.Str_1_Loc)
    Str_2_Loc                                0x2400077f   Data          31  dhry_1.o(.bss.Str_2_Loc)
    T                                        0x240007a0   Data           8  whetstone.o(.bss.T)
    __stdout                                 0x240007a8   Data          84  main.o(.bss.__stdout)
    seed1_volatile                           0x240007fc   Data           4  core_portme.o(.bss.seed1_volatile)
    seed2_volatile                           0x24000800   Data           4  core_portme.o(.bss.seed2_volatile)
    seed4_volatile                           0x24000804   Data           4  core_portme.o(.bss.seed4_volatile)
    seed5_volatile                           0x24000808   Data           4  core_portme.o(.bss.seed5_volatile)
    static_memblk                            0x24000810   Data        2000  core_main.o(.bss.static_memblk)
    t1                                       0x24000fe8   Data           8  whetstone.o(.bss.t1)
    t2                                       0x24000ff0   Data           8  whetstone.o(.bss.t2)
    uwTick                                   0x24000ff8   Data           4  stm32h7xx_hal.o(.bss.uwTick)
    __heap_base                              0x24001000   Data           0  startup_stm32h743xx.o(HEAP)
    __heap_limit                             0x24001400   Data           0  startup_stm32h743xx.o(HEAP)
    __initial_sp                             0x24001800   Data           0  startup_stm32h743xx.o(STACK)



==============================================================================

Memory Map of the image

  Image Entry point : 0x08000299

  Load Region LR_IROM1 (Base: 0x08000000, Size: 0x00007848, Max: 0x00200000, ABSOLUTE)

    Execution Region ER_IROM1 (Exec base: 0x08000000, Load base: 0x08000000, Size: 0x000077c8, Max: 0x00200000, ABSOLUTE)

    Exec Addr    Load Addr    Size         Type   Attr      Idx    E Section Name        Object

    0x08000000   0x08000000   0x00000298   Data   RO            3    RESET               startup_stm32h743xx.o
    0x08000298   0x08000298   0x00000000   Code   RO         1225  * .ARM.Collect$$$$00000000  mc_w.l(entry.o)
    0x08000298   0x08000298   0x00000004   Code   RO         1326    .ARM.Collect$$$$00000001  mc_w.l(entry2.o)
    0x0800029c   0x0800029c   0x00000004   Code   RO         1329    .ARM.Collect$$$$00000004  mc_w.l(entry5.o)
    0x080002a0   0x080002a0   0x00000000   Code   RO         1331    .ARM.Collect$$$$00000008  mc_w.l(entry7b.o)
    0x080002a0   0x080002a0   0x00000000   Code   RO         1333    .ARM.Collect$$$$0000000A  mc_w.l(entry8b.o)
    0x080002a0   0x080002a0   0x00000008   Code   RO         1334    .ARM.Collect$$$$0000000B  mc_w.l(entry9a.o)
    0x080002a8   0x080002a8   0x00000000   Code   RO         1336    .ARM.Collect$$$$0000000D  mc_w.l(entry10a.o)
    0x080002a8   0x080002a8   0x00000000   Code   RO         1338    .ARM.Collect$$$$0000000F  mc_w.l(entry11a.o)
    0x080002a8   0x080002a8   0x00000004   Code   RO         1327    .ARM.Collect$$$$00002712  mc_w.l(entry2.o)
    0x080002ac   0x080002ac   0x00000024   Code   RO            4    .text               startup_stm32h743xx.o
    0x080002d0   0x080002d0   0x00000024   Code   RO         1228    .text               mc_w.l(memseta.o)
    0x080002f4   0x080002f4   0x0000001c   Code   RO         1230    .text               mc_w.l(strcmp.o)
    0x08000310   0x08000310   0x00000012   Code   RO         1232    .text               mc_w.l(strcpy.o)
    0x08000322   0x08000322   0x0000002c   Code   RO         1349    .text               mc_w.l(uidiv.o)
    0x0800034e   0x0800034e   0x00000062   Code   RO         1351    .text               mc_w.l(uldiv.o)
    0x080003b0   0x080003b0   0x00000000   Code   RO         1366    .text               mc_w.l(iusefp.o)
    0x080003b0   0x080003b0   0x0000014e   Code   RO         1367    .text               mf_w.l(dadd.o)
    0x080004fe   0x080004fe   0x000000e4   Code   RO         1369    .text               mf_w.l(dmul.o)
    0x080005e2   0x080005e2   0x000000de   Code   RO         1371    .text               mf_w.l(ddiv.o)
    0x080006c0   0x080006c0   0x00000030   Code   RO         1373    .text               mf_w.l(dfixul.o)
    0x080006f0   0x080006f0   0x00000030   Code   RO         1375    .text               mf_w.l(cdrcmple.o)
    0x08000720   0x08000720   0x00000024   Code   RO         1377    .text               mc_w.l(init.o)
    0x08000744   0x08000744   0x0000001e   Code   RO         1379    .text               mc_w.l(llshl.o)
    0x08000762   0x08000762   0x00000020   Code   RO         1381    .text               mc_w.l(llushr.o)
    0x08000782   0x08000782   0x00000024   Code   RO         1383    .text               mc_w.l(llsshr.o)
    0x080007a6   0x080007a6   0x000000ba   Code   RO         1385    .text               mf_w.l(depilogue.o)
    0x08000860   0x08000860   0x00000004   Code   RO           42    .text.BusFault_Handler  stm32h7xx_it.o
    0x08000864   0x08000864   0x00000004   PAD
    0x08000868   0x08000868   0x00000002   Code   RO           48    .text.DebugMon_Handler  stm32h7xx_it.o
    0x0800086a   0x0800086a   0x00000006   PAD
    0x08000870   0x08000870   0x0000000e   Code   RO           23    .text.Error_Handler  main.o
    0x0800087e   0x0800087e   0x00000002   PAD
    0x08000880   0x08000880   0x0000004e   Code   RO         1012    .text.Func_1        dhry_2.o
    0x080008ce   0x080008ce   0x00000002   PAD
    0x080008d0   0x080008d0   0x00000096   Code   RO         1014    .text.Func_2        dhry_2.o
    0x08000966   0x08000966   0x00000002   PAD
    0x08000968   0x08000968   0x0000002a   Code   RO         1006    .text.Func_3        dhry_2.o
    0x08000992   0x08000992   0x00000006   PAD
    0x08000998   0x08000998   0x000003c6   Code   RO          341    .text.HAL_GPIO_Init  stm32h7xx_hal_gpio.o
    0x08000d5e   0x08000d5e   0x00000002   PAD
    0x08000d60   0x08000d60   0x0000002e   Code   RO          347    .text.HAL_GPIO_WritePin  stm32h7xx_hal_gpio.o
    0x08000d8e   0x08000d8e   0x00000002   PAD
    0x08000d90   0x08000d90   0x0000000e   Code   RO          665    .text.HAL_GetREVID  stm32h7xx_hal.o
    0x08000d9e   0x08000d9e   0x00000002   PAD
    0x08000da0   0x08000da0   0x0000000c   Code   RO          649    .text.HAL_GetTick   stm32h7xx_hal.o
    0x08000dac   0x08000dac   0x00000004   PAD
    0x08000db0   0x08000db0   0x0000001a   Code   RO          647    .text.HAL_IncTick   stm32h7xx_hal.o
    0x08000dca   0x08000dca   0x00000006   PAD
    0x08000dd0   0x08000dd0   0x0000007a   Code   RO          637    .text.HAL_Init      stm32h7xx_hal.o
    0x08000e4a   0x08000e4a   0x00000006   PAD
    0x08000e50   0x08000e50   0x00000086   Code   RO          639    .text.HAL_InitTick  stm32h7xx_hal.o
    0x08000ed6   0x08000ed6   0x00000002   PAD
    0x08000ed8   0x08000ed8   0x00000024   Code   RO           61    .text.HAL_MspInit   stm32h7xx_hal_msp.o
    0x08000efc   0x08000efc   0x00000004   PAD
    0x08000f00   0x08000f00   0x0000002e   Code   RO           73    .text.HAL_NVIC_SetPriority  stm32h7xx_hal_cortex.o
    0x08000f2e   0x08000f2e   0x00000002   PAD
    0x08000f30   0x08000f30   0x00000010   Code   RO           69    .text.HAL_NVIC_SetPriorityGrouping  stm32h7xx_hal_cortex.o
    0x08000f40   0x08000f40   0x000000a2   Code   RO          550    .text.HAL_PWREx_ConfigSupply  stm32h7xx_hal_pwr_ex.o
    0x08000fe2   0x08000fe2   0x00000006   PAD
    0x08000fe8   0x08000fe8   0x00000498   Code   RO          148    .text.HAL_RCC_ClockConfig  stm32h7xx_hal_rcc.o
    0x08001480   0x08001480   0x00000056   Code   RO          158    .text.HAL_RCC_GetHCLKFreq  stm32h7xx_hal_rcc.o
    0x080014d6   0x080014d6   0x00000002   PAD
    0x080014d8   0x080014d8   0x00000310   Code   RO          150    .text.HAL_RCC_GetSysClockFreq  stm32h7xx_hal_rcc.o
    0x080017e8   0x080017e8   0x00000a96   Code   RO          146    .text.HAL_RCC_OscConfig  stm32h7xx_hal_rcc.o
    0x0800227e   0x0800227e   0x00000002   PAD
    0x08002280   0x08002280   0x00000010   Code   RO           93    .text.HAL_SYSTICK_Config  stm32h7xx_hal_cortex.o
    0x08002290   0x08002290   0x00000004   Code   RO           38    .text.HardFault_Handler  stm32h7xx_it.o
    0x08002294   0x08002294   0x00000004   PAD
    0x08002298   0x08002298   0x00000044   Code   RO           13    .text.ITM_SendChar  main.o
    0x080022dc   0x080022dc   0x00000004   PAD
    0x080022e0   0x080022e0   0x00000278   Code   RO           19    .text.MX_GPIO_Init  main.o
    0x08002558   0x08002558   0x00000004   Code   RO           40    .text.MemManage_Handler  stm32h7xx_it.o
    0x0800255c   0x0800255c   0x00000004   PAD
    0x08002560   0x08002560   0x00000004   Code   RO           36    .text.NMI_Handler   stm32h7xx_it.o
    0x08002564   0x08002564   0x00000004   PAD
    0x08002568   0x08002568   0x0000006c   Code   RO           79    .text.NVIC_EncodePriority  stm32h7xx_hal_cortex.o
    0x080025d4   0x080025d4   0x00000004   PAD
    0x080025d8   0x080025d8   0x00000060   Code   RO         1029    .text.P0            whetstone.o
    0x08002638   0x08002638   0x0000007a   Code   RO         1027    .text.P3            whetstone.o
    0x080026b2   0x080026b2   0x00000006   PAD
    0x080026b8   0x080026b8   0x000000e6   Code   RO         1025    .text.PA            whetstone.o
    0x0800279e   0x0800279e   0x00000002   PAD
    0x080027a0   0x080027a0   0x00000002   Code   RO           50    .text.PendSV_Handler  stm32h7xx_it.o
    0x080027a2   0x080027a2   0x00000006   PAD
    0x080027a8   0x080027a8   0x0000004e   Code   RO          974    .text.Proc_2        dhry_1.o
    0x080027f6   0x080027f6   0x00000002   PAD
    0x080027f8   0x080027f8   0x00000036   Code   RO          972    .text.Proc_4        dhry_1.o
    0x0800282e   0x0800282e   0x00000002   PAD
    0x08002830   0x08002830   0x0000001a   Code   RO          970    .text.Proc_5        dhry_1.o
    0x0800284a   0x0800284a   0x00000006   PAD
    0x08002850   0x08002850   0x0000007e   Code   RO         1004    .text.Proc_6        dhry_2.o
    0x080028ce   0x080028ce   0x00000002   PAD
    0x080028d0   0x080028d0   0x0000001c   Code   RO         1008    .text.Proc_7        dhry_2.o
    0x080028ec   0x080028ec   0x00000004   PAD
    0x080028f0   0x080028f0   0x000000a4   Code   RO         1010    .text.Proc_8        dhry_2.o
    0x08002994   0x08002994   0x00000004   PAD
    0x08002998   0x08002998   0x00000002   Code   RO           46    .text.SVC_Handler   stm32h7xx_it.o
    0x0800299a   0x0800299a   0x00000006   PAD
    0x080029a0   0x080029a0   0x00000052   Code   RO           95    .text.SysTick_Config  stm32h7xx_hal_cortex.o
    0x080029f2   0x080029f2   0x00000006   PAD
    0x080029f8   0x080029f8   0x00000008   Code   RO           52    .text.SysTick_Handler  stm32h7xx_it.o
    0x08002a00   0x08002a00   0x000000e6   Code   RO           17    .text.SystemClock_Config  main.o
    0x08002ae6   0x08002ae6   0x00000002   PAD
    0x08002ae8   0x08002ae8   0x000002f4   Code   RO          954    .text.SystemCoreClockUpdate  system_stm32h7xx.o
    0x08002ddc   0x08002ddc   0x00000004   PAD
    0x08002de0   0x08002de0   0x0000016e   Code   RO          952    .text.SystemInit    system_stm32h7xx.o
    0x08002f4e   0x08002f4e   0x00000002   PAD
    0x08002f50   0x08002f50   0x00000004   Code   RO           44    .text.UsageFault_Handler  stm32h7xx_it.o
    0x08002f54   0x08002f54   0x00000004   PAD
    0x08002f58   0x08002f58   0x00000038   Code   RO           21    .text.__NVIC_DisableIRQ  main.o
    0x08002f90   0x08002f90   0x00000010   Code   RO           75    .text.__NVIC_GetPriorityGrouping  stm32h7xx_hal_cortex.o
    0x08002fa0   0x08002fa0   0x00000042   Code   RO           77    .text.__NVIC_SetPriority  stm32h7xx_hal_cortex.o
    0x08002fe2   0x08002fe2   0x00000006   PAD
    0x08002fe8   0x08002fe8   0x0000003c   Code   RO           71    .text.__NVIC_SetPriorityGrouping  stm32h7xx_hal_cortex.o
    0x08003024   0x08003024   0x00000004   PAD
    0x08003028   0x08003028   0x00000008   Code   RO         1118    .text.barebones_clock  core_portme.o
    0x08003030   0x08003030   0x00000132   Code   RO         1045    .text.calc_func     core_list_join.o
    0x08003162   0x08003162   0x00000006   PAD
    0x08003168   0x08003168   0x0000002a   Code   RO         1177    .text.check_data_types  core_util.o
    0x08003192   0x08003192   0x00000006   PAD
    0x08003198   0x08003198   0x00000030   Code   RO         1047    .text.cmp_complex   core_list_join.o
    0x080031c8   0x080031c8   0x0000003e   Code   RO         1049    .text.cmp_idx       core_list_join.o
    0x08003206   0x08003206   0x00000002   PAD
    0x08003208   0x08003208   0x0000001a   Code   RO         1051    .text.copy_info     core_list_join.o
    0x08003222   0x08003222   0x00000006   PAD
    0x08003228   0x08003228   0x000001c6   Code   RO         1053    .text.core_bench_list  core_list_join.o
    0x080033ee   0x080033ee   0x00000002   PAD
    0x080033f0   0x080033f0   0x00000058   Code   RO         1093    .text.core_bench_matrix  core_matrix.o
    0x08003448   0x08003448   0x0000015e   Code   RO         1147    .text.core_bench_state  core_state.o
    0x080035a6   0x080035a6   0x00000002   PAD
    0x080035a8   0x080035a8   0x00000124   Code   RO         1109    .text.core_init_matrix  core_matrix.o
    0x080036cc   0x080036cc   0x00000004   PAD
    0x080036d0   0x080036d0   0x00000136   Code   RO         1151    .text.core_init_state  core_state.o
    0x08003806   0x08003806   0x00000002   PAD
    0x08003808   0x08003808   0x0000008a   Code   RO         1055    .text.core_list_find  core_list_join.o
    0x08003892   0x08003892   0x00000006   PAD
    0x08003898   0x08003898   0x0000016a   Code   RO         1065    .text.core_list_init  core_list_join.o
    0x08003a02   0x08003a02   0x00000006   PAD
    0x08003a08   0x08003a08   0x0000007e   Code   RO         1067    .text.core_list_insert_new  core_list_join.o
    0x08003a86   0x08003a86   0x00000002   PAD
    0x08003a88   0x08003a88   0x0000014a   Code   RO         1059    .text.core_list_mergesort  core_list_join.o
    0x08003bd2   0x08003bd2   0x00000006   PAD
    0x08003bd8   0x08003bd8   0x00000032   Code   RO         1061    .text.core_list_remove  core_list_join.o
    0x08003c0a   0x08003c0a   0x00000006   PAD
    0x08003c10   0x08003c10   0x0000002c   Code   RO         1057    .text.core_list_reverse  core_list_join.o
    0x08003c3c   0x08003c3c   0x00000004   PAD
    0x08003c40   0x08003c40   0x0000002e   Code   RO         1063    .text.core_list_undo_remove  core_list_join.o
    0x08003c6e   0x08003c6e   0x00000002   PAD
    0x08003c70   0x08003c70   0x000006a0   Code   RO         1078    .text.core_main     core_main.o
    0x08004310   0x08004310   0x00000236   Code   RO         1149    .text.core_state_transition  core_state.o
    0x08004546   0x08004546   0x00000002   PAD
    0x08004548   0x08004548   0x0000001c   Code   RO         1175    .text.crc16         core_util.o
    0x08004564   0x08004564   0x00000004   PAD
    0x08004568   0x08004568   0x00000034   Code   RO         1171    .text.crcu16        core_util.o
    0x0800459c   0x0800459c   0x00000004   PAD
    0x080045a0   0x080045a0   0x00000032   Code   RO         1173    .text.crcu32        core_util.o
    0x080045d2   0x080045d2   0x00000006   PAD
    0x080045d8   0x080045d8   0x000000b0   Code   RO         1169    .text.crcu8         core_util.o
    0x08004688   0x08004688   0x00000158   Code   RO          968    .text.dhrystone_benchmark  dhry_1.o
    0x080047e0   0x080047e0   0x00000028   Code   RO         1153    .text.ee_isdigit    core_state.o
    0x08004808   0x08004808   0x00000012   Code   RO           11    .text.fputc         main.o
    0x0800481a   0x0800481a   0x00000006   PAD
    0x08004820   0x08004820   0x0000006e   Code   RO         1167    .text.get_seed_32   core_util.o
    0x0800488e   0x0800488e   0x00000002   PAD
    0x08004890   0x08004890   0x00000020   Code   RO         1124    .text.get_time      core_portme.o
    0x080048b0   0x080048b0   0x00000080   Code   RO          966    .text.initialise_benchmark  dhry_1.o
    0x08004930   0x08004930   0x00000088   Code   RO         1076    .text.iterate       core_main.o
    0x080049b8   0x080049b8   0x00000510   Code   RO           15    .text.main          main.o
    0x08004ec8   0x08004ec8   0x0000005e   Code   RO         1097    .text.matrix_add_const  core_matrix.o
    0x08004f26   0x08004f26   0x00000002   PAD
    0x08004f28   0x08004f28   0x00000060   Code   RO         1099    .text.matrix_mul_const  core_matrix.o
    0x08004f88   0x08004f88   0x000000a0   Code   RO         1105    .text.matrix_mul_matrix  core_matrix.o
    0x08005028   0x08005028   0x000000b6   Code   RO         1107    .text.matrix_mul_matrix_bitextract  core_matrix.o
    0x080050de   0x080050de   0x00000002   PAD
    0x080050e0   0x080050e0   0x0000006e   Code   RO         1103    .text.matrix_mul_vect  core_matrix.o
    0x0800514e   0x0800514e   0x00000002   PAD
    0x08005150   0x08005150   0x000000a0   Code   RO         1101    .text.matrix_sum    core_matrix.o
    0x080051f0   0x080051f0   0x000000de   Code   RO         1095    .text.matrix_test   core_matrix.o
    0x080052ce   0x080052ce   0x00000002   PAD
    0x080052d0   0x080052d0   0x0000000e   Code   RO         1130    .text.portable_fini  core_portme.o
    0x080052de   0x080052de   0x00000002   PAD
    0x080052e0   0x080052e0   0x00000012   Code   RO         1128    .text.portable_init  core_portme.o
    0x080052f2   0x080052f2   0x00000006   PAD
    0x080052f8   0x080052f8   0x00000012   Code   RO         1120    .text.start_time    core_portme.o
    0x0800530a   0x0800530a   0x00000006   PAD
    0x08005310   0x08005310   0x00000012   Code   RO         1122    .text.stop_time     core_portme.o
    0x08005322   0x08005322   0x00000006   PAD
    0x08005328   0x08005328   0x00000028   Code   RO         1126    .text.time_in_secs  core_portme.o
    0x08005350   0x08005350   0x000006fc   Code   RO         1023    .text.whetstone_benchmark  whetstone.o
    0x08005a4c   0x08005a4c   0x00000020   Code   RO         1235    i.__0printf         mc_w.l(printfa.o)
    0x08005a6c   0x08005a6c   0x00000030   Code   RO         1313    i.__ARM_fpclassify  m_wv.l(fpclassify.o)
    0x08005a9c   0x08005a9c   0x00000004   PAD
    0x08005aa0   0x08005aa0   0x000001d4   Code   RO         1186    i.__hardfp_atan     m_wv.l(atan.o)
    0x08005c74   0x08005c74   0x00000004   PAD
    0x08005c78   0x08005c78   0x000000b0   Code   RO         1193    i.__hardfp_cos      m_wv.l(cos.o)
    0x08005d28   0x08005d28   0x00000258   Code   RO         1199    i.__hardfp_exp      m_wv.l(exp.o)
    0x08005f80   0x08005f80   0x00000224   Code   RO         1206    i.__hardfp_log      m_wv.l(log.o)
    0x080061a4   0x080061a4   0x00000004   PAD
    0x080061a8   0x080061a8   0x000000b0   Code   RO         1213    i.__hardfp_sin      m_wv.l(sin.o)
    0x08006258   0x08006258   0x00000066   Code   RO         1219    i.__hardfp_sqrt     m_wv.l(sqrt.o)
    0x080062be   0x080062be   0x00000002   PAD
    0x080062c0   0x080062c0   0x00000308   Code   RO         1318    i.__ieee754_rem_pio2  m_wv.l(rred.o)
    0x080065c8   0x080065c8   0x000000c4   Code   RO         1290    i.__kernel_cos      m_wv.l(cos_i.o)
    0x0800668c   0x0800668c   0x00000070   Code   RO         1315    i.__kernel_poly     m_wv.l(poly.o)
    0x080066fc   0x080066fc   0x00000004   PAD
    0x08006700   0x08006700   0x000000a0   Code   RO         1323    i.__kernel_sin      m_wv.l(sin_i.o)
    0x080067a0   0x080067a0   0x00000018   Code   RO         1293    i.__mathlib_dbl_divzero  m_wv.l(dunder.o)
    0x080067b8   0x080067b8   0x00000006   Code   RO         1294    i.__mathlib_dbl_infnan  m_wv.l(dunder.o)
    0x080067be   0x080067be   0x00000002   PAD
    0x080067c0   0x080067c0   0x00000018   Code   RO         1296    i.__mathlib_dbl_invalid  m_wv.l(dunder.o)
    0x080067d8   0x080067d8   0x00000018   Code   RO         1297    i.__mathlib_dbl_overflow  m_wv.l(dunder.o)
    0x080067f0   0x080067f0   0x00000018   Code   RO         1299    i.__mathlib_dbl_underflow  m_wv.l(dunder.o)
    0x08006808   0x08006808   0x0000000e   Code   RO         1389    i.__scatterload_copy  mc_w.l(handlers.o)
    0x08006816   0x08006816   0x00000002   Code   RO         1390    i.__scatterload_null  mc_w.l(handlers.o)
    0x08006818   0x08006818   0x0000000e   Code   RO         1391    i.__scatterload_zeroinit  mc_w.l(handlers.o)
    0x08006826   0x08006826   0x00000002   PAD
    0x08006828   0x08006828   0x0000000c   Code   RO         1361    i.__set_errno       mc_w.l(errno.o)
    0x08006834   0x08006834   0x00000184   Code   RO         1242    i._fp_digits        mc_w.l(printfa.o)
    0x080069b8   0x080069b8   0x000006dc   Code   RO         1243    i._printf_core      mc_w.l(printfa.o)
    0x08007094   0x08007094   0x00000024   Code   RO         1244    i._printf_post_padding  mc_w.l(printfa.o)
    0x080070b8   0x080070b8   0x0000002e   Code   RO         1245    i._printf_pre_padding  mc_w.l(printfa.o)
    0x080070e6   0x080070e6   0x00000018   Code   RO         1309    i.fabs              m_wv.l(fabs.o)
    0x080070fe   0x080070fe   0x00000002   PAD
    0x08007100   0x08007100   0x0000006c   Code   RO         1263    i.malloc            mc_w.l(malloc.o)
    0x0800716c   0x0800716c   0x00000004   PAD
    0x08007170   0x08007170   0x00000098   Data   RO         1189    .constdata          m_wv.l(atan.o)
    0x08007208   0x08007208   0x00000058   Data   RO         1202    .constdata          m_wv.l(exp.o)
    0x08007260   0x08007260   0x00000038   Data   RO         1209    .constdata          m_wv.l(log.o)
    0x08007298   0x08007298   0x00000030   Data   RO         1291    .constdata          m_wv.l(cos_i.o)
    0x080072c8   0x080072c8   0x00000008   Data   RO         1317    .constdata          m_wv.l(qnan.o)
    0x080072d0   0x080072d0   0x000000cc   Data   RO         1320    .constdata          m_wv.l(rred.o)
    0x0800739c   0x0800739c   0x00000004   PAD
    0x080073a0   0x080073a0   0x00000028   Data   RO         1324    .constdata          m_wv.l(sin_i.o)
    0x080073c8   0x080073c8   0x00000010   Data   RO          958    .rodata.D1CorePrescTable  system_stm32h7xx.o
    0x080073d8   0x080073d8   0x000000b4   Data   RO           25    .rodata.str1.1      main.o
    0x0800748c   0x0800748c   0x0000007c   Data   RO          983    .rodata.str1.1      dhry_1.o
    0x08007508   0x08007508   0x000001e7   Data   RO         1080    .rodata.str1.1      core_main.o
    0x080076ef   0x080076ef   0x00000080   Data   RO         1159    .rodata.str1.1      core_state.o
    0x0800776f   0x0800776f   0x00000036   Data   RO         1179    .rodata.str1.1      core_util.o
    0x080077a5   0x080077a5   0x00000003   PAD
    0x080077a8   0x080077a8   0x00000020   Data   RO         1388    Region$$Table       anon$$obj.o


    Execution Region RW_IRAM1 (Exec base: 0x20000000, Load base: 0x080077c8, Size: 0x00000000, Max: 0x00020000, ABSOLUTE)

    **** No section assigned to this execution region ****


    Execution Region RW_IRAM2 (Exec base: 0x24000000, Load base: 0x080077c8, Size: 0x00001800, Max: 0x00080000, ABSOLUTE)

    Exec Addr    Load Addr    Size         Type   Attr      Idx    E Section Name        Object

    0x24000000   0x080077c8   0x00000004   Data   RW         1357    .data               mc_w.l(mvars.o)
    0x24000004   0x080077cc   0x00000004   Data   RW         1358    .data               mc_w.l(mvars.o)
    0x24000008   0x080077d0   0x00000004   Data   RW         1362    .data               mc_w.l(errno.o)
    0x2400000c   0x080077d4   0x00000004   Data   RW          956    .data.SystemCoreClock  system_stm32h7xx.o
    0x24000010   0x080077d8   0x00000004   Data   RW          957    .data.SystemD2Clock  system_stm32h7xx.o
    0x24000014   0x080077dc   0x00000004   Data   RW         1139    .data.default_num_contexts  core_portme.o
    0x24000018   0x080077e0   0x00000010   Data   RW         1158    .data.errpat        core_state.o
    0x24000028   0x080077f0   0x00000010   Data   RW         1156    .data.floatpat      core_state.o
    0x24000038   0x08007800   0x00000010   Data   RW         1155    .data.intpat        core_state.o
    0x24000048   0x08007810   0x0000000a   Data   RW         1083    .data.list_known_crc  core_main.o
    0x24000052   0x0800781a   0x0000000a   Data   RW         1084    .data.matrix_known_crc  core_main.o
    0x2400005c   0x08007824   0x00000010   Data   RW         1157    .data.scipat        core_state.o
    0x2400006c   0x08007834   0x00000004   Data   RW         1134    .data.seed3_volatile  core_portme.o
    0x24000070   0x08007838   0x0000000a   Data   RW         1085    .data.state_known_crc  core_main.o
    0x2400007a   0x08007842   0x00000001   Data   RW          734    .data.uwTickFreq    stm32h7xx_hal.o
    0x2400007b   0x08007843   0x00000001   PAD
    0x2400007c   0x08007844   0x00000004   Data   RW          733    .data.uwTickPrio    stm32h7xx_hal.o
    0x24000080        -       0x00000050   Zero   RW          988    .bss.Arr_1_Glob     dhry_1.o
    0x240000d0        -       0x00000640   Zero   RW          985    .bss.Arr_2_Glob     dhry_1.o
    0x24000710        -       0x00000004   Zero   RW          987    .bss.Bool_Glob      dhry_1.o
    0x24000714        -       0x00000001   Zero   RW          991    .bss.Ch_1_Glob      dhry_1.o
    0x24000715        -       0x00000001   Zero   RW          989    .bss.Ch_2_Glob      dhry_1.o
    0x24000716   0x08007848   0x00000002   PAD
    0x24000718        -       0x00000004   Zero   RW           26    .bss.CoreMark       main.o
    0x2400071c   0x08007848   0x00000004   PAD
    0x24000720        -       0x00000028   Zero   RW         1034    .bss.E1             whetstone.o
    0x24000748        -       0x00000004   Zero   RW          990    .bss.Int_Glob       dhry_1.o
    0x2400074c        -       0x00000004   Zero   RW         1035    .bss.J              whetstone.o
    0x24000750        -       0x00000004   Zero   RW         1036    .bss.K              whetstone.o
    0x24000754        -       0x00000004   Zero   RW         1037    .bss.L              whetstone.o
    0x24000758        -       0x00000004   Zero   RW          981    .bss.Next_Ptr_Glob  dhry_1.o
    0x2400075c        -       0x00000004   Zero   RW          982    .bss.Ptr_Glob       dhry_1.o
    0x24000760        -       0x0000001f   Zero   RW          984    .bss.Str_1_Loc      dhry_1.o
    0x2400077f        -       0x0000001f   Zero   RW          986    .bss.Str_2_Loc      dhry_1.o
    0x2400079e   0x08007848   0x00000002   PAD
    0x240007a0        -       0x00000008   Zero   RW         1031    .bss.T              whetstone.o
    0x240007a8        -       0x00000054   Zero   RW           27    .bss.__stdout       main.o
    0x240007fc        -       0x00000004   Zero   RW         1132    .bss.seed1_volatile  core_portme.o
    0x24000800        -       0x00000004   Zero   RW         1133    .bss.seed2_volatile  core_portme.o
    0x24000804        -       0x00000004   Zero   RW         1135    .bss.seed4_volatile  core_portme.o
    0x24000808        -       0x00000004   Zero   RW         1136    .bss.seed5_volatile  core_portme.o
    0x2400080c        -       0x00000004   Zero   RW         1137    .bss.start_time_val  core_portme.o
    0x24000810        -       0x000007d0   Zero   RW         1082    .bss.static_memblk  core_main.o
    0x24000fe0        -       0x00000004   Zero   RW         1138    .bss.stop_time_val  core_portme.o
    0x24000fe4   0x08007848   0x00000004   PAD
    0x24000fe8        -       0x00000008   Zero   RW         1032    .bss.t1             whetstone.o
    0x24000ff0        -       0x00000008   Zero   RW         1033    .bss.t2             whetstone.o
    0x24000ff8        -       0x00000004   Zero   RW          735    .bss.uwTick         stm32h7xx_hal.o
    0x24000ffc   0x08007848   0x00000004   PAD
    0x24001000        -       0x00000400   Zero   RW            2    HEAP                startup_stm32h743xx.o
    0x24001400        -       0x00000400   Zero   RW            1    STACK               startup_stm32h743xx.o


==============================================================================

Image component sizes


      Code (inc. data)   RO Data    RW Data    ZI Data      Debug   Object Name

      1992          0          0          0          0       6348   core_list_join.o
      1832          0        487         30       2000       3803   core_main.o
      1404          0          0          0          0       4300   core_matrix.o
       148          8          0          8         24       2033   core_portme.o
      1266         16        128         64          0       3352   core_state.o
       458          6         54          0          0       1821   core_util.o
       630          0        124          0       1760       3254   dhry_1.o
       588          6          0          0          0       2323   dhry_2.o
      2314         24        180          0         88      12937   main.o
        36          8        664          0       2048        884   startup_stm32h743xx.o
       308          0          0          5          4      13793   stm32h7xx_hal.o
       410          0          0          0          0      11359   stm32h7xx_hal_cortex.o
      1012          0          0          0          0       7042   stm32h7xx_hal_gpio.o
        36          0          0          0          0       2274   stm32h7xx_hal_msp.o
       162          0          0          0          0      10356   stm32h7xx_hal_pwr_ex.o
      4756         66          0          0          0      11824   stm32h7xx_hal_rcc.o
        34          0          0          0          0       1066   stm32h7xx_it.o
      1122         62         16          8          0       5891   system_stm32h7xx.o
      2236          0          0          0         76       3124   whetstone.o

    ----------------------------------------------------------------------
     21008        200       1688        116       6016     107784   Object Totals
         0          0         32          0          0          0   (incl. Generated)
       264          4          3          1         16          0   (incl. Padding)

    ----------------------------------------------------------------------

      Code (inc. data)   RO Data    RW Data    ZI Data      Debug   Library Member Name

       468         66        152          0          0        224   atan.o
       176         18          0          0          0        156   cos.o
       196         14         48          0          0        176   cos_i.o
       102         52          0          0          0        580   dunder.o
       600        114         88          0          0        260   exp.o
        24          0          0          0          0        124   fabs.o
        48          0          0          0          0        124   fpclassify.o
       548         68         56          0          0        312   log.o
       112          0          0          0          0        116   poly.o
         0          0          8          0          0          0   qnan.o
       776        130        204          0          0        172   rred.o
       176         18          0          0          0        160   sin.o
       160         16         40          0          0        196   sin_i.o
       102          0          0          0          0        140   sqrt.o
         0          0          0          0          0          0   entry.o
         0          0          0          0          0          0   entry10a.o
         0          0          0          0          0          0   entry11a.o
         8          4          0          0          0          0   entry2.o
         4          0          0          0          0          0   entry5.o
         0          0          0          0          0          0   entry7b.o
         0          0          0          0          0          0   entry8b.o
         8          4          0          0          0          0   entry9a.o
        12          6          0          4          0         68   errno.o
        30          0          0          0          0          0   handlers.o
        36          8          0          0          0         68   init.o
         0          0          0          0          0          0   iusefp.o
        30          0          0          0          0         68   llshl.o
        36          0          0          0          0         68   llsshr.o
        32          0          0          0          0         68   llushr.o
       108         16          0          0          0         84   malloc.o
        36          0          0          0          0        108   memseta.o
         0          0          0          8          0          0   mvars.o
      2258         90          0          0          0        452   printfa.o
        28          0          0          0          0         76   strcmp.o
        18          0          0          0          0         68   strcpy.o
        44          0          0          0          0         80   uidiv.o
        98          0          0          0          0         92   uldiv.o
        48          0          0          0          0         68   cdrcmple.o
       334          0          0          0          0        148   dadd.o
       222          0          0          0          0        100   ddiv.o
       186          0          0          0          0        176   depilogue.o
        48          0          0          0          0         68   dfixul.o
       228          0          0          0          0         96   dmul.o

    ----------------------------------------------------------------------
      7368        636        600         12          0       4696   Library Totals
        28         12          4          0          0          0   (incl. Padding)

    ----------------------------------------------------------------------

      Code (inc. data)   RO Data    RW Data    ZI Data      Debug   Library Name

      3488        496        596          0          0       2740   m_wv.l
      2786        128          0         12          0       1300   mc_w.l
      1066          0          0          0          0        656   mf_w.l

    ----------------------------------------------------------------------
      7368        636        600         12          0       4696   Library Totals

    ----------------------------------------------------------------------

==============================================================================


      Code (inc. data)   RO Data    RW Data    ZI Data      Debug   

     28376        836       2288        128       6016     109756   Grand Totals
     28376        836       2288        128       6016     109756   ELF Image Totals
     28376        836       2288        128          0          0   ROM Totals

==============================================================================

    Total RO  Size (Code + RO Data)                30664 (  29.95kB)
    Total RW  Size (RW Data + ZI Data)              6144 (   6.00kB)
    Total ROM Size (Code + RO Data + RW Data)      30792 (  30.07kB)

==============================================================================

