Component: ARM Compiler 6.16 Tool: armlink [5dfeaa00]

==============================================================================

Section Cross References

    cm0dsasm.o(RESET) refers to cm0dsasm.o(.text) for Reset_Handler
    cm0dsasm.o(.text) refers to entry.o(.ARM.Collect$$$$00000000) for __main
    main.o(.ARM.exidx) refers to main.o(.text) for [Anonymous Symbol]
    entry.o(.ARM.Collect$$$$00000000) refers (Special) to entry10a.o(.ARM.Collect$$$$0000000D) for __rt_final_cpp
    entry.o(.ARM.Collect$$$$00000000) refers (Special) to entry11a.o(.ARM.Collect$$$$0000000F) for __rt_final_exit
    entry.o(.ARM.Collect$$$$00000000) refers (Special) to entry7b.o(.ARM.Collect$$$$00000008) for _main_clock
    entry.o(.ARM.Collect$$$$00000000) refers (Special) to entry8b.o(.ARM.Collect$$$$0000000A) for _main_cpp_init
    entry.o(.ARM.Collect$$$$00000000) refers (Special) to entry9a.o(.ARM.Collect$$$$0000000B) for _main_init
    entry.o(.ARM.Collect$$$$00000000) refers (Special) to entry5.o(.ARM.Collect$$$$00000004) for _main_scatterload
    entry.o(.ARM.Collect$$$$00000000) refers (Special) to entry2.o(.ARM.Collect$$$$00000001) for _main_stk
    entry2.o(.ARM.Collect$$$$00000001) refers to entry2.o(.ARM.Collect$$$$00002712) for __lit__00000000
    entry2.o(.ARM.Collect$$$$00002712) refers to cm0dsasm.o(STACK) for __initial_sp
    entry2.o(__vectab_stack_and_reset_area) refers to cm0dsasm.o(STACK) for __initial_sp
    entry2.o(__vectab_stack_and_reset_area) refers to entry.o(.ARM.Collect$$$$00000000) for __main
    entry5.o(.ARM.Collect$$$$00000004) refers to init.o(.text) for __scatterload
    entry9a.o(.ARM.Collect$$$$0000000B) refers to main.o(.text) for main
    entry9b.o(.ARM.Collect$$$$0000000C) refers to main.o(.text) for main
    init.o(.text) refers to entry5.o(.ARM.Collect$$$$00000004) for __main_after_scatterload


==============================================================================

Removing Unused input sections from the image.

    Removing cm0dsasm.o(HEAP), (32 bytes).
    Removing main.o(.ARM.exidx), (8 bytes).
    Removing main.o(.ARM.use_no_argv), (4 bytes).

3 unused section(s) (total 44 bytes) removed from the image.

==============================================================================

Image Symbol Table

    Local Symbols

    Symbol Name                              Value     Ov Type        Size  Object(Section)

    ../clib/microlib/init/entry.s            0x00000000   Number         0  entry.o ABSOLUTE
    ../clib/microlib/init/entry.s            0x00000000   Number         0  entry2.o ABSOLUTE
    ../clib/microlib/init/entry.s            0x00000000   Number         0  entry5.o ABSOLUTE
    ../clib/microlib/init/entry.s            0x00000000   Number         0  entry7a.o ABSOLUTE
    ../clib/microlib/init/entry.s            0x00000000   Number         0  entry7b.o ABSOLUTE
    ../clib/microlib/init/entry.s            0x00000000   Number         0  entry8a.o ABSOLUTE
    ../clib/microlib/init/entry.s            0x00000000   Number         0  entry8b.o ABSOLUTE
    ../clib/microlib/init/entry.s            0x00000000   Number         0  entry9a.o ABSOLUTE
    ../clib/microlib/init/entry.s            0x00000000   Number         0  entry9b.o ABSOLUTE
    ../clib/microlib/init/entry.s            0x00000000   Number         0  entry10a.o ABSOLUTE
    ../clib/microlib/init/entry.s            0x00000000   Number         0  entry10b.o ABSOLUTE
    ../clib/microlib/init/entry.s            0x00000000   Number         0  entry11a.o ABSOLUTE
    ../clib/microlib/init/entry.s            0x00000000   Number         0  entry11b.o ABSOLUTE
    cm0dsasm.s                               0x00000000   Number         0  cm0dsasm.o ABSOLUTE
    dc.s                                     0x00000000   Number         0  dc.o ABSOLUTE
    handlers.s                               0x00000000   Number         0  handlers.o ABSOLUTE
    init.s                                   0x00000000   Number         0  init.o ABSOLUTE
    main.c                                   0x00000000   Number         0  main.o ABSOLUTE
    RESET                                    0x00000000   Section      128  cm0dsasm.o(RESET)
    .ARM.Collect$$$$00000000                 0x00000080   Section        0  entry.o(.ARM.Collect$$$$00000000)
    .ARM.Collect$$$$00000001                 0x00000080   Section        4  entry2.o(.ARM.Collect$$$$00000001)
    .ARM.Collect$$$$00000004                 0x00000084   Section        4  entry5.o(.ARM.Collect$$$$00000004)
    .ARM.Collect$$$$00000008                 0x00000088   Section        0  entry7b.o(.ARM.Collect$$$$00000008)
    .ARM.Collect$$$$0000000A                 0x00000088   Section        0  entry8b.o(.ARM.Collect$$$$0000000A)
    .ARM.Collect$$$$0000000B                 0x00000088   Section        8  entry9a.o(.ARM.Collect$$$$0000000B)
    __lit__00000000                          0x00000090   Data           4  entry2.o(.ARM.Collect$$$$00002712)
    .ARM.Collect$$$$0000000D                 0x00000090   Section        0  entry10a.o(.ARM.Collect$$$$0000000D)
    .ARM.Collect$$$$0000000F                 0x00000090   Section        0  entry11a.o(.ARM.Collect$$$$0000000F)
    .ARM.Collect$$$$00002712                 0x00000090   Section        4  entry2.o(.ARM.Collect$$$$00002712)
    .text                                    0x00000094   Section        8  cm0dsasm.o(.text)
    [Anonymous Symbol]                       0x0000009c   Section        0  main.o(.text)
    .text                                    0x000000c4   Section       36  init.o(.text)
    i.__scatterload_copy                     0x000000e8   Section       14  handlers.o(i.__scatterload_copy)
    i.__scatterload_null                     0x000000f6   Section        2  handlers.o(i.__scatterload_null)
    i.__scatterload_zeroinit                 0x000000f8   Section       14  handlers.o(i.__scatterload_zeroinit)
    STACK                                    0x00000120   Section       32  cm0dsasm.o(STACK)

    Global Symbols

    Symbol Name                              Value     Ov Type        Size  Object(Section)

    BuildAttributes$$THM_ISAv3M$S$PE$A:L22$X:L11$S22$IEEE1$IW$~IW$USESV6$~STKCKD$USESV7$~SHL$OSPACE$EBA8$MICROLIB$REQ8$PRES8$EABIv2 0x00000000   Number         0  anon$$obj.o ABSOLUTE
    __Vectors                                0x00000000   Data           4  cm0dsasm.o(RESET)
    __cpp_initialize__aeabi_                  - Undefined Weak Reference
    __cxa_finalize                            - Undefined Weak Reference
    __decompress                              - Undefined Weak Reference
    _clock_init                               - Undefined Weak Reference
    _microlib_exit                            - Undefined Weak Reference
    __main                                   0x00000081   Thumb Code     0  entry.o(.ARM.Collect$$$$00000000)
    _main_stk                                0x00000081   Thumb Code     0  entry2.o(.ARM.Collect$$$$00000001)
    _main_scatterload                        0x00000085   Thumb Code     0  entry5.o(.ARM.Collect$$$$00000004)
    __main_after_scatterload                 0x00000089   Thumb Code     0  entry5.o(.ARM.Collect$$$$00000004)
    _main_clock                              0x00000089   Thumb Code     0  entry7b.o(.ARM.Collect$$$$00000008)
    _main_cpp_init                           0x00000089   Thumb Code     0  entry8b.o(.ARM.Collect$$$$0000000A)
    _main_init                               0x00000089   Thumb Code     0  entry9a.o(.ARM.Collect$$$$0000000B)
    __rt_final_cpp                           0x00000091   Thumb Code     0  entry10a.o(.ARM.Collect$$$$0000000D)
    __rt_final_exit                          0x00000091   Thumb Code     0  entry11a.o(.ARM.Collect$$$$0000000F)
    Reset_Handler                            0x00000095   Thumb Code     4  cm0dsasm.o(.text)
    main                                     0x0000009d   Thumb Code    38  main.o(.text)
    __scatterload                            0x000000c5   Thumb Code    28  init.o(.text)
    __scatterload_rt2                        0x000000c5   Thumb Code     0  init.o(.text)
    __scatterload_copy                       0x000000e9   Thumb Code    14  handlers.o(i.__scatterload_copy)
    __scatterload_null                       0x000000f7   Thumb Code     2  handlers.o(i.__scatterload_null)
    __scatterload_zeroinit                   0x000000f9   Thumb Code    14  handlers.o(i.__scatterload_zeroinit)
    Region$$Table$$Base                      0x00000108   Number         0  anon$$obj.o(Region$$Table)
    Region$$Table$$Limit                     0x00000118   Number         0  anon$$obj.o(Region$$Table)
    __initial_sp                             0x00000140   Data           0  cm0dsasm.o(STACK)



==============================================================================

Memory Map of the image

  Image Entry point : 0x00000095

  Load Region LR_1 (Base: 0x00000000, Size: 0x00000118, Max: 0xffffffff, ABSOLUTE)

    Execution Region ER_RO (Exec base: 0x00000000, Load base: 0x00000000, Size: 0x00000118, Max: 0xffffffff, ABSOLUTE)

    Exec Addr    Load Addr    Size         Type   Attr      Idx    E Section Name        Object

    0x00000000   0x00000000   0x00000080   Data   RO            3    RESET               cm0dsasm.o
    0x00000080   0x00000080   0x00000000   Code   RO           19  * .ARM.Collect$$$$00000000  mc_p.l(entry.o)
    0x00000080   0x00000080   0x00000004   Code   RO           22    .ARM.Collect$$$$00000001  mc_p.l(entry2.o)
    0x00000084   0x00000084   0x00000004   Code   RO           25    .ARM.Collect$$$$00000004  mc_p.l(entry5.o)
    0x00000088   0x00000088   0x00000000   Code   RO           27    .ARM.Collect$$$$00000008  mc_p.l(entry7b.o)
    0x00000088   0x00000088   0x00000000   Code   RO           29    .ARM.Collect$$$$0000000A  mc_p.l(entry8b.o)
    0x00000088   0x00000088   0x00000008   Code   RO           30    .ARM.Collect$$$$0000000B  mc_p.l(entry9a.o)
    0x00000090   0x00000090   0x00000000   Code   RO           32    .ARM.Collect$$$$0000000D  mc_p.l(entry10a.o)
    0x00000090   0x00000090   0x00000000   Code   RO           34    .ARM.Collect$$$$0000000F  mc_p.l(entry11a.o)
    0x00000090   0x00000090   0x00000004   Code   RO           23    .ARM.Collect$$$$00002712  mc_p.l(entry2.o)
    0x00000094   0x00000094   0x00000008   Code   RO            4  * .text               cm0dsasm.o
    0x0000009c   0x0000009c   0x00000026   Code   RO           10    .text               main.o
    0x000000c2   0x000000c2   0x00000002   PAD
    0x000000c4   0x000000c4   0x00000024   Code   RO           36    .text               mc_p.l(init.o)
    0x000000e8   0x000000e8   0x0000000e   Code   RO           40    i.__scatterload_copy  mc_p.l(handlers.o)
    0x000000f6   0x000000f6   0x00000002   Code   RO           41    i.__scatterload_null  mc_p.l(handlers.o)
    0x000000f8   0x000000f8   0x0000000e   Code   RO           42    i.__scatterload_zeroinit  mc_p.l(handlers.o)
    0x00000106   0x00000106   0x00000002   PAD
    0x00000108   0x00000108   0x00000010   Data   RO           39    Region$$Table       anon$$obj.o


    Execution Region ER_RW (Exec base: 0x00000118, Load base: 0x00000118, Size: 0x00000000, Max: 0xffffffff, ABSOLUTE)

    **** No section assigned to this execution region ****


    Execution Region ER_ZI (Exec base: 0x00000120, Load base: 0x00000118, Size: 0x00000020, Max: 0xffffffff, ABSOLUTE)

    Exec Addr    Load Addr    Size         Type   Attr      Idx    E Section Name        Object

    0x00000120        -       0x00000020   Zero   RW            1    STACK               cm0dsasm.o


==============================================================================

Image component sizes


      Code (inc. data)   RO Data    RW Data    ZI Data      Debug   Object Name

         8          4        128          0         32        376   cm0dsasm.o
        38          0          0          0          0        675   main.o

    ----------------------------------------------------------------------
        48          4        144          0         32       1051   Object Totals
         0          0         16          0          0          0   (incl. Generated)
         2          0          0          0          0          0   (incl. Padding)

    ----------------------------------------------------------------------

      Code (inc. data)   RO Data    RW Data    ZI Data      Debug   Library Member Name

         0          0          0          0          0          0   entry.o
         0          0          0          0          0          0   entry10a.o
         0          0          0          0          0          0   entry11a.o
         8          4          0          0          0          0   entry2.o
         4          0          0          0          0          0   entry5.o
         0          0          0          0          0          0   entry7b.o
         0          0          0          0          0          0   entry8b.o
         8          4          0          0          0          0   entry9a.o
        30          0          0          0          0          0   handlers.o
        36          8          0          0          0         68   init.o

    ----------------------------------------------------------------------
        88         16          0          0          0         68   Library Totals
         2          0          0          0          0          0   (incl. Padding)

    ----------------------------------------------------------------------

      Code (inc. data)   RO Data    RW Data    ZI Data      Debug   Library Name

        86         16          0          0          0         68   mc_p.l

    ----------------------------------------------------------------------
        88         16          0          0          0         68   Library Totals

    ----------------------------------------------------------------------

==============================================================================


      Code (inc. data)   RO Data    RW Data    ZI Data      Debug   

       136         20        144          0         32       1271   Grand Totals
       136         20        144          0         32       1271   ELF Image Totals
       136         20        144          0          0          0   ROM Totals

==============================================================================

    Total RO  Size (Code + RO Data)                  280 (   0.27kB)
    Total RW  Size (RW Data + ZI Data)                32 (   0.03kB)
    Total ROM Size (Code + RO Data + RW Data)        280 (   0.27kB)

==============================================================================

