Component: ARM Compiler 6.16 Tool: armlink [5dfeaa00]

==============================================================================

Section Cross References

    startup_stm32h743xx.o(STACK) refers (Special) to heapauxi.o(.text) for __use_two_region_memory
    startup_stm32h743xx.o(HEAP) refers (Special) to heapauxi.o(.text) for __use_two_region_memory
    startup_stm32h743xx.o(RESET) refers (Special) to heapauxi.o(.text) for __use_two_region_memory
    startup_stm32h743xx.o(RESET) refers to startup_stm32h743xx.o(STACK) for __initial_sp
    startup_stm32h743xx.o(RESET) refers to startup_stm32h743xx.o(.text) for Reset_Handler
    startup_stm32h743xx.o(RESET) refers to stm32h7xx_it.o(.text.SysTick_Handler) for SysTick_Handler
    startup_stm32h743xx.o(.text) refers (Special) to heapauxi.o(.text) for __use_two_region_memory
    startup_stm32h743xx.o(.text) refers to system_stm32h7xx.o(.text.SystemInit) for SystemInit
    startup_stm32h743xx.o(.text) refers to __main.o(!!!main) for __main
    startup_stm32h743xx.o(.text) refers to startup_stm32h743xx.o(HEAP) for Heap_Mem
    startup_stm32h743xx.o(.text) refers to startup_stm32h743xx.o(STACK) for Stack_Mem
    main.o(.text.fputc) refers to main.o(.text.ITM_SendChar) for ITM_SendChar
    main.o(.ARM.exidx.text.fputc) refers to main.o(.text.fputc) for [Anonymous Symbol]
    main.o(.ARM.exidx.text.ITM_SendChar) refers to main.o(.text.ITM_SendChar) for [Anonymous Symbol]
    main.o(.text.main) refers to stm32h7xx_hal.o(.text.HAL_Init) for HAL_Init
    main.o(.text.main) refers to main.o(.text.SystemClock_Config) for SystemClock_Config
    main.o(.text.main) refers to main.o(.text.MX_GPIO_Init) for MX_GPIO_Init
    main.o(.text.main) refers to main.o(.rodata.str1.1) for .L.str
    main.o(.text.main) refers to printf.o(.text) for printf
    main.o(.text.main) refers to stm32h7xx_hal.o(.text.HAL_Delay) for HAL_Delay
    main.o(.text.main) refers to stm32h7xx_hal_rcc.o(.text.HAL_RCC_GetHCLKFreq) for HAL_RCC_GetHCLKFreq
    main.o(.text.main) refers to stm32h7xx_hal.o(.text.HAL_GetTick) for HAL_GetTick
    main.o(.ARM.exidx.text.main) refers to main.o(.text.main) for [Anonymous Symbol]
    main.o(.text.SystemClock_Config) refers to rt_memclr_w.o(.text) for __aeabi_memclr4
    main.o(.text.SystemClock_Config) refers to stm32h7xx_hal_rcc.o(.text.HAL_RCC_OscConfig) for HAL_RCC_OscConfig
    main.o(.text.SystemClock_Config) refers to main.o(.text.Error_Handler) for Error_Handler
    main.o(.text.SystemClock_Config) refers to stm32h7xx_hal_rcc.o(.text.HAL_RCC_ClockConfig) for HAL_RCC_ClockConfig
    main.o(.ARM.exidx.text.SystemClock_Config) refers to main.o(.text.SystemClock_Config) for [Anonymous Symbol]
    main.o(.text.MX_GPIO_Init) refers to stm32h7xx_hal_gpio.o(.text.HAL_GPIO_WritePin) for HAL_GPIO_WritePin
    main.o(.text.MX_GPIO_Init) refers to stm32h7xx_hal_gpio.o(.text.HAL_GPIO_Init) for HAL_GPIO_Init
    main.o(.ARM.exidx.text.MX_GPIO_Init) refers to main.o(.text.MX_GPIO_Init) for [Anonymous Symbol]
    main.o(.ARM.exidx.text.Error_Handler) refers to main.o(.text.Error_Handler) for [Anonymous Symbol]
    stm32h7xx_it.o(.text.SysTick_Handler) refers to stm32h7xx_hal.o(.text.HAL_IncTick) for HAL_IncTick
    stm32h7xx_it.o(.ARM.exidx.text.SysTick_Handler) refers to stm32h7xx_it.o(.text.SysTick_Handler) for [Anonymous Symbol]
    stm32h7xx_hal_msp.o(.ARM.exidx.text.HAL_MspInit) refers to stm32h7xx_hal_msp.o(.text.HAL_MspInit) for [Anonymous Symbol]
    stm32h7xx_hal_cortex.o(.text.HAL_NVIC_SetPriorityGrouping) refers to stm32h7xx_hal_cortex.o(.text.__NVIC_SetPriorityGrouping) for __NVIC_SetPriorityGrouping
    stm32h7xx_hal_cortex.o(.ARM.exidx.text.HAL_NVIC_SetPriorityGrouping) refers to stm32h7xx_hal_cortex.o(.text.HAL_NVIC_SetPriorityGrouping) for [Anonymous Symbol]
    stm32h7xx_hal_cortex.o(.ARM.exidx.text.__NVIC_SetPriorityGrouping) refers to stm32h7xx_hal_cortex.o(.text.__NVIC_SetPriorityGrouping) for [Anonymous Symbol]
    stm32h7xx_hal_cortex.o(.text.HAL_NVIC_SetPriority) refers to stm32h7xx_hal_cortex.o(.text.__NVIC_GetPriorityGrouping) for __NVIC_GetPriorityGrouping
    stm32h7xx_hal_cortex.o(.text.HAL_NVIC_SetPriority) refers to stm32h7xx_hal_cortex.o(.text.NVIC_EncodePriority) for NVIC_EncodePriority
    stm32h7xx_hal_cortex.o(.text.HAL_NVIC_SetPriority) refers to stm32h7xx_hal_cortex.o(.text.__NVIC_SetPriority) for __NVIC_SetPriority
    stm32h7xx_hal_cortex.o(.ARM.exidx.text.HAL_NVIC_SetPriority) refers to stm32h7xx_hal_cortex.o(.text.HAL_NVIC_SetPriority) for [Anonymous Symbol]
    stm32h7xx_hal_cortex.o(.ARM.exidx.text.__NVIC_GetPriorityGrouping) refers to stm32h7xx_hal_cortex.o(.text.__NVIC_GetPriorityGrouping) for [Anonymous Symbol]
    stm32h7xx_hal_cortex.o(.ARM.exidx.text.__NVIC_SetPriority) refers to stm32h7xx_hal_cortex.o(.text.__NVIC_SetPriority) for [Anonymous Symbol]
    stm32h7xx_hal_cortex.o(.ARM.exidx.text.NVIC_EncodePriority) refers to stm32h7xx_hal_cortex.o(.text.NVIC_EncodePriority) for [Anonymous Symbol]
[...]
    .ARM.Collect$$_printf_percent$$0000000E  0x0800035e   Section        6  _printf_lld.o(.ARM.Collect$$_printf_percent$$0000000E)
    .ARM.Collect$$_printf_percent$$0000000F  0x08000364   Section        6  _printf_llu.o(.ARM.Collect$$_printf_percent$$0000000F)
    .ARM.Collect$$_printf_percent$$00000010  0x0800036a   Section        6  _printf_llo.o(.ARM.Collect$$_printf_percent$$00000010)
    .ARM.Collect$$_printf_percent$$00000011  0x08000370   Section        6  _printf_llx.o(.ARM.Collect$$_printf_percent$$00000011)
    .ARM.Collect$$_printf_percent$$00000012  0x08000376   Section       10  _printf_l.o(.ARM.Collect$$_printf_percent$$00000012)
    .ARM.Collect$$_printf_percent$$00000013  0x08000380   Section        6  _printf_c.o(.ARM.Collect$$_printf_percent$$00000013)
    .ARM.Collect$$_printf_percent$$00000014  0x08000386   Section        6  _printf_s.o(.ARM.Collect$$_printf_percent$$00000014)
    .ARM.Collect$$_printf_percent$$00000015  0x0800038c   Section        6  _printf_lc.o(.ARM.Collect$$_printf_percent$$00000015)
    .ARM.Collect$$_printf_percent$$00000016  0x08000392   Section        6  _printf_ls.o(.ARM.Collect$$_printf_percent$$00000016)
    .ARM.Collect$$_printf_percent$$00000017  0x08000398   Section        4  _printf_percent_end.o(.ARM.Collect$$_printf_percent$$00000017)
    .ARM.Collect$$libinit$$00000000          0x0800039c   Section        2  libinit.o(.ARM.Collect$$libinit$$00000000)
    .ARM.Collect$$libinit$$00000002          0x0800039e   Section        0  libinit2.o(.ARM.Collect$$libinit$$00000002)
    .ARM.Collect$$libinit$$00000004          0x0800039e   Section        0  libinit2.o(.ARM.Collect$$libinit$$00000004)
    .ARM.Collect$$libinit$$0000000A          0x0800039e   Section        0  libinit2.o(.ARM.Collect$$libinit$$0000000A)
    .ARM.Collect$$libinit$$0000000C          0x0800039e   Section        0  libinit2.o(.ARM.Collect$$libinit$$0000000C)
    .ARM.Collect$$libinit$$0000000E          0x0800039e   Section        0  libinit2.o(.ARM.Collect$$libinit$$0000000E)
    .ARM.Collect$$libinit$$0000000F          0x0800039e   Section        6  libinit2.o(.ARM.Collect$$libinit$$0000000F)
    .ARM.Collect$$libinit$$00000011          0x080003a4   Section        0  libinit2.o(.ARM.Collect$$libinit$$00000011)
    .ARM.Collect$$libinit$$00000012          0x080003a4   Section       12  libinit2.o(.ARM.Collect$$libinit$$00000012)
    .ARM.Collect$$libinit$$00000013          0x080003b0   Section        0  libinit2.o(.ARM.Collect$$libinit$$00000013)
    .ARM.Collect$$libinit$$00000015          0x080003b0   Section        0  libinit2.o(.ARM.Collect$$libinit$$00000015)
    .ARM.Collect$$libinit$$00000016          0x080003b0   Section       10  libinit2.o(.ARM.Collect$$libinit$$00000016)
    .ARM.Collect$$libinit$$00000017          0x080003ba   Section        0  libinit2.o(.ARM.Collect$$libinit$$00000017)
    .ARM.Collect$$libinit$$00000019          0x080003ba   Section        0  libinit2.o(.ARM.Collect$$libinit$$00000019)
    .ARM.Collect$$libinit$$0000001B          0x080003ba   Section        0  libinit2.o(.ARM.Collect$$libinit$$0000001B)
    .ARM.Collect$$libinit$$0000001D          0x080003ba   Section        0  libinit2.o(.ARM.Collect$$libinit$$0000001D)
    .ARM.Collect$$libinit$$0000001F          0x080003ba   Section        0  libinit2.o(.ARM.Collect$$libinit$$0000001F)
    .ARM.Collect$$libinit$$00000021          0x080003ba   Section        0  libinit2.o(.ARM.Collect$$libinit$$00000021)
    .ARM.Collect$$libinit$$00000023          0x080003ba   Section        0  libinit2.o(.ARM.Collect$$libinit$$00000023)
    .ARM.Collect$$libinit$$00000025          0x080003ba   Section        0  libinit2.o(.ARM.Collect$$libinit$$00000025)
    .ARM.Collect$$libinit$$0000002C          0x080003ba   Section        0  libinit2.o(.ARM.Collect$$libinit$$0000002C)
    .ARM.Collect$$libinit$$0000002E          0x080003ba   Section        0  libinit2.o(.ARM.Collect$$libinit$$0000002E)
    .ARM.Collect$$libinit$$00000030          0x080003ba   Section        0  libinit2.o(.ARM.Collect$$libinit$$00000030)
    .ARM.Collect$$libinit$$00000032          0x080003ba   Section        0  libinit2.o(.ARM.Collect$$libinit$$00000032)
    .ARM.Collect$$libinit$$00000033          0x080003ba   Section        2  libinit2.o(.ARM.Collect$$libinit$$00000033)
    .ARM.Collect$$libshutdown$$00000000      0x080003bc   Section        2  libshutdown.o(.ARM.Collect$$libshutdown$$00000000)
    .ARM.Collect$$libshutdown$$00000002      0x080003be   Section        0  libshutdown2.o(.ARM.Collect$$libshutdown$$00000002)
    .ARM.Collect$$libshutdown$$00000004      0x080003be   Section        0  libshutdown2.o(.ARM.Collect$$libshutdown$$00000004)
    .ARM.Collect$$libshutdown$$00000007      0x080003be   Section        0  libshutdown2.o(.ARM.Collect$$libshutdown$$00000007)
    .ARM.Collect$$libshutdown$$0000000A      0x080003be   Section        0  libshutdown2.o(.ARM.Collect$$libshutdown$$0000000A)
    .ARM.Collect$$libshutdown$$0000000C      0x080003be   Section        0  libshutdown2.o(.ARM.Collect$$libshutdown$$0000000C)
    .ARM.Collect$$libshutdown$$0000000F      0x080003be   Section        0  libshutdown2.o(.ARM.Collect$$libshutdown$$0000000F)
    .ARM.Collect$$libshutdown$$00000010      0x080003be   Section        2  libshutdown2.o(.ARM.Collect$$libshutdown$$00000010)
    .ARM.Collect$$rtentry$$00000000          0x080003c0   Section        0  __rtentry.o(.ARM.Collect$$rtentry$$00000000)
    .ARM.Collect$$rtentry$$00000002          0x080003c0   Section        0  __rtentry2.o(.ARM.Collect$$rtentry$$00000002)
    .ARM.Collect$$rtentry$$00000004          0x080003c0   Section        6  __rtentry4.o(.ARM.Collect$$rtentry$$00000004)
    .ARM.Collect$$rtentry$$00000009          0x080003c6   Section        0  __rtentry2.o(.ARM.Collect$$rtentry$$00000009)
    .ARM.Collect$$rtentry$$0000000A          0x080003c6   Section        4  __rtentry2.o(.ARM.Collect$$rtentry$$0000000A)
    .ARM.Collect$$rtentry$$0000000C          0x080003ca   Section        0  __rtentry2.o(.ARM.Collect$$rtentry$$0000000C)
    .ARM.Collect$$rtentry$$0000000D          0x080003ca   Section        8  __rtentry2.o(.ARM.Collect$$rtentry$$0000000D)
    .ARM.Collect$$rtexit$$00000000           0x080003d2   Section        2  rtexit.o(.ARM.Collect$$rtexit$$00000000)
    .ARM.Collect$$rtexit$$00000002           0x080003d4   Section        0  rtexit2.o(.ARM.Collect$$rtexit$$00000002)
    .ARM.Collect$$rtexit$$00000003           0x080003d4   Section        4  rtexit2.o(.ARM.Collect$$rtexit$$00000003)
    .ARM.Collect$$rtexit$$00000004           0x080003d8   Section        6  rtexit2.o(.ARM.Collect$$rtexit$$00000004)
    .text                                    0x080003e0   Section       64  startup_stm32h743xx.o(.text)
    .text                                    0x08000420   Section        0  printf.o(.text)
    .text                                    0x08000438   Section       78  rt_memclr_w.o(.text)
    .text                                    0x08000486   Section        0  heapauxi.o(.text)
    .text                                    0x0800048c   Section        0  _printf_pad.o(.text)
    .text                                    0x080004da   Section        0  _printf_truncate.o(.text)
    .text                                    0x080004fe   Section        0  _printf_str.o(.text)
    .text                                    0x08000550   Section        0  _printf_dec.o(.text)
    .text                                    0x080005c8   Section        0  _printf_charcount.o(.text)
    .text                                    0x080005f0   Section        0  _printf_char_file.o(.text)
    .text                                    0x08000614   Section        0  _printf_wctomb.o(.text)
    .text                                    0x080006d0   Section        0  _printf_longlong_dec.o(.text)
    _printf_longlong_oct_internal            0x0800074d   Thumb Code     0  _printf_oct_int_ll.o(.text)
    .text                                    0x0800074c   Section        0  _printf_oct_int_ll.o(.text)
    _printf_hex_common                       0x080007bd   Thumb Code     0  _printf_hex_int_ll_ptr.o(.text)
    .text                                    0x080007bc   Section        0  _printf_hex_int_ll_ptr.o(.text)
    .text                                    0x08000850   Section        0  __printf_flags_ss_wp.o(.text)
    .text                                    0x080009d8   Section      138  lludiv10.o(.text)
    .text                                    0x08000a62   Section        0  _printf_intcommon.o(.text)
    _fp_digits                               0x08000b15   Thumb Code   432  _printf_fp_dec.o(.text)
    .text                                    0x08000b14   Section        0  _printf_fp_dec.o(.text)
    .text                                    0x08000f30   Section        0  _printf_fp_hex.o(.text)
    _printf_input_char                       0x0800122d   Thumb Code    10  _printf_char_common.o(.text)
    .text                                    0x0800122c   Section        0  _printf_char_common.o(.text)
    .text                                    0x0800125c   Section        0  _printf_char.o(.text)
    .text                                    0x08001288   Section        0  _printf_wchar.o(.text)
    .text                                    0x080012b4   Section        0  ferror.o(.text)
    .text                                    0x080012bc   Section        0  _c16rtomb.o(.text)
    .text                                    0x08001304   Section       74  sys_stackheap_outer.o(.text)
    .text                                    0x08001350   Section       16  rt_ctype_table.o(.text)
    .text                                    0x08001360   Section        8  rt_locale_intlibspace.o(.text)
    .text                                    0x08001368   Section        0  _printf_fp_infnan.o(.text)
    .text                                    0x080013e8   Section        0  bigflt0.o(.text)
    .text                                    0x080014cc   Section        0  exit.o(.text)
    .text                                    0x080014e0   Section        8  libspace.o(.text)
    .text                                    0x080014e8   Section      124  strcmpv7m_pel.o(.text)
    .text                                    0x08001564   Section        0  sys_exit.o(.text)
    .text                                    0x08001570   Section        2  use_no_semi.o(.text)
    .text                                    0x08001572   Section        0  indicate_semi.o(.text)
    [Anonymous Symbol]                       0x08001578   Section        0  main.o(.text.Error_Handler)
    [Anonymous Symbol]                       0x08001580   Section        0  stm32h7xx_hal.o(.text.HAL_Delay)
    [Anonymous Symbol]                       0x080015c8   Section        0  stm32h7xx_hal_gpio.o(.text.HAL_GPIO_Init)
    [Anonymous Symbol]                       0x080019a0   Section        0  stm32h7xx_hal_gpio.o(.text.HAL_GPIO_WritePin)
    [Anonymous Symbol]                       0x080019d0   Section        0  stm32h7xx_hal.o(.text.HAL_GetTick)
    [Anonymous Symbol]                       0x080019e0   Section        0  stm32h7xx_hal.o(.text.HAL_IncTick)
    [Anonymous Symbol]                       0x08001a00   Section        0  stm32h7xx_hal.o(.text.HAL_Init)
    [Anonymous Symbol]                       0x08001a30   Section        0  stm32h7xx_hal.o(.text.HAL_InitTick)
    [Anonymous Symbol]                       0x08001aa0   Section        0  stm32h7xx_hal_msp.o(.text.HAL_MspInit)
    [Anonymous Symbol]                       0x08001ac8   Section        0  stm32h7xx_hal_cortex.o(.text.HAL_NVIC_SetPriority)
    [Anonymous Symbol]                       0x08001af8   Section        0  stm32h7xx_hal_cortex.o(.text.HAL_NVIC_SetPriorityGrouping)
    [Anonymous Symbol]                       0x08001b08   Section        0  stm32h7xx_hal_rcc_ex.o(.text.HAL_RCCEx_GetD1SysClockFreq)
    [Anonymous Symbol]                       0x08001b58   Section        0  stm32h7xx_hal_rcc.o(.text.HAL_RCC_ClockConfig)
    [Anonymous Symbol]                       0x08001ed0   Section        0  stm32h7xx_hal_rcc.o(.text.HAL_RCC_GetHCLKFreq)
    [Anonymous Symbol]                       0x08001f20   Section        0  stm32h7xx_hal_rcc.o(.text.HAL_RCC_GetSysClockFreq)
    [Anonymous Symbol]                       0x08002230   Section        0  stm32h7xx_hal_rcc.o(.text.HAL_RCC_OscConfig)
    [Anonymous Symbol]                       0x08002ba0   Section        0  stm32h7xx_hal_cortex.o(.text.HAL_SYSTICK_Config)
    ITM_SendChar                             0x08002bb1   Thumb Code    68  main.o(.text.ITM_SendChar)
    [Anonymous Symbol]                       0x08002bb0   Section        0  main.o(.text.ITM_SendChar)
    MX_GPIO_Init                             0x08002bf9   Thumb Code   548  main.o(.text.MX_GPIO_Init)
    [Anonymous Symbol]                       0x08002bf8   Section        0  main.o(.text.MX_GPIO_Init)
    NVIC_EncodePriority                      0x08002e21   Thumb Code   108  stm32h7xx_hal_cortex.o(.text.NVIC_EncodePriority)
    [Anonymous Symbol]                       0x08002e20   Section        0  stm32h7xx_hal_cortex.o(.text.NVIC_EncodePriority)
    SysTick_Config                           0x08002e91   Thumb Code    82  stm32h7xx_hal_cortex.o(.text.SysTick_Config)
    [Anonymous Symbol]                       0x08002e90   Section        0  stm32h7xx_hal_cortex.o(.text.SysTick_Config)
    [Anonymous Symbol]                       0x08002ee8   Section        0  stm32h7xx_it.o(.text.SysTick_Handler)
    [Anonymous Symbol]                       0x08002ef0   Section        0  main.o(.text.SystemClock_Config)
    [Anonymous Symbol]                       0x08002fc8   Section        0  system_stm32h7xx.o(.text.SystemInit)
    __NVIC_GetPriorityGrouping               0x08003091   Thumb Code    16  stm32h7xx_hal_cortex.o(.text.__NVIC_GetPriorityGrouping)
    [Anonymous Symbol]                       0x08003090   Section        0  stm32h7xx_hal_cortex.o(.text.__NVIC_GetPriorityGrouping)
    __NVIC_SetPriority                       0x080030a1   Thumb Code    66  stm32h7xx_hal_cortex.o(.text.__NVIC_SetPriority)
    [Anonymous Symbol]                       0x080030a0   Section        0  stm32h7xx_hal_cortex.o(.text.__NVIC_SetPriority)
    __NVIC_SetPriorityGrouping               0x080030e9   Thumb Code    60  stm32h7xx_hal_cortex.o(.text.__NVIC_SetPriorityGrouping)
    [Anonymous Symbol]                       0x080030e8   Section        0  stm32h7xx_hal_cortex.o(.text.__NVIC_SetPriorityGrouping)
    [Anonymous Symbol]                       0x08003128   Section        0  main.o(.text.fputc)
    [Anonymous Symbol]                       0x08003140   Section        0  main.o(.text.main)
    CL$$btod_d2e                             0x0800341c   Section       62  btod.o(CL$$btod_d2e)
    CL$$btod_d2e_denorm_low                  0x0800345a   Section       70  btod.o(CL$$btod_d2e_denorm_low)
    CL$$btod_d2e_norm_op1                    0x080034a0   Section       96  btod.o(CL$$btod_d2e_norm_op1)
    CL$$btod_div_common                      0x08003500   Section      824  btod.o(CL$$btod_div_common)
    CL$$btod_e2e                             0x08003838   Section      220  btod.o(CL$$btod_e2e)
    CL$$btod_ediv                            0x08003914   Section       42  btod.o(CL$$btod_ediv)
    CL$$btod_emul                            0x0800393e   Section       42  btod.o(CL$$btod_emul)
    CL$$btod_mult_common                     0x08003968   Section      580  btod.o(CL$$btod_mult_common)
    i.__ARM_fpclassify                       0x08003bac   Section        0  fpclassify.o(i.__ARM_fpclassify)
    i._is_digit                              0x08003bd4   Section        0  __printf_wp.o(i._is_digit)
    locale$$code                             0x08003be4   Section       44  lc_numeric_c.o(locale$$code)
    locale$$code                             0x08003c10   Section       44  lc_ctype_c.o(locale$$code)
    x$fpl$fadd                               0x08003c3c   Section      196  faddsub_clz.o(x$fpl$fadd)
    _fadd1                                   0x08003c4b   Thumb Code     0  faddsub_clz.o(x$fpl$fadd)
    _fdiv1                                   0x08003d01   Thumb Code     0  fdiv.o(x$fpl$fdiv)
    x$fpl$fdiv                               0x08003d00   Section      388  fdiv.o(x$fpl$fdiv)
    x$fpl$ffixu                              0x08003e84   Section       62  ffixu.o(x$fpl$ffixu)
    x$fpl$ffltu                              0x08003ec4   Section       38  fflt_clz.o(x$fpl$ffltu)
    x$fpl$fmul                               0x08003eec   Section      258  fmul.o(x$fpl$fmul)
    x$fpl$fnaninf                            0x08003fee   Section      140  fnaninf.o(x$fpl$fnaninf)
    x$fpl$fretinf                            0x0800407a   Section       10  fretinf.o(x$fpl$fretinf)
    x$fpl$fsub                               0x08004084   Section      234  faddsub_clz.o(x$fpl$fsub)
    _fsub1                                   0x08004093   Thumb Code     0  faddsub_clz.o(x$fpl$fsub)
    x$fpl$printf1                            0x0800416e   Section        4  printf1.o(x$fpl$printf1)
    x$fpl$printf2                            0x08004172   Section        4  printf2.o(x$fpl$printf2)
    x$fpl$usenofp                            0x08004176   Section        0  usenofp.o(x$fpl$usenofp)
    initial_mbstate                          0x08004178   Data           8  _printf_wctomb.o(.constdata)
    .constdata                               0x08004178   Section        8  _printf_wctomb.o(.constdata)
    uc_hextab                                0x08004180   Data          20  _printf_hex_int_ll_ptr.o(.constdata)
    .constdata                               0x08004180   Section       40  _printf_hex_int_ll_ptr.o(.constdata)
    lc_hextab                                0x08004194   Data          20  _printf_hex_int_ll_ptr.o(.constdata)
    maptable                                 0x080041a8   Data          17  __printf_flags_ss_wp.o(.constdata)
    .constdata                               0x080041a8   Section       17  __printf_flags_ss_wp.o(.constdata)
    lc_hextab                                0x080041b9   Data          19  _printf_fp_hex.o(.constdata)
    .constdata                               0x080041b9   Section       38  _printf_fp_hex.o(.constdata)
    uc_hextab                                0x080041cc   Data          19  _printf_fp_hex.o(.constdata)
    tenpwrs_x                                0x080041e0   Data          60  bigflt0.o(.constdata)
    .constdata                               0x080041e0   Section      148  bigflt0.o(.constdata)
    tenpwrs_i                                0x0800421c   Data          64  bigflt0.o(.constdata)
    .L.str.3                                 0x08004284   Data          24  main.o(.rodata.str1.1)
    [Anonymous Symbol]                       0x08004284   Section        0  main.o(.rodata.str1.1)
    .L.str.6                                 0x0800429c   Data          46  main.o(.rodata.str1.1)
    .L.str.2                                 0x080042ca   Data          19  main.o(.rodata.str1.1)
    .L.str.4                                 0x080042dd   Data          27  main.o(.rodata.str1.1)
    .L.str.5                                 0x080042f8   Data          46  main.o(.rodata.str1.1)
    .L.str                                   0x08004326   Data          14  main.o(.rodata.str1.1)
    .L.str.1                                 0x08004334   Data          32  main.o(.rodata.str1.1)
    .L.str.7                                 0x08004354   Data          29  main.o(.rodata.str1.1)
    locale$$data                             0x08004394   Section       28  lc_numeric_c.o(locale$$data)
    __lcnum_c_name                           0x08004398   Data           2  lc_numeric_c.o(locale$$data)
    __lcnum_c_start                          0x080043a0   Data           0  lc_numeric_c.o(locale$$data)
    __lcnum_c_point                          0x080043ac   Data           0  lc_numeric_c.o(locale$$data)
    __lcnum_c_thousands                      0x080043ae   Data           0  lc_numeric_c.o(locale$$data)
    __lcnum_c_grouping                       0x080043af   Data           0  lc_numeric_c.o(locale$$data)
    __lcnum_c_end                            0x080043b0   Data           0  lc_numeric_c.o(locale$$data)
    locale$$data                             0x080043b0   Section      272  lc_ctype_c.o(locale$$data)
    __lcctype_c_name                         0x080043b4   Data           2  lc_ctype_c.o(locale$$data)
    __lcctype_c_start                        0x080043bc   Data           0  lc_ctype_c.o(locale$$data)
    __lcctype_c_end                          0x080044c0   Data           0  lc_ctype_c.o(locale$$data)
    uwTickFreq                               0x20000008   Data           1  stm32h7xx_hal.o(.data.uwTickFreq)
    [Anonymous Symbol]                       0x20000008   Section        0  stm32h7xx_hal.o(.data.uwTickFreq)
    uwTickPrio                               0x2000000c   Data           4  stm32h7xx_hal.o(.data.uwTickPrio)
    [Anonymous Symbol]                       0x2000000c   Section        0  stm32h7xx_hal.o(.data.uwTickPrio)
    .bss                                     0x20000010   Section       96  libspace.o(.bss)
    uwTick                                   0x200000c4   Data           4  stm32h7xx_hal.o(.bss.uwTick)
    [Anonymous Symbol]                       0x200000c4   Section        0  stm32h7xx_hal.o(.bss.uwTick)
    Heap_Mem                                 0x200000c8   Data        1024  startup_stm32h743xx.o(HEAP)
    HEAP                                     0x200000c8   Section     1024  startup_stm32h743xx.o(HEAP)
    Stack_Mem                                0x200004c8   Data        1024  startup_stm32h743xx.o(STACK)
    STACK                                    0x200004c8   Section     1024  startup_stm32h743xx.o(STACK)
    __initial_sp                             0x200008c8   Data           0  startup_stm32h743xx.o(STACK)

    Global Symbols

    Symbol Name                              Value     Ov Type        Size  Object(Section)

    BuildAttributes$$THM_ISAv4$E$P$D$K$B$S$7EM$PE$PLD8$A:L22UL41UL21$X:L11$S22US41US21$IEEE1$IW$~IW$USESV6$~STKCKD$USESV7$~SHL$OTIME$ROPI$IEEEJ$EBA8$UX$STANDARDLIB$REQ8$PRES8$EABIv2 0x00000000   Number         0  anon$$obj.o ABSOLUTE
    __fp_init_empty                          0x00000000   Number         0  fpinit_empty.o ABSOLUTE
    _printf_flags                            0x00000000   Number         0  printf_stubs.o ABSOLUTE
    _printf_return_value                     0x00000000   Number         0  printf_stubs.o ABSOLUTE
    _printf_sizespec                         0x00000000   Number         0  printf_stubs.o ABSOLUTE
    _printf_widthprec                        0x00000000   Number         0  printf_stubs.o ABSOLUTE
    __ARM_exceptions_init                     - Undefined Weak Reference
    __alloca_initialize                       - Undefined Weak Reference
    __arm_preinit_                            - Undefined Weak Reference
    __cpp_initialize__aeabi_                  - Undefined Weak Reference
    __cxa_finalize                            - Undefined Weak Reference
    __sigvec_lookup                           - Undefined Weak Reference
    _atexit_init                              - Undefined Weak Reference
    _call_atexit_fns                          - Undefined Weak Reference
    _clock_init                               - Undefined Weak Reference
    _fp_trap_init                             - Undefined Weak Reference
    _fp_trap_shutdown                         - Undefined Weak Reference
    _get_lc_collate                           - Undefined Weak Reference
    _get_lc_monetary                          - Undefined Weak Reference
    _get_lc_time                              - Undefined Weak Reference
    _getenv_init                              - Undefined Weak Reference
    _handle_redirection                       - Undefined Weak Reference
    _init_alloc                               - Undefined Weak Reference
    _init_user_alloc                          - Undefined Weak Reference
    _initio                                   - Undefined Weak Reference
    _mutex_acquire                            - Undefined Weak Reference
    _mutex_release                            - Undefined Weak Reference
    _printf_mbtowc                            - Undefined Weak Reference
    _printf_wc                                - Undefined Weak Reference
    _rand_init                                - Undefined Weak Reference
    _signal_finish                            - Undefined Weak Reference
    _signal_init                              - Undefined Weak Reference
    _terminate_alloc                          - Undefined Weak Reference
    _terminate_user_alloc                     - Undefined Weak Reference
    _terminateio                              - Undefined Weak Reference
    __Vectors_Size                           0x00000298   Number         0  startup_stm32h743xx.o ABSOLUTE
    __Vectors                                0x08000000   Data           4  startup_stm32h743xx.o(RESET)
    __Vectors_End                            0x08000298   Data           0  startup_stm32h743xx.o(RESET)
    __main                                   0x08000299   Thumb Code     8  __main.o(!!!main)
    __scatterload                            0x080002a1   Thumb Code     0  __scatter.o(!!!scatter)
    __scatterload_rt2                        0x080002a1   Thumb Code    44  __scatter.o(!!!scatter)
    __scatterload_rt2_thumb_only             0x080002a1   Thumb Code     0  __scatter.o(!!!scatter)
    __scatterload_null                       0x080002af   Thumb Code     0  __scatter.o(!!!scatter)
    __scatterload_copy                       0x080002d5   Thumb Code    26  __scatter_copy.o(!!handler_copy)
    __scatterload_zeroinit                   0x080002f1   Thumb Code    28  __scatter_zi.o(!!handler_zi)
    _printf_n                                0x0800030d   Thumb Code     0  _printf_n.o(.ARM.Collect$$_printf_percent$$00000001)
    _printf_percent                          0x0800030d   Thumb Code     0  _printf_percent.o(.ARM.Collect$$_printf_percent$$00000000)
    _printf_p                                0x08000313   Thumb Code     0  _printf_p.o(.ARM.Collect$$_printf_percent$$00000002)
    _printf_f                                0x08000319   Thumb Code     0  _printf_f.o(.ARM.Collect$$_printf_percent$$00000003)
    _printf_e                                0x0800031f   Thumb Code     0  _printf_e.o(.ARM.Collect$$_printf_percent$$00000004)
    _printf_g                                0x08000325   Thumb Code     0  _printf_g.o(.ARM.Collect$$_printf_percent$$00000005)
    _printf_a                                0x0800032b   Thumb Code     0  _printf_a.o(.ARM.Collect$$_printf_percent$$00000006)
    _printf_ll                               0x08000331   Thumb Code     0  _printf_ll.o(.ARM.Collect$$_printf_percent$$00000007)
    _printf_i                                0x0800033b   Thumb Code     0  _printf_i.o(.ARM.Collect$$_printf_percent$$00000008)
    _printf_d                                0x08000341   Thumb Code     0  _printf_d.o(.ARM.Collect$$_printf_percent$$00000009)
    _printf_u                                0x08000347   Thumb Code     0  _printf_u.o(.ARM.Collect$$_printf_percent$$0000000A)
    _printf_o                                0x0800034d   Thumb Code     0  _printf_o.o(.ARM.Collect$$_printf_percent$$0000000B)
    _printf_x                                0x08000353   Thumb Code     0  _printf_x.o(.ARM.Collect$$_printf_percent$$0000000C)
    _printf_lli                              0x08000359   Thumb Code     0  _printf_lli.o(.ARM.Collect$$_printf_percent$$0000000D)
    _printf_lld                              0x0800035f   Thumb Code     0  _printf_lld.o(.ARM.Collect$$_printf_percent$$0000000E)
    _printf_llu                              0x08000365   Thumb Code     0  _printf_llu.o(.ARM.Collect$$_printf_percent$$0000000F)
    _printf_llo                              0x0800036b   Thumb Code     0  _printf_llo.o(.ARM.Collect$$_printf_percent$$00000010)
    _printf_llx                              0x08000371   Thumb Code     0  _printf_llx.o(.ARM.Collect$$_printf_percent$$00000011)
    _printf_l                                0x08000377   Thumb Code     0  _printf_l.o(.ARM.Collect$$_printf_percent$$00000012)
    _printf_c                                0x08000381   Thumb Code     0  _printf_c.o(.ARM.Collect$$_printf_percent$$00000013)
    _printf_s                                0x08000387   Thumb Code     0  _printf_s.o(.ARM.Collect$$_printf_percent$$00000014)
    _printf_lc                               0x0800038d   Thumb Code     0  _printf_lc.o(.ARM.Collect$$_printf_percent$$00000015)
    _printf_ls                               0x08000393   Thumb Code     0  _printf_ls.o(.ARM.Collect$$_printf_percent$$00000016)
    _printf_percent_end                      0x08000399   Thumb Code     0  _printf_percent_end.o(.ARM.Collect$$_printf_percent$$00000017)
    __rt_lib_init                            0x0800039d   Thumb Code     0  libinit.o(.ARM.Collect$$libinit$$00000000)
    __rt_lib_init_fp_1                       0x0800039f   Thumb Code     0  libinit2.o(.ARM.Collect$$libinit$$00000002)
    __rt_lib_init_heap_1                     0x0800039f   Thumb Code     0  libinit2.o(.ARM.Collect$$libinit$$0000000A)
    __rt_lib_init_lc_common                  0x0800039f   Thumb Code     0  libinit2.o(.ARM.Collect$$libinit$$0000000F)
    __rt_lib_init_preinit_1                  0x0800039f   Thumb Code     0  libinit2.o(.ARM.Collect$$libinit$$00000004)
    __rt_lib_init_rand_1                     0x0800039f   Thumb Code     0  libinit2.o(.ARM.Collect$$libinit$$0000000E)
    __rt_lib_init_user_alloc_1               0x0800039f   Thumb Code     0  libinit2.o(.ARM.Collect$$libinit$$0000000C)
    __rt_lib_init_lc_collate_1               0x080003a5   Thumb Code     0  libinit2.o(.ARM.Collect$$libinit$$00000011)
    __rt_lib_init_lc_ctype_2                 0x080003a5   Thumb Code     0  libinit2.o(.ARM.Collect$$libinit$$00000012)
    __rt_lib_init_lc_ctype_1                 0x080003b1   Thumb Code     0  libinit2.o(.ARM.Collect$$libinit$$00000013)
    __rt_lib_init_lc_monetary_1              0x080003b1   Thumb Code     0  libinit2.o(.ARM.Collect$$libinit$$00000015)
    __rt_lib_init_lc_numeric_2               0x080003b1   Thumb Code     0  libinit2.o(.ARM.Collect$$libinit$$00000016)
    __rt_lib_init_alloca_1                   0x080003bb   Thumb Code     0  libinit2.o(.ARM.Collect$$libinit$$0000002E)
    __rt_lib_init_argv_1                     0x080003bb   Thumb Code     0  libinit2.o(.ARM.Collect$$libinit$$0000002C)
    __rt_lib_init_atexit_1                   0x080003bb   Thumb Code     0  libinit2.o(.ARM.Collect$$libinit$$0000001B)
    __rt_lib_init_clock_1                    0x080003bb   Thumb Code     0  libinit2.o(.ARM.Collect$$libinit$$00000021)
    __rt_lib_init_cpp_1                      0x080003bb   Thumb Code     0  libinit2.o(.ARM.Collect$$libinit$$00000032)
    __rt_lib_init_exceptions_1               0x080003bb   Thumb Code     0  libinit2.o(.ARM.Collect$$libinit$$00000030)
    __rt_lib_init_fp_trap_1                  0x080003bb   Thumb Code     0  libinit2.o(.ARM.Collect$$libinit$$0000001F)
    __rt_lib_init_getenv_1                   0x080003bb   Thumb Code     0  libinit2.o(.ARM.Collect$$libinit$$00000023)
    __rt_lib_init_lc_numeric_1               0x080003bb   Thumb Code     0  libinit2.o(.ARM.Collect$$libinit$$00000017)
    __rt_lib_init_lc_time_1                  0x080003bb   Thumb Code     0  libinit2.o(.ARM.Collect$$libinit$$00000019)
    __rt_lib_init_return                     0x080003bb   Thumb Code     0  libinit2.o(.ARM.Collect$$libinit$$00000033)
    __rt_lib_init_signal_1                   0x080003bb   Thumb Code     0  libinit2.o(.ARM.Collect$$libinit$$0000001D)
    __rt_lib_init_stdio_1                    0x080003bb   Thumb Code     0  libinit2.o(.ARM.Collect$$libinit$$00000025)
    __rt_lib_shutdown                        0x080003bd   Thumb Code     0  libshutdown.o(.ARM.Collect$$libshutdown$$00000000)
    __rt_lib_shutdown_cpp_1                  0x080003bf   Thumb Code     0  libshutdown2.o(.ARM.Collect$$libshutdown$$00000002)
    __rt_lib_shutdown_fp_trap_1              0x080003bf   Thumb Code     0  libshutdown2.o(.ARM.Collect$$libshutdown$$00000007)
    __rt_lib_shutdown_heap_1                 0x080003bf   Thumb Code     0  libshutdown2.o(.ARM.Collect$$libshutdown$$0000000F)
    __rt_lib_shutdown_return                 0x080003bf   Thumb Code     0  libshutdown2.o(.ARM.Collect$$libshutdown$$00000010)
    __rt_lib_shutdown_signal_1               0x080003bf   Thumb Code     0  libshutdown2.o(.ARM.Collect$$libshutdown$$0000000A)
    __rt_lib_shutdown_stdio_1                0x080003bf   Thumb Code     0  libshutdown2.o(.ARM.Collect$$libshutdown$$00000004)
    __rt_lib_shutdown_user_alloc_1           0x080003bf   Thumb Code     0  libshutdown2.o(.ARM.Collect$$libshutdown$$0000000C)
    __rt_entry                               0x080003c1   Thumb Code     0  __rtentry.o(.ARM.Collect$$rtentry$$00000000)
    __rt_entry_presh_1                       0x080003c1   Thumb Code     0  __rtentry2.o(.ARM.Collect$$rtentry$$00000002)
    __rt_entry_sh                            0x080003c1   Thumb Code     0  __rtentry4.o(.ARM.Collect$$rtentry$$00000004)
    __rt_entry_li                            0x080003c7   Thumb Code     0  __rtentry2.o(.ARM.Collect$$rtentry$$0000000A)
    __rt_entry_postsh_1                      0x080003c7   Thumb Code     0  __rtentry2.o(.ARM.Collect$$rtentry$$00000009)
    __rt_entry_main                          0x080003cb   Thumb Code     0  __rtentry2.o(.ARM.Collect$$rtentry$$0000000D)
    __rt_entry_postli_1                      0x080003cb   Thumb Code     0  __rtentry2.o(.ARM.Collect$$rtentry$$0000000C)
    __rt_exit                                0x080003d3   Thumb Code     0  rtexit.o(.ARM.Collect$$rtexit$$00000000)
    __rt_exit_ls                             0x080003d5   Thumb Code     0  rtexit2.o(.ARM.Collect$$rtexit$$00000003)
    __rt_exit_prels_1                        0x080003d5   Thumb Code     0  rtexit2.o(.ARM.Collect$$rtexit$$00000002)
    __rt_exit_exit                           0x080003d9   Thumb Code     0  rtexit2.o(.ARM.Collect$$rtexit$$00000004)
    Reset_Handler                            0x080003e1   Thumb Code     8  startup_stm32h743xx.o(.text)
    NMI_Handler                              0x080003e9   Thumb Code     2  startup_stm32h743xx.o(.text)
    HardFault_Handler                        0x080003eb   Thumb Code     2  startup_stm32h743xx.o(.text)
    MemManage_Handler                        0x080003ed   Thumb Code     2  startup_stm32h743xx.o(.text)
    BusFault_Handler                         0x080003ef   Thumb Code     2  startup_stm32h743xx.o(.text)
    UsageFault_Handler                       0x080003f1   Thumb Code     2  startup_stm32h743xx.o(.text)
    SVC_Handler                              0x080003f3   Thumb Code     2  startup_stm32h743xx.o(.text)
    DebugMon_Handler                         0x080003f5   Thumb Code     2  startup_stm32h743xx.o(.text)
    PendSV_Handler                           0x080003f7   Thumb Code     2  startup_stm32h743xx.o(.text)
    ADC3_IRQHandler                          0x080003fb   Thumb Code     0  startup_stm32h743xx.o(.text)
    ADC_IRQHandler                           0x080003fb   Thumb Code     0  startup_stm32h743xx.o(.text)
    BDMA_Channel0_IRQHandler                 0x080003fb   Thumb Code     0  startup_stm32h743xx.o(.text)
    BDMA_Channel1_IRQHandler                 0x080003fb   Thumb Code     0  startup_stm32h743xx.o(.text)
    BDMA_Channel2_IRQHandler                 0x080003fb   Thumb Code     0  startup_stm32h743xx.o(.text)
    BDMA_Channel3_IRQHandler                 0x080003fb   Thumb Code     0  startup_stm32h743xx.o(.text)
    BDMA_Channel4_IRQHandler                 0x080003fb   Thumb Code     0  startup_stm32h743xx.o(.text)
    BDMA_Channel5_IRQHandler                 0x080003fb   Thumb Code     0  startup_stm32h743xx.o(.text)
    BDMA_Channel6_IRQHandler                 0x080003fb   Thumb Code     0  startup_stm32h743xx.o(.text)
    BDMA_Channel7_IRQHandler                 0x080003fb   Thumb Code     0  startup_stm32h743xx.o(.text)
    CEC_IRQHandler                           0x080003fb   Thumb Code     0  startup_stm32h743xx.o(.text)
    COMP1_IRQHandler                         0x080003fb   Thumb Code     0  startup_stm32h743xx.o(.text)
    CRS_IRQHandler                           0x080003fb   Thumb Code     0  startup_stm32h743xx.o(.text)
    DCMI_IRQHandler                          0x080003fb   Thumb Code     0  startup_stm32h743xx.o(.text)
    DFSDM1_FLT0_IRQHandler                   0x080003fb   Thumb Code     0  startup_stm32h743xx.o(.text)
    DFSDM1_FLT1_IRQHandler                   0x080003fb   Thumb Code     0  startup_stm32h743xx.o(.text)
    DFSDM1_FLT2_IRQHandler                   0x080003fb   Thumb Code     0  startup_stm32h743xx.o(.text)
    DFSDM1_FLT3_IRQHandler                   0x080003fb   Thumb Code     0  startup_stm32h743xx.o(.text)
    DMA1_Stream0_IRQHandler                  0x080003fb   Thumb Code     0  startup_stm32h743xx.o(.text)
    DMA1_Stream1_IRQHandler                  0x080003fb   Thumb Code     0  startup_stm32h743xx.o(.text)
    DMA1_Stream2_IRQHandler                  0x080003fb   Thumb Code     0  startup_stm32h743xx.o(.text)
    DMA1_Stream3_IRQHandler                  0x080003fb   Thumb Code     0  startup_stm32h743xx.o(.text)
    DMA1_Stream4_IRQHandler                  0x080003fb   Thumb Code     0  startup_stm32h743xx.o(.text)
    DMA1_Stream5_IRQHandler                  0x080003fb   Thumb Code     0  startup_stm32h743xx.o(.text)
    DMA1_Stream6_IRQHandler                  0x080003fb   Thumb Code     0  startup_stm32h743xx.o(.text)
    DMA1_Stream7_IRQHandler                  0x080003fb   Thumb Code     0  startup_stm32h743xx.o(.text)
    DMA2D_IRQHandler                         0x080003fb   Thumb Code     0  startup_stm32h743xx.o(.text)
    DMA2_Stream0_IRQHandler                  0x080003fb   Thumb Code     0  startup_stm32h743xx.o(.text)
    DMA2_Stream1_IRQHandler                  0x080003fb   Thumb Code     0  startup_stm32h743xx.o(.text)
    DMA2_Stream2_IRQHandler                  0x080003fb   Thumb Code     0  startup_stm32h743xx.o(.text)
    DMA2_Stream3_IRQHandler                  0x080003fb   Thumb Code     0  startup_stm32h743xx.o(.text)
    DMA2_Stream4_IRQHandler                  0x080003fb   Thumb Code     0  startup_stm32h743xx.o(.text)
    DMA2_Stream5_IRQHandler                  0x080003fb   Thumb Code     0  startup_stm32h743xx.o(.text)
    DMA2_Stream6_IRQHandler                  0x080003fb   Thumb Code     0  startup_stm32h743xx.o(.text)
    DMA2_Stream7_IRQHandler                  0x080003fb   Thumb Code     0  startup_stm32h743xx.o(.text)
    DMAMUX1_OVR_IRQHandler                   0x080003fb   Thumb Code     0  startup_stm32h743xx.o(.text)
    DMAMUX2_OVR_IRQHandler                   0x080003fb   Thumb Code     0  startup_stm32h743xx.o(.text)
    ETH_IRQHandler                           0x080003fb   Thumb Code     0  startup_stm32h743xx.o(.text)
    ETH_WKUP_IRQHandler                      0x080003fb   Thumb Code     0  startup_stm32h743xx.o(.text)
    EXTI0_IRQHandler                         0x080003fb   Thumb Code     0  startup_stm32h743xx.o(.text)
    EXTI15_10_IRQHandler                     0x080003fb   Thumb Code     0  startup_stm32h743xx.o(.text)
    EXTI1_IRQHandler                         0x080003fb   Thumb Code     0  startup_stm32h743xx.o(.text)
    EXTI2_IRQHandler                         0x080003fb   Thumb Code     0  startup_stm32h743xx.o(.text)
    EXTI3_IRQHandler                         0x080003fb   Thumb Code     0  startup_stm32h743xx.o(.text)
    EXTI4_IRQHandler                         0x080003fb   Thumb Code     0  startup_stm32h743xx.o(.text)
    EXTI9_5_IRQHandler                       0x080003fb   Thumb Code     0  startup_stm32h743xx.o(.text)
    FDCAN1_IT0_IRQHandler                    0x080003fb   Thumb Code     0  startup_stm32h743xx.o(.text)
    FDCAN1_IT1_IRQHandler                    0x080003fb   Thumb Code     0  startup_stm32h743xx.o(.text)
    FDCAN2_IT0_IRQHandler                    0x080003fb   Thumb Code     0  startup_stm32h743xx.o(.text)
    FDCAN2_IT1_IRQHandler                    0x080003fb   Thumb Code     0  startup_stm32h743xx.o(.text)
    FDCAN_CAL_IRQHandler                     0x080003fb   Thumb Code     0  startup_stm32h743xx.o(.text)
    FLASH_IRQHandler                         0x080003fb   Thumb Code     0  startup_stm32h743xx.o(.text)
    FMC_IRQHandler                           0x080003fb   Thumb Code     0  startup_stm32h743xx.o(.text)
    FPU_IRQHandler                           0x080003fb   Thumb Code     0  startup_stm32h743xx.o(.text)
    HRTIM1_FLT_IRQHandler                    0x080003fb   Thumb Code     0  startup_stm32h743xx.o(.text)
    HRTIM1_Master_IRQHandler                 0x080003fb   Thumb Code     0  startup_stm32h743xx.o(.text)
    HRTIM1_TIMA_IRQHandler                   0x080003fb   Thumb Code     0  startup_stm32h743xx.o(.text)
    HRTIM1_TIMB_IRQHandler                   0x080003fb   Thumb Code     0  startup_stm32h743xx.o(.text)
    HRTIM1_TIMC_IRQHandler                   0x080003fb   Thumb Code     0  startup_stm32h743xx.o(.text)
    HRTIM1_TIMD_IRQHandler                   0x080003fb   Thumb Code     0  startup_stm32h743xx.o(.text)
    HRTIM1_TIME_IRQHandler                   0x080003fb   Thumb Code     0  startup_stm32h743xx.o(.text)
    HSEM1_IRQHandler                         0x080003fb   Thumb Code     0  startup_stm32h743xx.o(.text)
    I2C1_ER_IRQHandler                       0x080003fb   Thumb Code     0  startup_stm32h743xx.o(.text)
    I2C1_EV_IRQHandler                       0x080003fb   Thumb Code     0  startup_stm32h743xx.o(.text)
    I2C2_ER_IRQHandler                       0x080003fb   Thumb Code     0  startup_stm32h743xx.o(.text)
    I2C2_EV_IRQHandler                       0x080003fb   Thumb Code     0  startup_stm32h743xx.o(.text)
    I2C3_ER_IRQHandler                       0x080003fb   Thumb Code     0  startup_stm32h743xx.o(.text)
    I2C3_EV_IRQHandler                       0x080003fb   Thumb Code     0  startup_stm32h743xx.o(.text)
    I2C4_ER_IRQHandler                       0x080003fb   Thumb Code     0  startup_stm32h743xx.o(.text)
    I2C4_EV_IRQHandler                       0x080003fb   Thumb Code     0  startup_stm32h743xx.o(.text)
    JPEG_IRQHandler                          0x080003fb   Thumb Code     0  startup_stm32h743xx.o(.text)
    LPTIM1_IRQHandler                        0x080003fb   Thumb Code     0  startup_stm32h743xx.o(.text)
    LPTIM2_IRQHandler                        0x080003fb   Thumb Code     0  startup_stm32h743xx.o(.text)
    LPTIM3_IRQHandler                        0x080003fb   Thumb Code     0  startup_stm32h743xx.o(.text)
    LPTIM4_IRQHandler                        0x080003fb   Thumb Code     0  startup_stm32h743xx.o(.text)
    LPTIM5_IRQHandler                        0x080003fb   Thumb Code     0  startup_stm32h743xx.o(.text)
    LPUART1_IRQHandler                       0x080003fb   Thumb Code     0  startup_stm32h743xx.o(.text)
    LTDC_ER_IRQHandler                       0x080003fb   Thumb Code     0  startup_stm32h743xx.o(.text)
    LTDC_IRQHandler                          0x080003fb   Thumb Code     0  startup_stm32h743xx.o(.text)
    MDIOS_IRQHandler                         0x080003fb   Thumb Code     0  startup_stm32h743xx.o(.text)
    MDIOS_WKUP_IRQHandler                    0x080003fb   Thumb Code     0  startup_stm32h743xx.o(.text)
    MDMA_IRQHandler                          0x080003fb   Thumb Code     0  startup_stm32h743xx.o(.text)
    OTG_FS_EP1_IN_IRQHandler                 0x080003fb   Thumb Code     0  startup_stm32h743xx.o(.text)
    OTG_FS_EP1_OUT_IRQHandler                0x080003fb   Thumb Code     0  startup_stm32h743xx.o(.text)
    OTG_FS_IRQHandler                        0x080003fb   Thumb Code     0  startup_stm32h743xx.o(.text)
    OTG_FS_WKUP_IRQHandler                   0x080003fb   Thumb Code     0  startup_stm32h743xx.o(.text)
    OTG_HS_EP1_IN_IRQHandler                 0x080003fb   Thumb Code     0  startup_stm32h743xx.o(.text)
    OTG_HS_EP1_OUT_IRQHandler                0x080003fb   Thumb Code     0  startup_stm32h743xx.o(.text)
    OTG_HS_IRQHandler                        0x080003fb   Thumb Code     0  startup_stm32h743xx.o(.text)
    OTG_HS_WKUP_IRQHandler                   0x080003fb   Thumb Code     0  startup_stm32h743xx.o(.text)
    PVD_AVD_IRQHandler                       0x080003fb   Thumb Code     0  startup_stm32h743xx.o(.text)
    QUADSPI_IRQHandler                       0x080003fb   Thumb Code     0  startup_stm32h743xx.o(.text)
    RCC_IRQHandler                           0x080003fb   Thumb Code     0  startup_stm32h743xx.o(.text)
    RNG_IRQHandler                           0x080003fb   Thumb Code     0  startup_stm32h743xx.o(.text)
    RTC_Alarm_IRQHandler                     0x080003fb   Thumb Code     0  startup_stm32h743xx.o(.text)
    RTC_WKUP_IRQHandler                      0x080003fb   Thumb Code     0  startup_stm32h743xx.o(.text)
    SAI1_IRQHandler                          0x080003fb   Thumb Code     0  startup_stm32h743xx.o(.text)
    SAI2_IRQHandler                          0x080003fb   Thumb Code     0  startup_stm32h743xx.o(.text)
    SAI3_IRQHandler                          0x080003fb   Thumb Code     0  startup_stm32h743xx.o(.text)
    SAI4_IRQHandler                          0x080003fb   Thumb Code     0  startup_stm32h743xx.o(.text)
    SDMMC1_IRQHandler                        0x080003fb   Thumb Code     0  startup_stm32h743xx.o(.text)
    SDMMC2_IRQHandler                        0x080003fb   Thumb Code     0  startup_stm32h743xx.o(.text)
    SPDIF_RX_IRQHandler                      0x080003fb   Thumb Code     0  startup_stm32h743xx.o(.text)
    SPI1_IRQHandler                          0x080003fb   Thumb Code     0  startup_stm32h743xx.o(.text)
    SPI2_IRQHandler                          0x080003fb   Thumb Code     0  startup_stm32h743xx.o(.text)
    SPI3_IRQHandler                          0x080003fb   Thumb Code     0  startup_stm32h743xx.o(.text)
    SPI4_IRQHandler                          0x080003fb   Thumb Code     0  startup_stm32h743xx.o(.text)
    SPI5_IRQHandler                          0x080003fb   Thumb Code     0  startup_stm32h743xx.o(.text)
    SPI6_IRQHandler                          0x080003fb   Thumb Code     0  startup_stm32h743xx.o(.text)
    SWPMI1_IRQHandler                        0x080003fb   Thumb Code     0  startup_stm32h743xx.o(.text)
    TAMP_STAMP_IRQHandler                    0x080003fb   Thumb Code     0  startup_stm32h743xx.o(.text)
    TIM15_IRQHandler                         0x080003fb   Thumb Code     0  startup_stm32h743xx.o(.text)
    TIM16_IRQHandler                         0x080003fb   Thumb Code     0  startup_stm32h743xx.o(.text)
    TIM17_IRQHandler                         0x080003fb   Thumb Code     0  startup_stm32h743xx.o(.text)
    TIM1_BRK_IRQHandler                      0x080003fb   Thumb Code     0  startup_stm32h743xx.o(.text)
    TIM1_CC_IRQHandler                       0x080003fb   Thumb Code     0  startup_stm32h743xx.o(.text)
    TIM1_TRG_COM_IRQHandler                  0x080003fb   Thumb Code     0  startup_stm32h743xx.o(.text)
    TIM1_UP_IRQHandler                       0x080003fb   Thumb Code     0  startup_stm32h743xx.o(.text)
    TIM2_IRQHandler                          0x080003fb   Thumb Code     0  startup_stm32h743xx.o(.text)
    TIM3_IRQHandler                          0x080003fb   Thumb Code     0  startup_stm32h743xx.o(.text)
    TIM4_IRQHandler                          0x080003fb   Thumb Code     0  startup_stm32h743xx.o(.text)
    TIM5_IRQHandler                          0x080003fb   Thumb Code     0  startup_stm32h743xx.o(.text)
    TIM6_DAC_IRQHandler                      0x080003fb   Thumb Code     0  startup_stm32h743xx.o(.text)
    TIM7_IRQHandler                          0x080003fb   Thumb Code     0  startup_stm32h743xx.o(.text)
    TIM8_BRK_TIM12_IRQHandler                0x080003fb   Thumb Code     0  startup_stm32h743xx.o(.text)
    TIM8_CC_IRQHandler                       0x080003fb   Thumb Code     0  startup_stm32h743xx.o(.text)
    TIM8_TRG_COM_TIM14_IRQHandler            0x080003fb   Thumb Code     0  startup_stm32h743xx.o(.text)
    TIM8_UP_TIM13_IRQHandler                 0x080003fb   Thumb Code     0  startup_stm32h743xx.o(.text)
    UART4_IRQHandler                         0x080003fb   Thumb Code     0  startup_stm32h743xx.o(.text)
    UART5_IRQHandler                         0x080003fb   Thumb Code     0  startup_stm32h743xx.o(.text)
    UART7_IRQHandler                         0x080003fb   Thumb Code     0  startup_stm32h743xx.o(.text)
    UART8_IRQHandler                         0x080003fb   Thumb Code     0  startup_stm32h743xx.o(.text)
    USART1_IRQHandler                        0x080003fb   Thumb Code     0  startup_stm32h743xx.o(.text)
    USART2_IRQHandler                        0x080003fb   Thumb Code     0  startup_stm32h743xx.o(.text)
    USART3_IRQHandler                        0x080003fb   Thumb Code     0  startup_stm32h743xx.o(.text)
    USART6_IRQHandler                        0x080003fb   Thumb Code     0  startup_stm32h743xx.o(.text)
    WAKEUP_PIN_IRQHandler                    0x080003fb   Thumb Code     0  startup_stm32h743xx.o(.text)
    WWDG_IRQHandler                          0x080003fb   Thumb Code     0  startup_stm32h743xx.o(.text)
    __user_initial_stackheap                 0x080003fd   Thumb Code     0  startup_stm32h743xx.o(.text)
    printf                                   0x08000421   Thumb Code    20  printf.o(.text)
    __aeabi_memclr4                          0x08000439   Thumb Code     0  rt_memclr_w.o(.text)
    __aeabi_memclr8                          0x08000439   Thumb Code     0  rt_memclr_w.o(.text)
    __rt_memclr_w                            0x08000439   Thumb Code     0  rt_memclr_w.o(.text)
    _memset_w                                0x0800043d   Thumb Code    74  rt_memclr_w.o(.text)
    __use_two_region_memory                  0x08000487   Thumb Code     2  heapauxi.o(.text)
    __rt_heap_escrow$2region                 0x08000489   Thumb Code     2  heapauxi.o(.text)
    __rt_heap_expand$2region                 0x0800048b   Thumb Code     2  heapauxi.o(.text)
    _printf_pre_padding                      0x0800048d   Thumb Code    44  _printf_pad.o(.text)
    _printf_post_padding                     0x080004b9   Thumb Code    34  _printf_pad.o(.text)
    _printf_truncate_signed                  0x080004db   Thumb Code    18  _printf_truncate.o(.text)
    _printf_truncate_unsigned                0x080004ed   Thumb Code    18  _printf_truncate.o(.text)
    _printf_str                              0x080004ff   Thumb Code    82  _printf_str.o(.text)
    _printf_int_dec                          0x08000551   Thumb Code   104  _printf_dec.o(.text)
    _printf_charcount                        0x080005c9   Thumb Code    40  _printf_charcount.o(.text)
    _printf_char_file                        0x080005f1   Thumb Code    32  _printf_char_file.o(.text)
    _printf_wctomb                           0x08000615   Thumb Code   182  _printf_wctomb.o(.text)
    _printf_longlong_dec                     0x080006d1   Thumb Code   108  _printf_longlong_dec.o(.text)
    _printf_longlong_oct                     0x0800074d   Thumb Code    68  _printf_oct_int_ll.o(.text)
    _printf_int_oct                          0x08000791   Thumb Code    24  _printf_oct_int_ll.o(.text)
    _printf_ll_oct                           0x080007a9   Thumb Code    12  _printf_oct_int_ll.o(.text)
    _printf_longlong_hex                     0x080007bd   Thumb Code    86  _printf_hex_int_ll_ptr.o(.text)
    _printf_int_hex                          0x08000813   Thumb Code    28  _printf_hex_int_ll_ptr.o(.text)
    _printf_ll_hex                           0x0800082f   Thumb Code    12  _printf_hex_int_ll_ptr.o(.text)
    _printf_hex_ptr                          0x0800083b   Thumb Code    18  _printf_hex_int_ll_ptr.o(.text)
    __printf                                 0x08000851   Thumb Code   388  __printf_flags_ss_wp.o(.text)
    _ll_udiv10                               0x080009d9   Thumb Code   138  lludiv10.o(.text)
    _printf_int_common                       0x08000a63   Thumb Code   178  _printf_intcommon.o(.text)
    _printf_fp_dec_real                      0x08000cc5   Thumb Code   620  _printf_fp_dec.o(.text)
    _printf_fp_hex_real                      0x08000f31   Thumb Code   756  _printf_fp_hex.o(.text)
    _printf_char_common                      0x08001237   Thumb Code    32  _printf_char_common.o(.text)
    _printf_cs_common                        0x0800125d   Thumb Code    20  _printf_char.o(.text)
    _printf_char                             0x08001271   Thumb Code    16  _printf_char.o(.text)
    _printf_string                           0x08001281   Thumb Code     8  _printf_char.o(.text)
    _printf_lcs_common                       0x08001289   Thumb Code    20  _printf_wchar.o(.text)
    _printf_wchar                            0x0800129d   Thumb Code    16  _printf_wchar.o(.text)
    _printf_wstring                          0x080012ad   Thumb Code     8  _printf_wchar.o(.text)
    ferror                                   0x080012b5   Thumb Code     8  ferror.o(.text)
    _c16rtomb                                0x080012bd   Thumb Code    72  _c16rtomb.o(.text)
    _wcrtomb                                 0x080012bd   Thumb Code     0  _c16rtomb.o(.text)
    __user_setup_stackheap                   0x08001305   Thumb Code    74  sys_stackheap_outer.o(.text)
    __rt_ctype_table                         0x08001351   Thumb Code    16  rt_ctype_table.o(.text)
    __rt_locale                              0x08001361   Thumb Code     8  rt_locale_intlibspace.o(.text)
    _printf_fp_infnan                        0x08001369   Thumb Code   112  _printf_fp_infnan.o(.text)
    _btod_etento                             0x080013e9   Thumb Code   224  bigflt0.o(.text)
    exit                                     0x080014cd   Thumb Code    18  exit.o(.text)
    __user_libspace                          0x080014e1   Thumb Code     8  libspace.o(.text)
    __user_perproc_libspace                  0x080014e1   Thumb Code     0  libspace.o(.text)
    __user_perthread_libspace                0x080014e1   Thumb Code     0  libspace.o(.text)
    strcmp                                   0x080014e9   Thumb Code   124  strcmpv7m_pel.o(.text)
    _sys_exit                                0x08001565   Thumb Code     8  sys_exit.o(.text)
    __I$use$semihosting                      0x08001571   Thumb Code     0  use_no_semi.o(.text)
    __use_no_semihosting_swi                 0x08001571   Thumb Code     2  use_no_semi.o(.text)
    __semihosting_library_function           0x08001573   Thumb Code     0  indicate_semi.o(.text)
    Error_Handler                            0x08001579   Thumb Code     4  main.o(.text.Error_Handler)
    HAL_Delay                                0x08001581   Thumb Code    66  stm32h7xx_hal.o(.text.HAL_Delay)
    HAL_GPIO_Init                            0x080015c9   Thumb Code   978  stm32h7xx_hal_gpio.o(.text.HAL_GPIO_Init)
    HAL_GPIO_WritePin                        0x080019a1   Thumb Code    44  stm32h7xx_hal_gpio.o(.text.HAL_GPIO_WritePin)
    HAL_GetTick                              0x080019d1   Thumb Code    12  stm32h7xx_hal.o(.text.HAL_GetTick)
    HAL_IncTick                              0x080019e1   Thumb Code    26  stm32h7xx_hal.o(.text.HAL_IncTick)
    HAL_Init                                 0x08001a01   Thumb Code    48  stm32h7xx_hal.o(.text.HAL_Init)
    HAL_InitTick                             0x08001a31   Thumb Code   112  stm32h7xx_hal.o(.text.HAL_InitTick)
    HAL_MspInit                              0x08001aa1   Thumb Code    36  stm32h7xx_hal_msp.o(.text.HAL_MspInit)
    HAL_NVIC_SetPriority                     0x08001ac9   Thumb Code    46  stm32h7xx_hal_cortex.o(.text.HAL_NVIC_SetPriority)
    HAL_NVIC_SetPriorityGrouping             0x08001af9   Thumb Code    16  stm32h7xx_hal_cortex.o(.text.HAL_NVIC_SetPriorityGrouping)
    HAL_RCCEx_GetD1SysClockFreq              0x08001b09   Thumb Code    76  stm32h7xx_hal_rcc_ex.o(.text.HAL_RCCEx_GetD1SysClockFreq)
    HAL_RCC_ClockConfig                      0x08001b59   Thumb Code   888  stm32h7xx_hal_rcc.o(.text.HAL_RCC_ClockConfig)
    HAL_RCC_GetHCLKFreq                      0x08001ed1   Thumb Code    74  stm32h7xx_hal_rcc.o(.text.HAL_RCC_GetHCLKFreq)
    HAL_RCC_GetSysClockFreq                  0x08001f21   Thumb Code   784  stm32h7xx_hal_rcc.o(.text.HAL_RCC_GetSysClockFreq)
    HAL_RCC_OscConfig                        0x08002231   Thumb Code  2410  stm32h7xx_hal_rcc.o(.text.HAL_RCC_OscConfig)
    HAL_SYSTICK_Config                       0x08002ba1   Thumb Code    16  stm32h7xx_hal_cortex.o(.text.HAL_SYSTICK_Config)
    SysTick_Handler                          0x08002ee9   Thumb Code     8  stm32h7xx_it.o(.text.SysTick_Handler)
    SystemClock_Config                       0x08002ef1   Thumb Code   216  main.o(.text.SystemClock_Config)
    SystemInit                               0x08002fc9   Thumb Code   198  system_stm32h7xx.o(.text.SystemInit)
    fputc                                    0x08003129   Thumb Code    18  main.o(.text.fputc)
    main                                     0x08003141   Thumb Code   732  main.o(.text.main)
    _btod_d2e                                0x0800341d   Thumb Code    62  btod.o(CL$$btod_d2e)
    _d2e_denorm_low                          0x0800345b   Thumb Code    70  btod.o(CL$$btod_d2e_denorm_low)
    _d2e_norm_op1                            0x080034a1   Thumb Code    96  btod.o(CL$$btod_d2e_norm_op1)
    __btod_div_common                        0x08003501   Thumb Code   696  btod.o(CL$$btod_div_common)
    _e2e                                     0x08003839   Thumb Code   220  btod.o(CL$$btod_e2e)
    _btod_ediv                               0x08003915   Thumb Code    42  btod.o(CL$$btod_ediv)
    _btod_emul                               0x0800393f   Thumb Code    42  btod.o(CL$$btod_emul)
    __btod_mult_common                       0x08003969   Thumb Code   580  btod.o(CL$$btod_mult_common)
    __ARM_fpclassify                         0x08003bad   Thumb Code    40  fpclassify.o(i.__ARM_fpclassify)
    _is_digit                                0x08003bd5   Thumb Code    14  __printf_wp.o(i._is_digit)
    _get_lc_numeric                          0x08003be5   Thumb Code    44  lc_numeric_c.o(locale$$code)
    _get_lc_ctype                            0x08003c11   Thumb Code    44  lc_ctype_c.o(locale$$code)
    __aeabi_fadd                             0x08003c3d   Thumb Code     0  faddsub_clz.o(x$fpl$fadd)
    _fadd                                    0x08003c3d   Thumb Code   196  faddsub_clz.o(x$fpl$fadd)
    __aeabi_fdiv                             0x08003d01   Thumb Code     0  fdiv.o(x$fpl$fdiv)
    _fdiv                                    0x08003d01   Thumb Code   384  fdiv.o(x$fpl$fdiv)
    __aeabi_f2uiz                            0x08003e85   Thumb Code     0  ffixu.o(x$fpl$ffixu)
    _ffixu                                   0x08003e85   Thumb Code    62  ffixu.o(x$fpl$ffixu)
    __aeabi_ui2f                             0x08003ec5   Thumb Code     0  fflt_clz.o(x$fpl$ffltu)
    _ffltu                                   0x08003ec5   Thumb Code    38  fflt_clz.o(x$fpl$ffltu)
    __aeabi_fmul                             0x08003eed   Thumb Code     0  fmul.o(x$fpl$fmul)
    _fmul                                    0x08003eed   Thumb Code   258  fmul.o(x$fpl$fmul)
    __fpl_fnaninf                            0x08003fef   Thumb Code   140  fnaninf.o(x$fpl$fnaninf)
    __fpl_fretinf                            0x0800407b   Thumb Code    10  fretinf.o(x$fpl$fretinf)
    __aeabi_fsub                             0x08004085   Thumb Code     0  faddsub_clz.o(x$fpl$fsub)
    _fsub                                    0x08004085   Thumb Code   234  faddsub_clz.o(x$fpl$fsub)
    _printf_fp_dec                           0x0800416f   Thumb Code     4  printf1.o(x$fpl$printf1)
    _printf_fp_hex                           0x08004173   Thumb Code     4  printf2.o(x$fpl$printf2)
    __I$use$fp                               0x08004176   Number         0  usenofp.o(x$fpl$usenofp)
    D1CorePrescTable                         0x08004274   Data          16  system_stm32h7xx.o(.rodata.D1CorePrescTable)
    Region$$Table$$Base                      0x08004374   Number         0  anon$$obj.o(Region$$Table)
    Region$$Table$$Limit                     0x08004394   Number         0  anon$$obj.o(Region$$Table)
    __ctype                                  0x080043bd   Data           0  lc_ctype_c.o(locale$$data)
    SystemCoreClock                          0x20000000   Data           4  system_stm32h7xx.o(.data.SystemCoreClock)
    SystemD2Clock                            0x20000004   Data           4  system_stm32h7xx.o(.data.SystemD2Clock)
    __libspace_start                         0x20000010   Data          96  libspace.o(.bss)
    __stdout                                 0x20000070   Data          84  main.o(.bss.__stdout)
    __temporary_stack_top$libspace           0x20000070   Data           0  libspace.o(.bss)



==============================================================================

Memory Map of the image

  Image Entry point : 0x08000299

  Load Region LR_IROM1 (Base: 0x08000000, Size: 0x000044d0, Max: 0x00200000, ABSOLUTE)

    Execution Region ER_IROM1 (Exec base: 0x08000000, Load base: 0x08000000, Size: 0x000044c0, Max: 0x00200000, ABSOLUTE)

    Exec Addr    Load Addr    Size         Type   Attr      Idx    E Section Name        Object

    0x08000000   0x08000000   0x00000298   Data   RO            3    RESET               startup_stm32h743xx.o
    0x08000298   0x08000298   0x00000008   Code   RO          902  * !!!main             c_w.l(__main.o)
    0x080002a0   0x080002a0   0x00000034   Code   RO         1267    !!!scatter          c_w.l(__scatter.o)
    0x080002d4   0x080002d4   0x0000001a   Code   RO         1269    !!handler_copy      c_w.l(__scatter_copy.o)
    0x080002ee   0x080002ee   0x00000002   PAD
    0x080002f0   0x080002f0   0x0000001c   Code   RO         1271    !!handler_zi        c_w.l(__scatter_zi.o)
    0x0800030c   0x0800030c   0x00000000   Code   RO         1006    .ARM.Collect$$_printf_percent$$00000000  c_w.l(_printf_percent.o)
    0x0800030c   0x0800030c   0x00000006   Code   RO          995    .ARM.Collect$$_printf_percent$$00000001  c_w.l(_printf_n.o)
    0x08000312   0x08000312   0x00000006   Code   RO          997    .ARM.Collect$$_printf_percent$$00000002  c_w.l(_printf_p.o)
    0x08000318   0x08000318   0x00000006   Code   RO         1002    .ARM.Collect$$_printf_percent$$00000003  c_w.l(_printf_f.o)
    0x0800031e   0x0800031e   0x00000006   Code   RO         1003    .ARM.Collect$$_printf_percent$$00000004  c_w.l(_printf_e.o)
    0x08000324   0x08000324   0x00000006   Code   RO         1004    .ARM.Collect$$_printf_percent$$00000005  c_w.l(_printf_g.o)
    0x0800032a   0x0800032a   0x00000006   Code   RO         1005    .ARM.Collect$$_printf_percent$$00000006  c_w.l(_printf_a.o)
    0x08000330   0x08000330   0x0000000a   Code   RO         1010    .ARM.Collect$$_printf_percent$$00000007  c_w.l(_printf_ll.o)
    0x0800033a   0x0800033a   0x00000006   Code   RO          999    .ARM.Collect$$_printf_percent$$00000008  c_w.l(_printf_i.o)
    0x08000340   0x08000340   0x00000006   Code   RO         1000    .ARM.Collect$$_printf_percent$$00000009  c_w.l(_printf_d.o)
    0x08000346   0x08000346   0x00000006   Code   RO         1001    .ARM.Collect$$_printf_percent$$0000000A  c_w.l(_printf_u.o)
    0x0800034c   0x0800034c   0x00000006   Code   RO          998    .ARM.Collect$$_printf_percent$$0000000B  c_w.l(_printf_o.o)
    0x08000352   0x08000352   0x00000006   Code   RO          996    .ARM.Collect$$_printf_percent$$0000000C  c_w.l(_printf_x.o)
    0x08000358   0x08000358   0x00000006   Code   RO         1007    .ARM.Collect$$_printf_percent$$0000000D  c_w.l(_printf_lli.o)
    0x0800035e   0x0800035e   0x00000006   Code   RO         1008    .ARM.Collect$$_printf_percent$$0000000E  c_w.l(_printf_lld.o)
    0x08000364   0x08000364   0x00000006   Code   RO         1009    .ARM.Collect$$_printf_percent$$0000000F  c_w.l(_printf_llu.o)
    0x0800036a   0x0800036a   0x00000006   Code   RO         1014    .ARM.Collect$$_printf_percent$$00000010  c_w.l(_printf_llo.o)
    0x08000370   0x08000370   0x00000006   Code   RO         1015    .ARM.Collect$$_printf_percent$$00000011  c_w.l(_printf_llx.o)
    0x08000376   0x08000376   0x0000000a   Code   RO         1011    .ARM.Collect$$_printf_percent$$00000012  c_w.l(_printf_l.o)
    0x08000380   0x08000380   0x00000006   Code   RO          993    .ARM.Collect$$_printf_percent$$00000013  c_w.l(_printf_c.o)
    0x08000386   0x08000386   0x00000006   Code   RO          994    .ARM.Collect$$_printf_percent$$00000014  c_w.l(_printf_s.o)
    0x0800038c   0x0800038c   0x00000006   Code   RO         1012    .ARM.Collect$$_printf_percent$$00000015  c_w.l(_printf_lc.o)
    0x08000392   0x08000392   0x00000006   Code   RO         1013    .ARM.Collect$$_printf_percent$$00000016  c_w.l(_printf_ls.o)
    0x08000398   0x08000398   0x00000004   Code   RO         1061    .ARM.Collect$$_printf_percent$$00000017  c_w.l(_printf_percent_end.o)
    0x0800039c   0x0800039c   0x00000002   Code   RO         1118    .ARM.Collect$$libinit$$00000000  c_w.l(libinit.o)
    0x0800039e   0x0800039e   0x00000000   Code   RO         1136    .ARM.Collect$$libinit$$00000002  c_w.l(libinit2.o)
    0x0800039e   0x0800039e   0x00000000   Code   RO         1138    .ARM.Collect$$libinit$$00000004  c_w.l(libinit2.o)
    0x0800039e   0x0800039e   0x00000000   Code   RO         1141    .ARM.Collect$$libinit$$0000000A  c_w.l(libinit2.o)
    0x0800039e   0x0800039e   0x00000000   Code   RO         1143    .ARM.Collect$$libinit$$0000000C  c_w.l(libinit2.o)
    0x0800039e   0x0800039e   0x00000000   Code   RO         1145    .ARM.Collect$$libinit$$0000000E  c_w.l(libinit2.o)
    0x0800039e   0x0800039e   0x00000006   Code   RO         1146    .ARM.Collect$$libinit$$0000000F  c_w.l(libinit2.o)
    0x080003a4   0x080003a4   0x00000000   Code   RO         1148    .ARM.Collect$$libinit$$00000011  c_w.l(libinit2.o)
    0x080003a4   0x080003a4   0x0000000c   Code   RO         1149    .ARM.Collect$$libinit$$00000012  c_w.l(libinit2.o)
    0x080003b0   0x080003b0   0x00000000   Code   RO         1150    .ARM.Collect$$libinit$$00000013  c_w.l(libinit2.o)
    0x080003b0   0x080003b0   0x00000000   Code   RO         1152    .ARM.Collect$$libinit$$00000015  c_w.l(libinit2.o)
    0x080003b0   0x080003b0   0x0000000a   Code   RO         1153    .ARM.Collect$$libinit$$00000016  c_w.l(libinit2.o)
    0x080003ba   0x080003ba   0x00000000   Code   RO         1154    .ARM.Collect$$libinit$$00000017  c_w.l(libinit2.o)
    0x080003ba   0x080003ba   0x00000000   Code   RO         1156    .ARM.Collect$$libinit$$00000019  c_w.l(libinit2.o)
    0x080003ba   0x080003ba   0x00000000   Code   RO         1158    .ARM.Collect$$libinit$$0000001B  c_w.l(libinit2.o)
    0x080003ba   0x080003ba   0x00000000   Code   RO         1160    .ARM.Collect$$libinit$$0000001D  c_w.l(libinit2.o)
    0x080003ba   0x080003ba   0x00000000   Code   RO         1162    .ARM.Collect$$libinit$$0000001F  c_w.l(libinit2.o)
    0x080003ba   0x080003ba   0x00000000   Code   RO         1164    .ARM.Collect$$libinit$$00000021  c_w.l(libinit2.o)
    0x080003ba   0x080003ba   0x00000000   Code   RO         1166    .ARM.Collect$$libinit$$00000023  c_w.l(libinit2.o)
    0x080003ba   0x080003ba   0x00000000   Code   RO         1168    .ARM.Collect$$libinit$$00000025  c_w.l(libinit2.o)
    0x080003ba   0x080003ba   0x00000000   Code   RO         1172    .ARM.Collect$$libinit$$0000002C  c_w.l(libinit2.o)
    0x080003ba   0x080003ba   0x00000000   Code   RO         1174    .ARM.Collect$$libinit$$0000002E  c_w.l(libinit2.o)
    0x080003ba   0x080003ba   0x00000000   Code   RO         1176    .ARM.Collect$$libinit$$00000030  c_w.l(libinit2.o)
    0x080003ba   0x080003ba   0x00000000   Code   RO         1178    .ARM.Collect$$libinit$$00000032  c_w.l(libinit2.o)
    0x080003ba   0x080003ba   0x00000002   Code   RO         1179    .ARM.Collect$$libinit$$00000033  c_w.l(libinit2.o)
    0x080003bc   0x080003bc   0x00000002   Code   RO         1203    .ARM.Collect$$libshutdown$$00000000  c_w.l(libshutdown.o)
    0x080003be   0x080003be   0x00000000   Code   RO         1218    .ARM.Collect$$libshutdown$$00000002  c_w.l(libshutdown2.o)
    0x080003be   0x080003be   0x00000000   Code   RO         1220    .ARM.Collect$$libshutdown$$00000004  c_w.l(libshutdown2.o)
    0x080003be   0x080003be   0x00000000   Code   RO         1223    .ARM.Collect$$libshutdown$$00000007  c_w.l(libshutdown2.o)
    0x080003be   0x080003be   0x00000000   Code   RO         1226    .ARM.Collect$$libshutdown$$0000000A  c_w.l(libshutdown2.o)
    0x080003be   0x080003be   0x00000000   Code   RO         1228    .ARM.Collect$$libshutdown$$0000000C  c_w.l(libshutdown2.o)
    0x080003be   0x080003be   0x00000000   Code   RO         1231    .ARM.Collect$$libshutdown$$0000000F  c_w.l(libshutdown2.o)
    0x080003be   0x080003be   0x00000002   Code   RO         1232    .ARM.Collect$$libshutdown$$00000010  c_w.l(libshutdown2.o)
    0x080003c0   0x080003c0   0x00000000   Code   RO          926    .ARM.Collect$$rtentry$$00000000  c_w.l(__rtentry.o)
    0x080003c0   0x080003c0   0x00000000   Code   RO         1030    .ARM.Collect$$rtentry$$00000002  c_w.l(__rtentry2.o)
    0x080003c0   0x080003c0   0x00000006   Code   RO         1042    .ARM.Collect$$rtentry$$00000004  c_w.l(__rtentry4.o)
    0x080003c6   0x080003c6   0x00000000   Code   RO         1032    .ARM.Collect$$rtentry$$00000009  c_w.l(__rtentry2.o)
    0x080003c6   0x080003c6   0x00000004   Code   RO         1033    .ARM.Collect$$rtentry$$0000000A  c_w.l(__rtentry2.o)
    0x080003ca   0x080003ca   0x00000000   Code   RO         1035    .ARM.Collect$$rtentry$$0000000C  c_w.l(__rtentry2.o)
    0x080003ca   0x080003ca   0x00000008   Code   RO         1036    .ARM.Collect$$rtentry$$0000000D  c_w.l(__rtentry2.o)
    0x080003d2   0x080003d2   0x00000002   Code   RO         1126    .ARM.Collect$$rtexit$$00000000  c_w.l(rtexit.o)
    0x080003d4   0x080003d4   0x00000000   Code   RO         1181    .ARM.Collect$$rtexit$$00000002  c_w.l(rtexit2.o)
    0x080003d4   0x080003d4   0x00000004   Code   RO         1182    .ARM.Collect$$rtexit$$00000003  c_w.l(rtexit2.o)
    0x080003d8   0x080003d8   0x00000006   Code   RO         1183    .ARM.Collect$$rtexit$$00000004  c_w.l(rtexit2.o)
    0x080003de   0x080003de   0x00000002   PAD
    0x080003e0   0x080003e0   0x00000040   Code   RO            4    .text               startup_stm32h743xx.o
    0x08000420   0x08000420   0x00000018   Code   RO          896    .text               c_w.l(printf.o)
    0x08000438   0x08000438   0x0000004e   Code   RO          898    .text               c_w.l(rt_memclr_w.o)
    0x08000486   0x08000486   0x00000006   Code   RO          900    .text               c_w.l(heapauxi.o)
    0x0800048c   0x0800048c   0x0000004e   Code   RO          929    .text               c_w.l(_printf_pad.o)
    0x080004da   0x080004da   0x00000024   Code   RO          931    .text               c_w.l(_printf_truncate.o)
    0x080004fe   0x080004fe   0x00000052   Code   RO          933    .text               c_w.l(_printf_str.o)
    0x08000550   0x08000550   0x00000078   Code   RO          935    .text               c_w.l(_printf_dec.o)
    0x080005c8   0x080005c8   0x00000028   Code   RO          937    .text               c_w.l(_printf_charcount.o)
    0x080005f0   0x080005f0   0x00000024   Code   RO          939    .text               c_w.l(_printf_char_file.o)
    0x08000614   0x08000614   0x000000bc   Code   RO          941    .text               c_w.l(_printf_wctomb.o)
    0x080006d0   0x080006d0   0x0000007c   Code   RO          944    .text               c_w.l(_printf_longlong_dec.o)
    0x0800074c   0x0800074c   0x00000070   Code   RO          950    .text               c_w.l(_printf_oct_int_ll.o)
    0x080007bc   0x080007bc   0x00000094   Code   RO          970    .text               c_w.l(_printf_hex_int_ll_ptr.o)
    0x08000850   0x08000850   0x00000188   Code   RO          990    .text               c_w.l(__printf_flags_ss_wp.o)
    0x080009d8   0x080009d8   0x0000008a   Code   RO         1044    .text               c_w.l(lludiv10.o)
    0x08000a62   0x08000a62   0x000000b2   Code   RO         1046    .text               c_w.l(_printf_intcommon.o)
    0x08000b14   0x08000b14   0x0000041c   Code   RO         1048    .text               c_w.l(_printf_fp_dec.o)
    0x08000f30   0x08000f30   0x000002fc   Code   RO         1052    .text               c_w.l(_printf_fp_hex.o)
    0x0800122c   0x0800122c   0x00000030   Code   RO         1055    .text               c_w.l(_printf_char_common.o)
    0x0800125c   0x0800125c   0x0000002c   Code   RO         1057    .text               c_w.l(_printf_char.o)
    0x08001288   0x08001288   0x0000002c   Code   RO         1059    .text               c_w.l(_printf_wchar.o)
    0x080012b4   0x080012b4   0x00000008   Code   RO         1062    .text               c_w.l(ferror.o)
    0x080012bc   0x080012bc   0x00000048   Code   RO         1066    .text               c_w.l(_c16rtomb.o)
    0x08001304   0x08001304   0x0000004a   Code   RO         1068    .text               c_w.l(sys_stackheap_outer.o)
    0x0800134e   0x0800134e   0x00000002   PAD
    0x08001350   0x08001350   0x00000010   Code   RO         1070    .text               c_w.l(rt_ctype_table.o)
    0x08001360   0x08001360   0x00000008   Code   RO         1075    .text               c_w.l(rt_locale_intlibspace.o)
    0x08001368   0x08001368   0x00000080   Code   RO         1077    .text               c_w.l(_printf_fp_infnan.o)
    0x080013e8   0x080013e8   0x000000e4   Code   RO         1081    .text               c_w.l(bigflt0.o)
    0x080014cc   0x080014cc   0x00000012   Code   RO         1111    .text               c_w.l(exit.o)
    0x080014de   0x080014de   0x00000002   PAD
    0x080014e0   0x080014e0   0x00000008   Code   RO         1123    .text               c_w.l(libspace.o)
    0x080014e8   0x080014e8   0x0000007c   Code   RO         1133    .text               c_w.l(strcmpv7m_pel.o)
    0x08001564   0x08001564   0x0000000c   Code   RO         1193    .text               c_w.l(sys_exit.o)
    0x08001570   0x08001570   0x00000002   Code   RO         1208    .text               c_w.l(use_no_semi.o)
    0x08001572   0x08001572   0x00000000   Code   RO         1210    .text               c_w.l(indicate_semi.o)
    0x08001572   0x08001572   0x00000006   PAD
    0x08001578   0x08001578   0x00000004   Code   RO           21    .text.Error_Handler  main.o
    0x0800157c   0x0800157c   0x00000004   PAD
    0x08001580   0x08001580   0x00000042   Code   RO          621    .text.HAL_Delay     stm32h7xx_hal.o
    0x080015c2   0x080015c2   0x00000006   PAD
    0x080015c8   0x080015c8   0x000003d2   Code   RO          307    .text.HAL_GPIO_Init  stm32h7xx_hal_gpio.o
    0x0800199a   0x0800199a   0x00000006   PAD
    0x080019a0   0x080019a0   0x0000002c   Code   RO          313    .text.HAL_GPIO_WritePin  stm32h7xx_hal_gpio.o
    0x080019cc   0x080019cc   0x00000004   PAD
    0x080019d0   0x080019d0   0x0000000c   Code   RO          613    .text.HAL_GetTick   stm32h7xx_hal.o
    0x080019dc   0x080019dc   0x00000004   PAD
    0x080019e0   0x080019e0   0x0000001a   Code   RO          611    .text.HAL_IncTick   stm32h7xx_hal.o
    0x080019fa   0x080019fa   0x00000006   PAD
    0x08001a00   0x08001a00   0x00000030   Code   RO          601    .text.HAL_Init      stm32h7xx_hal.o
    0x08001a30   0x08001a30   0x00000070   Code   RO          603    .text.HAL_InitTick  stm32h7xx_hal.o
    0x08001aa0   0x08001aa0   0x00000024   Code   RO           41    .text.HAL_MspInit   stm32h7xx_hal_msp.o
    0x08001ac4   0x08001ac4   0x00000004   PAD
    0x08001ac8   0x08001ac8   0x0000002e   Code   RO           53    .text.HAL_NVIC_SetPriority  stm32h7xx_hal_cortex.o
    0x08001af6   0x08001af6   0x00000002   PAD
    0x08001af8   0x08001af8   0x00000010   Code   RO           49    .text.HAL_NVIC_SetPriorityGrouping  stm32h7xx_hal_cortex.o
    0x08001b08   0x08001b08   0x0000004c   Code   RO          177    .text.HAL_RCCEx_GetD1SysClockFreq  stm32h7xx_hal_rcc_ex.o
    0x08001b54   0x08001b54   0x00000004   PAD
    0x08001b58   0x08001b58   0x00000378   Code   RO          128    .text.HAL_RCC_ClockConfig  stm32h7xx_hal_rcc.o
    0x08001ed0   0x08001ed0   0x0000004a   Code   RO          136    .text.HAL_RCC_GetHCLKFreq  stm32h7xx_hal_rcc.o
    0x08001f1a   0x08001f1a   0x00000006   PAD
    0x08001f20   0x08001f20   0x00000310   Code   RO          130    .text.HAL_RCC_GetSysClockFreq  stm32h7xx_hal_rcc.o
    0x08002230   0x08002230   0x0000096a   Code   RO          126    .text.HAL_RCC_OscConfig  stm32h7xx_hal_rcc.o
    0x08002b9a   0x08002b9a   0x00000006   PAD
    0x08002ba0   0x08002ba0   0x00000010   Code   RO           73    .text.HAL_SYSTICK_Config  stm32h7xx_hal_cortex.o
    0x08002bb0   0x08002bb0   0x00000044   Code   RO           13    .text.ITM_SendChar  main.o
    0x08002bf4   0x08002bf4   0x00000004   PAD
    0x08002bf8   0x08002bf8   0x00000224   Code   RO           19    .text.MX_GPIO_Init  main.o
    0x08002e1c   0x08002e1c   0x00000004   PAD
    0x08002e20   0x08002e20   0x0000006c   Code   RO           59    .text.NVIC_EncodePriority  stm32h7xx_hal_cortex.o
    0x08002e8c   0x08002e8c   0x00000004   PAD
    0x08002e90   0x08002e90   0x00000052   Code   RO           75    .text.SysTick_Config  stm32h7xx_hal_cortex.o
    0x08002ee2   0x08002ee2   0x00000006   PAD
    0x08002ee8   0x08002ee8   0x00000008   Code   RO           33    .text.SysTick_Handler  stm32h7xx_it.o
    0x08002ef0   0x08002ef0   0x000000d8   Code   RO           17    .text.SystemClock_Config  main.o
    0x08002fc8   0x08002fc8   0x000000c6   Code   RO          881    .text.SystemInit    system_stm32h7xx.o
    0x0800308e   0x0800308e   0x00000002   PAD
    0x08003090   0x08003090   0x00000010   Code   RO           55    .text.__NVIC_GetPriorityGrouping  stm32h7xx_hal_cortex.o
    0x080030a0   0x080030a0   0x00000042   Code   RO           57    .text.__NVIC_SetPriority  stm32h7xx_hal_cortex.o
    0x080030e2   0x080030e2   0x00000006   PAD
    0x080030e8   0x080030e8   0x0000003c   Code   RO           51    .text.__NVIC_SetPriorityGrouping  stm32h7xx_hal_cortex.o
    0x08003124   0x08003124   0x00000004   PAD
    0x08003128   0x08003128   0x00000012   Code   RO           11    .text.fputc         main.o
    0x0800313a   0x0800313a   0x00000006   PAD
    0x08003140   0x08003140   0x000002dc   Code   RO           15    .text.main          main.o
    0x0800341c   0x0800341c   0x0000003e   Code   RO         1084    CL$$btod_d2e        c_w.l(btod.o)
    0x0800345a   0x0800345a   0x00000046   Code   RO         1086    CL$$btod_d2e_denorm_low  c_w.l(btod.o)
    0x080034a0   0x080034a0   0x00000060   Code   RO         1085    CL$$btod_d2e_norm_op1  c_w.l(btod.o)
    0x08003500   0x08003500   0x00000338   Code   RO         1094    CL$$btod_div_common  c_w.l(btod.o)
    0x08003838   0x08003838   0x000000dc   Code   RO         1091    CL$$btod_e2e        c_w.l(btod.o)
    0x08003914   0x08003914   0x0000002a   Code   RO         1088    CL$$btod_ediv       c_w.l(btod.o)
    0x0800393e   0x0800393e   0x0000002a   Code   RO         1087    CL$$btod_emul       c_w.l(btod.o)
    0x08003968   0x08003968   0x00000244   Code   RO         1093    CL$$btod_mult_common  c_w.l(btod.o)
    0x08003bac   0x08003bac   0x00000028   Code   RO         1121    i.__ARM_fpclassify  m_ws.l(fpclassify.o)
    0x08003bd4   0x08003bd4   0x0000000e   Code   RO          983    i._is_digit         c_w.l(__printf_wp.o)
    0x08003be2   0x08003be2   0x00000002   PAD
    0x08003be4   0x08003be4   0x0000002c   Code   RO         1109    locale$$code        c_w.l(lc_numeric_c.o)
    0x08003c10   0x08003c10   0x0000002c   Code   RO         1131    locale$$code        c_w.l(lc_ctype_c.o)
    0x08003c3c   0x08003c3c   0x000000c4   Code   RO          904    x$fpl$fadd          fz_ws.l(faddsub_clz.o)
    0x08003d00   0x08003d00   0x00000184   Code   RO          911    x$fpl$fdiv          fz_ws.l(fdiv.o)
    0x08003e84   0x08003e84   0x0000003e   Code   RO          914    x$fpl$ffixu         fz_ws.l(ffixu.o)
    0x08003ec2   0x08003ec2   0x00000002   PAD
    0x08003ec4   0x08003ec4   0x00000026   Code   RO          918    x$fpl$ffltu         fz_ws.l(fflt_clz.o)
    0x08003eea   0x08003eea   0x00000002   PAD
    0x08003eec   0x08003eec   0x00000102   Code   RO          924    x$fpl$fmul          fz_ws.l(fmul.o)
    0x08003fee   0x08003fee   0x0000008c   Code   RO         1016    x$fpl$fnaninf       fz_ws.l(fnaninf.o)
    0x0800407a   0x0800407a   0x0000000a   Code   RO         1018    x$fpl$fretinf       fz_ws.l(fretinf.o)
    0x08004084   0x08004084   0x000000ea   Code   RO          906    x$fpl$fsub          fz_ws.l(faddsub_clz.o)
    0x0800416e   0x0800416e   0x00000004   Code   RO         1020    x$fpl$printf1       fz_ws.l(printf1.o)
    0x08004172   0x08004172   0x00000004   Code   RO         1022    x$fpl$printf2       fz_ws.l(printf2.o)
    0x08004176   0x08004176   0x00000000   Code   RO         1028    x$fpl$usenofp       fz_ws.l(usenofp.o)
    0x08004176   0x08004176   0x00000002   PAD
    0x08004178   0x08004178   0x00000008   Data   RO          942    .constdata          c_w.l(_printf_wctomb.o)
    0x08004180   0x08004180   0x00000028   Data   RO          971    .constdata          c_w.l(_printf_hex_int_ll_ptr.o)
    0x080041a8   0x080041a8   0x00000011   Data   RO          991    .constdata          c_w.l(__printf_flags_ss_wp.o)
    0x080041b9   0x080041b9   0x00000026   Data   RO         1053    .constdata          c_w.l(_printf_fp_hex.o)
    0x080041df   0x080041df   0x00000001   PAD
    0x080041e0   0x080041e0   0x00000094   Data   RO         1082    .constdata          c_w.l(bigflt0.o)
    0x08004274   0x08004274   0x00000010   Data   RO          887    .rodata.D1CorePrescTable  system_stm32h7xx.o
    0x08004284   0x08004284   0x000000ed   Data   RO           23    .rodata.str1.1      main.o
    0x08004371   0x08004371   0x00000003   PAD
    0x08004374   0x08004374   0x00000020   Data   RO         1266    Region$$Table       anon$$obj.o
    0x08004394   0x08004394   0x0000001c   Data   RO         1108    locale$$data        c_w.l(lc_numeric_c.o)
    0x080043b0   0x080043b0   0x00000110   Data   RO         1130    locale$$data        c_w.l(lc_ctype_c.o)


    Execution Region RW_IRAM1 (Exec base: 0x20000000, Load base: 0x080044c0, Size: 0x000008c8, Max: 0x00020000, ABSOLUTE)

    Exec Addr    Load Addr    Size         Type   Attr      Idx    E Section Name        Object

    0x20000000   0x080044c0   0x00000004   Data   RW          885    .data.SystemCoreClock  system_stm32h7xx.o
    0x20000004   0x080044c4   0x00000004   Data   RW          886    .data.SystemD2Clock  system_stm32h7xx.o
    0x20000008   0x080044c8   0x00000001   Data   RW          699    .data.uwTickFreq    stm32h7xx_hal.o
    0x20000009   0x080044c9   0x00000003   PAD
    0x2000000c   0x080044cc   0x00000004   Data   RW          700    .data.uwTickPrio    stm32h7xx_hal.o
    0x20000010        -       0x00000060   Zero   RW         1124    .bss                c_w.l(libspace.o)
    0x20000070        -       0x00000054   Zero   RW           24    .bss.__stdout       main.o
    0x200000c4        -       0x00000004   Zero   RW          701    .bss.uwTick         stm32h7xx_hal.o
    0x200000c8        -       0x00000400   Zero   RW            2    HEAP                startup_stm32h743xx.o
    0x200004c8        -       0x00000400   Zero   RW            1    STACK               startup_stm32h743xx.o


==============================================================================

Image component sizes


      Code (inc. data)   RO Data    RW Data    ZI Data      Debug   Object Name

      1586          0        237          0         84       7252   main.o
        64         26        664          0       2048        840   startup_stm32h743xx.o
       264          0          0          5          4      13801   stm32h7xx_hal.o
       410          0          0          0          0      11393   stm32h7xx_hal_cortex.o
      1022          0          0          0          0       6970   stm32h7xx_hal_gpio.o
        36          0          0          0          0       2258   stm32h7xx_hal_msp.o
      4156         50          0          0          0      11738   stm32h7xx_hal_rcc.o
        76          0          0          0          0      17144   stm32h7xx_hal_rcc_ex.o
         8          0          0          0          0        420   stm32h7xx_it.o
       198          0         16          8          0       4519   system_stm32h7xx.o

    ----------------------------------------------------------------------
      7908         76        952         16       2136      76335   Object Totals
         0          0         32          0          0          0   (incl. Generated)
        88          0          3          3          0          0   (incl. Padding)

    ----------------------------------------------------------------------

      Code (inc. data)   RO Data    RW Data    ZI Data      Debug   Library Member Name

         8          0          0          0          0         68   __main.o
       392          4         17          0          0         92   __printf_flags_ss_wp.o
        14          0          0          0          0         68   __printf_wp.o
         0          0          0          0          0          0   __rtentry.o
        12          0          0          0          0          0   __rtentry2.o
         6          0          0          0          0          0   __rtentry4.o
        52          8          0          0          0          0   __scatter.o
        26          0          0          0          0          0   __scatter_copy.o
        28          0          0          0          0          0   __scatter_zi.o
        72          0          0          0          0         96   _c16rtomb.o
         6          0          0          0          0          0   _printf_a.o
         6          0          0          0          0          0   _printf_c.o
        44          0          0          0          0        108   _printf_char.o
        48          6          0          0          0         96   _printf_char_common.o
        36          4          0          0          0         80   _printf_char_file.o
        40          0          0          0          0         68   _printf_charcount.o
         6          0          0          0          0          0   _printf_d.o
       120         16          0          0          0         92   _printf_dec.o
         6          0          0          0          0          0   _printf_e.o
         6          0          0          0          0          0   _printf_f.o
      1052          0          0          0          0        148   _printf_fp_dec.o
       764          8         38          0          0        100   _printf_fp_hex.o
       128         16          0          0          0         84   _printf_fp_infnan.o
         6          0          0          0          0          0   _printf_g.o
       148          4         40          0          0        160   _printf_hex_int_ll_ptr.o
         6          0          0          0          0          0   _printf_i.o
       178          0          0          0          0         88   _printf_intcommon.o
        10          0          0          0          0          0   _printf_l.o
         6          0          0          0          0          0   _printf_lc.o
        10          0          0          0          0          0   _printf_ll.o
         6          0          0          0          0          0   _printf_lld.o
         6          0          0          0          0          0   _printf_lli.o
         6          0          0          0          0          0   _printf_llo.o
         6          0          0          0          0          0   _printf_llu.o
         6          0          0          0          0          0   _printf_llx.o
       124         16          0          0          0         92   _printf_longlong_dec.o
         6          0          0          0          0          0   _printf_ls.o
         6          0          0          0          0          0   _printf_n.o
         6          0          0          0          0          0   _printf_o.o
       112          8          0          0          0        124   _printf_oct_int_ll.o
         6          0          0          0          0          0   _printf_p.o
        78          0          0          0          0        108   _printf_pad.o
         0          0          0          0          0          0   _printf_percent.o
         4          0          0          0          0          0   _printf_percent_end.o
         6          0          0          0          0          0   _printf_s.o
        82          0          0          0          0         80   _printf_str.o
        36          0          0          0          0         84   _printf_truncate.o
         6          0          0          0          0          0   _printf_u.o
        44          0          0          0          0        108   _printf_wchar.o
       188          6          8          0          0         92   _printf_wctomb.o
         6          0          0          0          0          0   _printf_x.o
       228          4        148          0          0         96   bigflt0.o
      1936        128          0          0          0        668   btod.o
        18          0          0          0          0         80   exit.o
         8          0          0          0          0         68   ferror.o
         6          0          0          0          0        152   heapauxi.o
         0          0          0          0          0          0   indicate_semi.o
        44         10        272          0          0         76   lc_ctype_c.o
        44         10         28          0          0         76   lc_numeric_c.o
         2          0          0          0          0          0   libinit.o
        30          0          0          0          0          0   libinit2.o
         2          0          0          0          0          0   libshutdown.o
         2          0          0          0          0          0   libshutdown2.o
         8          4          0          0         96         68   libspace.o
       138          0          0          0          0         80   lludiv10.o
        24          4          0          0          0         84   printf.o
        16          4          0          0          0         76   rt_ctype_table.o
         8          4          0          0          0         68   rt_locale_intlibspace.o
        78          0          0          0          0         80   rt_memclr_w.o
         2          0          0          0          0          0   rtexit.o
        10          0          0          0          0          0   rtexit2.o
       124          0          0          0          0         88   strcmpv7m_pel.o
        12          4          0          0          0         68   sys_exit.o
        74          0          0          0          0         80   sys_stackheap_outer.o
         2          0          0          0          0         68   use_no_semi.o
       430          8          0          0          0        168   faddsub_clz.o
       388         76          0          0          0         96   fdiv.o
        62          4          0          0          0         84   ffixu.o
        38          0          0          0          0         68   fflt_clz.o
       258          4          0          0          0         84   fmul.o
       140          4          0          0          0         84   fnaninf.o
        10          0          0          0          0         68   fretinf.o
         4          0          0          0          0         68   printf1.o
         4          0          0          0          0         68   printf2.o
         0          0          0          0          0          0   usenofp.o
        40          0          0          0          0         68   fpclassify.o

    ----------------------------------------------------------------------
      8188        364        552          0         96       4868   Library Totals
        22          0          1          0          0          0   (incl. Padding)

    ----------------------------------------------------------------------

      Code (inc. data)   RO Data    RW Data    ZI Data      Debug   Library Name

      6792        268        551          0         96       4012   c_w.l
      1334         96          0          0          0        788   fz_ws.l
        40          0          0          0          0         68   m_ws.l

    ----------------------------------------------------------------------
      8188        364        552          0         96       4868   Library Totals

    ----------------------------------------------------------------------

==============================================================================


      Code (inc. data)   RO Data    RW Data    ZI Data      Debug   

     16096        440       1504         16       2232      78387   Grand Totals
     16096        440       1504         16       2232      78387   ELF Image Totals
     16096        440       1504         16          0          0   ROM Totals

==============================================================================

    Total RO  Size (Code + RO Data)                17600 (  17.19kB)
    Total RW  Size (RW Data + ZI Data)              2248 (   2.20kB)
    Total ROM Size (Code + RO Data + RW Data)      17616 (  17.20kB)

==============================================================================

